Archive member included to satisfy reference by file (symbol)

/home/lolren/.cache/arduino/sketches/B2331C0E26E6ACE6E48102A02F83FF1E/core/core.a(HardwareSerial.cpp.o)
                              /home/lolren/.cache/arduino/sketches/B2331C0E26E6ACE6E48102A02F83FF1E/sketch/BlePairingEncryptionStatus.ino.cpp.o (HardwareSerial::begin(unsigned long))
/home/lolren/.cache/arduino/sketches/B2331C0E26E6ACE6E48102A02F83FF1E/core/core.a(Print.cpp.o)
                              /home/lolren/.cache/arduino/sketches/B2331C0E26E6ACE6E48102A02F83FF1E/sketch/BlePairingEncryptionStatus.ino.cpp.o (Print::print(char const*))
/home/lolren/.cache/arduino/sketches/B2331C0E26E6ACE6E48102A02F83FF1E/core/core.a(main.cpp.o)
                              /home/lolren/.arduino15/packages/adafruit/tools/arm-none-eabi-gcc/9-2019q4/bin/../lib/gcc/arm-none-eabi/9.2.1/../../../../arm-none-eabi/lib/thumb/v8-m.main/nofp/crt0.o (main)
/home/lolren/.cache/arduino/sketches/B2331C0E26E6ACE6E48102A02F83FF1E/core/core.a(new.cpp.o)
                              /home/lolren/.cache/arduino/sketches/B2331C0E26E6ACE6E48102A02F83FF1E/core/core.a(HardwareSerial.cpp.o) (operator delete(void*))
/home/lolren/.cache/arduino/sketches/B2331C0E26E6ACE6E48102A02F83FF1E/core/core.a(startup_nrf54l15.S.o)
                              (Reset_Handler)
/home/lolren/.cache/arduino/sketches/B2331C0E26E6ACE6E48102A02F83FF1E/core/core.a(wiring_digital.c.o)
                              /home/lolren/.cache/arduino/sketches/B2331C0E26E6ACE6E48102A02F83FF1E/core/core.a(startup_nrf54l15.S.o) (GPIOTE20_0_IRQHandler)
/home/lolren/.cache/arduino/sketches/B2331C0E26E6ACE6E48102A02F83FF1E/core/core.a(wiring_time.c.o)
                              /home/lolren/.cache/arduino/sketches/B2331C0E26E6ACE6E48102A02F83FF1E/core/core.a(startup_nrf54l15.S.o) (SysTick_Handler)
/home/lolren/.cache/arduino/sketches/B2331C0E26E6ACE6E48102A02F83FF1E/core/core.a(idle_service.cpp.o)
                              /home/lolren/.cache/arduino/sketches/B2331C0E26E6ACE6E48102A02F83FF1E/core/core.a(main.cpp.o) (nrf54l15_clean_idle_service)
/home/lolren/.cache/arduino/sketches/B2331C0E26E6ACE6E48102A02F83FF1E/core/core.a(system_nrf54l15.c.o)
                              /home/lolren/.cache/arduino/sketches/B2331C0E26E6ACE6E48102A02F83FF1E/core/core.a(wiring_time.c.o) (SystemCoreClockUpdate)
/home/lolren/.arduino15/packages/adafruit/tools/arm-none-eabi-gcc/9-2019q4/bin/../lib/gcc/arm-none-eabi/9.2.1/thumb/v8-m.main/nofp/libgcc.a(_arm_muldf3.o)
                              /home/lolren/.cache/arduino/sketches/B2331C0E26E6ACE6E48102A02F83FF1E/libraries/Nrf54L15-Clean-Implementation/nrf54l15_hal.cpp.o (__aeabi_dmul)
/home/lolren/.arduino15/packages/adafruit/tools/arm-none-eabi-gcc/9-2019q4/bin/../lib/gcc/arm-none-eabi/9.2.1/thumb/v8-m.main/nofp/libgcc.a(_arm_addsubdf3.o)
                              /home/lolren/.cache/arduino/sketches/B2331C0E26E6ACE6E48102A02F83FF1E/libraries/Nrf54L15-Clean-Implementation/nrf54l15_hal.cpp.o (__aeabi_dadd)
/home/lolren/.arduino15/packages/adafruit/tools/arm-none-eabi-gcc/9-2019q4/bin/../lib/gcc/arm-none-eabi/9.2.1/thumb/v8-m.main/nofp/libgcc.a(_arm_muldivdf3.o)
                              /home/lolren/.cache/arduino/sketches/B2331C0E26E6ACE6E48102A02F83FF1E/libraries/Nrf54L15-Clean-Implementation/nrf54l15_hal.cpp.o (__aeabi_ddiv)
/home/lolren/.arduino15/packages/adafruit/tools/arm-none-eabi-gcc/9-2019q4/bin/../lib/gcc/arm-none-eabi/9.2.1/thumb/v8-m.main/nofp/libgcc.a(_arm_fixdfsi.o)
                              /home/lolren/.cache/arduino/sketches/B2331C0E26E6ACE6E48102A02F83FF1E/libraries/Nrf54L15-Clean-Implementation/nrf54l15_hal.cpp.o (__aeabi_d2iz)
/home/lolren/.arduino15/packages/adafruit/tools/arm-none-eabi-gcc/9-2019q4/bin/../lib/gcc/arm-none-eabi/9.2.1/thumb/v8-m.main/nofp/libgcc.a(_aeabi_ldivmod.o)
                              /home/lolren/.cache/arduino/sketches/B2331C0E26E6ACE6E48102A02F83FF1E/libraries/Nrf54L15-Clean-Implementation/nrf54l15_hal.cpp.o (__aeabi_ldivmod)
/home/lolren/.arduino15/packages/adafruit/tools/arm-none-eabi-gcc/9-2019q4/bin/../lib/gcc/arm-none-eabi/9.2.1/thumb/v8-m.main/nofp/libgcc.a(_aeabi_uldivmod.o)
                              /home/lolren/.cache/arduino/sketches/B2331C0E26E6ACE6E48102A02F83FF1E/libraries/Nrf54L15-Clean-Implementation/nrf54l15_hal.cpp.o (__aeabi_uldivmod)
/home/lolren/.arduino15/packages/adafruit/tools/arm-none-eabi-gcc/9-2019q4/bin/../lib/gcc/arm-none-eabi/9.2.1/thumb/v8-m.main/nofp/libgcc.a(_udivmoddi4.o)
                              /home/lolren/.arduino15/packages/adafruit/tools/arm-none-eabi-gcc/9-2019q4/bin/../lib/gcc/arm-none-eabi/9.2.1/thumb/v8-m.main/nofp/libgcc.a(_aeabi_ldivmod.o) (__udivmoddi4)
/home/lolren/.arduino15/packages/adafruit/tools/arm-none-eabi-gcc/9-2019q4/bin/../lib/gcc/arm-none-eabi/9.2.1/thumb/v8-m.main/nofp/libgcc.a(_dvmd_tls.o)
[...]
Memory Configuration

Name             Origin             Length             Attributes
FLASH            0x0000000000000000 0x0000000000080000 xr
RAM              0x0000000020000000 0x0000000000010000 xrw
*default*        0x0000000000000000 0xffffffffffffffff

Linker script and memory map

LOAD /home/lolren/.arduino15/packages/adafruit/tools/arm-none-eabi-gcc/9-2019q4/bin/../lib/gcc/arm-none-eabi/9.2.1/thumb/v8-m.main/nofp/crti.o
LOAD /home/lolren/.arduino15/packages/adafruit/tools/arm-none-eabi-gcc/9-2019q4/bin/../lib/gcc/arm-none-eabi/9.2.1/thumb/v8-m.main/nofp/crtbegin.o
LOAD /home/lolren/.arduino15/packages/adafruit/tools/arm-none-eabi-gcc/9-2019q4/bin/../lib/gcc/arm-none-eabi/9.2.1/../../../../arm-none-eabi/lib/thumb/v8-m.main/nofp/crt0.o
LOAD /home/lolren/.cache/arduino/sketches/B2331C0E26E6ACE6E48102A02F83FF1E/sketch/BlePairingEncryptionStatus.ino.cpp.o
LOAD /home/lolren/.cache/arduino/sketches/B2331C0E26E6ACE6E48102A02F83FF1E/libraries/Nrf54L15-Clean-Implementation/nrf54l15_hal.cpp.o
LOAD /home/lolren/.cache/arduino/sketches/B2331C0E26E6ACE6E48102A02F83FF1E/core/variant.cpp.o
START GROUP
LOAD /home/lolren/.cache/arduino/sketches/B2331C0E26E6ACE6E48102A02F83FF1E/core/core.a
LOAD /home/lolren/.arduino15/packages/adafruit/tools/arm-none-eabi-gcc/9-2019q4/bin/../lib/gcc/arm-none-eabi/9.2.1/../../../../arm-none-eabi/lib/thumb/v8-m.main/nofp/libm.a
END GROUP
START GROUP
LOAD /home/lolren/.arduino15/packages/adafruit/tools/arm-none-eabi-gcc/9-2019q4/bin/../lib/gcc/arm-none-eabi/9.2.1/thumb/v8-m.main/nofp/libgcc.a
LOAD /home/lolren/.arduino15/packages/adafruit/tools/arm-none-eabi-gcc/9-2019q4/bin/../lib/gcc/arm-none-eabi/9.2.1/../../../../arm-none-eabi/lib/thumb/v8-m.main/nofp/libc_nano.a
END GROUP
START GROUP
LOAD /home/lolren/.arduino15/packages/adafruit/tools/arm-none-eabi-gcc/9-2019q4/bin/../lib/gcc/arm-none-eabi/9.2.1/thumb/v8-m.main/nofp/libgcc.a
LOAD /home/lolren/.arduino15/packages/adafruit/tools/arm-none-eabi-gcc/9-2019q4/bin/../lib/gcc/arm-none-eabi/9.2.1/../../../../arm-none-eabi/lib/thumb/v8-m.main/nofp/libc_nano.a
LOAD /home/lolren/.arduino15/packages/adafruit/tools/arm-none-eabi-gcc/9-2019q4/bin/../lib/gcc/arm-none-eabi/9.2.1/../../../../arm-none-eabi/lib/thumb/v8-m.main/nofp/libnosys.a
END GROUP
START GROUP
LOAD /home/lolren/.arduino15/packages/adafruit/tools/arm-none-eabi-gcc/9-2019q4/bin/../lib/gcc/arm-none-eabi/9.2.1/thumb/v8-m.main/nofp/libgcc.a
LOAD /home/lolren/.arduino15/packages/adafruit/tools/arm-none-eabi-gcc/9-2019q4/bin/../lib/gcc/arm-none-eabi/9.2.1/../../../../arm-none-eabi/lib/thumb/v8-m.main/nofp/libc_nano.a
LOAD /home/lolren/.arduino15/packages/adafruit/tools/arm-none-eabi-gcc/9-2019q4/bin/../lib/gcc/arm-none-eabi/9.2.1/../../../../arm-none-eabi/lib/thumb/v8-m.main/nofp/libnosys.a
END GROUP
LOAD /home/lolren/.arduino15/packages/adafruit/tools/arm-none-eabi-gcc/9-2019q4/bin/../lib/gcc/arm-none-eabi/9.2.1/thumb/v8-m.main/nofp/crtend.o
LOAD /home/lolren/.arduino15/packages/adafruit/tools/arm-none-eabi-gcc/9-2019q4/bin/../lib/gcc/arm-none-eabi/9.2.1/thumb/v8-m.main/nofp/crtn.o
                0x0000000000001000                __stack_size__ = 0x1000
                0x0000000000001000                __heap_size__ = 0x1000

.isr_vector     0x0000000000000000      0x400
                0x0000000000000000                . = ALIGN (0x4)
 *(.isr_vector)
 .isr_vector    0x0000000000000000      0x400 /home/lolren/.cache/arduino/sketches/B2331C0E26E6ACE6E48102A02F83FF1E/core/core.a(startup_nrf54l15.S.o)
                0x0000000000000000                g_pfnVectors
                0x0000000000000400                . = ALIGN (0x4)

.text           0x0000000000000400     0x4f44
                0x0000000000000400                . = ALIGN (0x4)
 *(.text)
 .text          0x0000000000000400       0x40 /home/lolren/.arduino15/packages/adafruit/tools/arm-none-eabi-gcc/9-2019q4/bin/../lib/gcc/arm-none-eabi/9.2.1/thumb/v8-m.main/nofp/crtbegin.o
 .text          0x0000000000000440       0x10 /home/lolren/.arduino15/packages/adafruit/tools/arm-none-eabi-gcc/9-2019q4/bin/../lib/gcc/arm-none-eabi/9.2.1/../../../../arm-none-eabi/lib/thumb/v8-m.main/nofp/libc_nano.a(lib_a-strlen.o)
                0x0000000000000440                strlen
 *(.text*)
 .text._ZL10onBleTracePKcPv
                0x0000000000000450       0x30 /home/lolren/.cache/arduino/sketches/B2331C0E26E6ACE6E48102A02F83FF1E/sketch/BlePairingEncryptionStatus.ino.cpp.o
 .text.setup    0x0000000000000480      0x154 /home/lolren/.cache/arduino/sketches/B2331C0E26E6ACE6E48102A02F83FF1E/sketch/BlePairingEncryptionStatus.ino.cpp.o
                0x0000000000000480                setup
 .text.loop     0x00000000000005d4      0x324 /home/lolren/.cache/arduino/sketches/B2331C0E26E6ACE6E48102A02F83FF1E/sketch/BlePairingEncryptionStatus.ino.cpp.o
                0x00000000000005d4                loop
 .text.startup._GLOBAL__sub_I_setup
                0x00000000000008f8       0x34 /home/lolren/.cache/arduino/sketches/B2331C0E26E6ACE6E48102A02F83FF1E/sketch/BlePairingEncryptionStatus.ino.cpp.o
 .text._ZN12_GLOBAL__N_18readLe32EPKh
                0x000000000000092c        0x4 /home/lolren/.cache/arduino/sketches/B2331C0E26E6ACE6E48102A02F83FF1E/libraries/Nrf54L15-Clean-Implementation/nrf54l15_hal.cpp.o
 .text._ZN12_GLOBAL__N_19writeLe16EPht
                0x0000000000000930        0xa /home/lolren/.cache/arduino/sketches/B2331C0E26E6ACE6E48102A02F83FF1E/libraries/Nrf54L15-Clean-Implementation/nrf54l15_hal.cpp.o
 .text._ZN12_GLOBAL__N_114aesAddRoundKeyEhPA4_A4_hPKh
                0x000000000000093a       0x2e /home/lolren/.cache/arduino/sketches/B2331C0E26E6ACE6E48102A02F83FF1E/libraries/Nrf54L15-Clean-Implementation/nrf54l15_hal.cpp.o
 .text._ZN12_GLOBAL__N_119remapChannelByIndexEPKhh
                0x0000000000000968       0x36 /home/lolren/.cache/arduino/sketches/B2331C0E26E6ACE6E48102A02F83FF1E/libraries/Nrf54L15-Clean-Implementation/nrf54l15_hal.cpp.o
 .text._ZN12_GLOBAL__N_111bleReverse8Eh
                0x000000000000099e       0x26 /home/lolren/.cache/arduino/sketches/B2331C0E26E6ACE6E48102A02F83FF1E/libraries/Nrf54L15-Clean-Implementation/nrf54l15_hal.cpp.o
 .text._ZN12_GLOBAL__N_120clearRadioCoreEventsEP14NRF_RADIO_Type
                0x00000000000009c4       0x32 /home/lolren/.cache/arduino/sketches/B2331C0E26E6ACE6E48102A02F83FF1E/libraries/Nrf54L15-Clean-Implementation/nrf54l15_hal.cpp.o
 .text._ZZN13xiao_nrf54l158BleRadio22buildLlControlResponseEPKhhPhS3_PbENKUlvE_clEv
                0x00000000000009f6       0x26 /home/lolren/.cache/arduino/sketches/B2331C0E26E6ACE6E48102A02F83FF1E/libraries/Nrf54L15-Clean-Implementation/nrf54l15_hal.cpp.o
 .text._ZZN13xiao_nrf54l158BleRadio22buildLlControlResponseEPKhhPhS3_PbENKUlvE0_clEv
                0x0000000000000a1c       0x26 /home/lolren/.cache/arduino/sketches/B2331C0E26E6ACE6E48102A02F83FF1E/libraries/Nrf54L15-Clean-Implementation/nrf54l15_hal.cpp.o
 .text._ZZN13xiao_nrf54l158BleRadio22buildLlControlResponseEPKhhPhS3_PbENKUlvE1_clEv
                0x0000000000000a42       0x26 /home/lolren/.cache/arduino/sketches/B2331C0E26E6ACE6E48102A02F83FF1E/libraries/Nrf54L15-Clean-Implementation/nrf54l15_hal.cpp.o
 .text._ZZN13xiao_nrf54l158BleRadio22buildLlControlResponseEPKhhPhS3_PbENKUlvE2_clEv
                0x0000000000000a68       0x26 /home/lolren/.cache/arduino/sketches/B2331C0E26E6ACE6E48102A02F83FF1E/libraries/Nrf54L15-Clean-Implementation/nrf54l15_hal.cpp.o
 .text._ZZN13xiao_nrf54l158BleRadio22buildLlControlResponseEPKhhPhS3_PbENKUlvE3_clEv
                0x0000000000000a8e       0x26 /home/lolren/.cache/arduino/sketches/B2331C0E26E6ACE6E48102A02F83FF1E/libraries/Nrf54L15-Clean-Implementation/nrf54l15_hal.cpp.o
 .text._ZN12_GLOBAL__N_121fillPseudoRandomBytesEPhhm
                0x0000000000000ab4       0x2c /home/lolren/.cache/arduino/sketches/B2331C0E26E6ACE6E48102A02F83FF1E/libraries/Nrf54L15-Clean-Implementation/nrf54l15_hal.cpp.o
 .text._ZN12_GLOBAL__N_122bleBondRecordLooksSaneERKN13xiao_nrf54l1513BleBondRecordE
                0x0000000000000ae0       0x2e /home/lolren/.cache/arduino/sketches/B2331C0E26E6ACE6E48102A02F83FF1E/libraries/Nrf54L15-Clean-Implementation/nrf54l15_hal.cpp.o
 .text._ZN12_GLOBAL__N_15xor16EPKhS1_Ph.part.0
                0x0000000000000b0e       0x20 /home/lolren/.cache/arduino/sketches/B2331C0E26E6ACE6E48102A02F83FF1E/libraries/Nrf54L15-Clean-Implementation/nrf54l15_hal.cpp.o
 .text._ZN12_GLOBAL__N_110bitCount37EPKh.part.0
                0x0000000000000b2e       0x26 /home/lolren/.cache/arduino/sketches/B2331C0E26E6ACE6E48102A02F83FF1E/libraries/Nrf54L15-Clean-Implementation/nrf54l15_hal.cpp.o
 .text._ZZN13xiao_nrf54l158BleRadio16buildAttResponseEPKhtPhPtENKUlvE_clEv.isra.0
                0x0000000000000b54       0x1e /home/lolren/.cache/arduino/sketches/B2331C0E26E6ACE6E48102A02F83FF1E/libraries/Nrf54L15-Clean-Implementation/nrf54l15_hal.cpp.o
 .text._ZZN13xiao_nrf54l158BleRadio16buildAttResponseEPKhtPhPtENKUlttE0_clEtt.isra.0
                0x0000000000000b72       0x58 /home/lolren/.cache/arduino/sketches/B2331C0E26E6ACE6E48102A02F83FF1E/libraries/Nrf54L15-Clean-Implementation/nrf54l15_hal.cpp.o
 .text._ZZN13xiao_nrf54l158BleRadio21buildL2capSmpResponseEPKhhPhS3_ENKUlS2_hE_clES2_h.part.0
                0x0000000000000bca       0x38 /home/lolren/.cache/arduino/sketches/B2331C0E26E6ACE6E48102A02F83FF1E/libraries/Nrf54L15-Clean-Implementation/nrf54l15_hal.cpp.o
 .text._ZN12_GLOBAL__N_116buildCcmCtrBlockEPKhtPh.part.0
                0x0000000000000c02       0x3e /home/lolren/.cache/arduino/sketches/B2331C0E26E6ACE6E48102A02F83FF1E/libraries/Nrf54L15-Clean-Implementation/nrf54l15_hal.cpp.o
 .text._ZN12_GLOBAL__N_120waitRadioEndBudgetedEP14NRF_RADIO_Typemm
                0x0000000000000c40       0x5a /home/lolren/.cache/arduino/sketches/B2331C0E26E6ACE6E48102A02F83FF1E/libraries/Nrf54L15-Clean-Implementation/nrf54l15_hal.cpp.o
 .text._ZN12_GLOBAL__N_125waitRadioDisabledBudgetedEP14NRF_RADIO_Typemm.constprop.0
                0x0000000000000c9a       0x58 /home/lolren/.cache/arduino/sketches/B2331C0E26E6ACE6E48102A02F83FF1E/libraries/Nrf54L15-Clean-Implementation/nrf54l15_hal.cpp.o
 .text._ZN12_GLOBAL__N_112reverseBytesEPKhPhh.part.0.constprop.0
                0x0000000000000cf2       0x14 /home/lolren/.cache/arduino/sketches/B2331C0E26E6ACE6E48102A02F83FF1E/libraries/Nrf54L15-Clean-Implementation/nrf54l15_hal.cpp.o
 *fill*         0x0000000000000d06        0x2 
 .text._ZN12_GLOBAL__N_15crc32EPKhj.part.0.constprop.0
                0x0000000000000d08       0x38 /home/lolren/.cache/arduino/sketches/B2331C0E26E6ACE6E48102A02F83FF1E/libraries/Nrf54L15-Clean-Implementation/nrf54l15_hal.cpp.o
 .text._ZNK13xiao_nrf54l158BleRadio21buildAttErrorResponseEhthPhPt.constprop.0
                0x0000000000000d40       0x26 /home/lolren/.cache/arduino/sketches/B2331C0E26E6ACE6E48102A02F83FF1E/libraries/Nrf54L15-Clean-Implementation/nrf54l15_hal.cpp.o
 .text._ZZN13xiao_nrf54l158BleRadio27buildL2capSignalingResponseEPKhhPhS3_ENKUltE_clEt.constprop.0
                0x0000000000000d66       0x2e /home/lolren/.cache/arduino/sketches/B2331C0E26E6ACE6E48102A02F83FF1E/libraries/Nrf54L15-Clean-Implementation/nrf54l15_hal.cpp.o
 .text._ZN12_GLOBAL__N_112aesEncryptLeEPKhS1_Ph
                0x0000000000000d94      0x2d8 /home/lolren/.cache/arduino/sketches/B2331C0E26E6ACE6E48102A02F83FF1E/libraries/Nrf54L15-Clean-Implementation/nrf54l15_hal.cpp.o
 .text._ZN12_GLOBAL__N_116bleComputeCcmMicEPKhS1_hS1_hPh.part.0
                0x000000000000106c      0x134 /home/lolren/.cache/arduino/sketches/B2331C0E26E6ACE6E48102A02F83FF1E/libraries/Nrf54L15-Clean-Implementation/nrf54l15_hal.cpp.o
 .text._ZN12_GLOBAL__N_15smpC1EPKhS1_S1_S1_hS1_hS1_Ph
                0x00000000000011a0       0x96 /home/lolren/.cache/arduino/sketches/B2331C0E26E6ACE6E48102A02F83FF1E/libraries/Nrf54L15-Clean-Implementation/nrf54l15_hal.cpp.o
 .text._ZN12_GLOBAL__N_120bleCcmDecryptPayloadEPKhS1_yhhS1_hPhS2_.constprop.0
                0x0000000000001236       0xea /home/lolren/.cache/arduino/sketches/B2331C0E26E6ACE6E48102A02F83FF1E/libraries/Nrf54L15-Clean-Implementation/nrf54l15_hal.cpp.o
 .text._ZN13xiao_nrf54l1511isConnectedERKNS_3PinE
                0x0000000000001320       0x16 /home/lolren/.cache/arduino/sketches/B2331C0E26E6ACE6E48102A02F83FF1E/libraries/Nrf54L15-Clean-Implementation/nrf54l15_hal.cpp.o
                0x0000000000001320                xiao_nrf54l15::isConnected(xiao_nrf54l15::Pin const&)
 *fill*         0x0000000000001336        0x2 
 .text._ZN13xiao_nrf54l1512ClockControl9startHfxoEbm
                0x0000000000001338       0x68 /home/lolren/.cache/arduino/sketches/B2331C0E26E6ACE6E48102A02F83FF1E/libraries/Nrf54L15-Clean-Implementation/nrf54l15_hal.cpp.o
                0x0000000000001338                xiao_nrf54l15::ClockControl::startHfxo(bool, unsigned long)
 .text._ZN13xiao_nrf54l154Gpio9configureERKNS_3PinENS_13GpioDirectionENS_8GpioPullE
                0x00000000000013a0       0x5c /home/lolren/.cache/arduino/sketches/B2331C0E26E6ACE6E48102A02F83FF1E/libraries/Nrf54L15-Clean-Implementation/nrf54l15_hal.cpp.o
                0x00000000000013a0                xiao_nrf54l15::Gpio::configure(xiao_nrf54l15::Pin const&, xiao_nrf54l15::GpioDirection, xiao_nrf54l15::GpioPull)
 .text._ZN13xiao_nrf54l154Gpio5writeERKNS_3PinEb
                0x00000000000013fc       0x3c /home/lolren/.cache/arduino/sketches/B2331C0E26E6ACE6E48102A02F83FF1E/libraries/Nrf54L15-Clean-Implementation/nrf54l15_hal.cpp.o
                0x00000000000013fc                xiao_nrf54l15::Gpio::write(xiao_nrf54l15::Pin const&, bool)
 .text._ZN13xiao_nrf54l1512BoardControl14setAntennaPathENS_16BoardAntennaPathE
                0x0000000000001438       0x20 /home/lolren/.cache/arduino/sketches/B2331C0E26E6ACE6E48102A02F83FF1E/libraries/Nrf54L15-Clean-Implementation/nrf54l15_hal.cpp.o
                0x0000000000001438                xiao_nrf54l15::BoardControl::setAntennaPath(xiao_nrf54l15::BoardAntennaPath)
 .text._ZN13xiao_nrf54l1512PowerManagerC2Emmm
                0x0000000000001458        0xa /home/lolren/.cache/arduino/sketches/B2331C0E26E6ACE6E48102A02F83FF1E/libraries/Nrf54L15-Clean-Implementation/nrf54l15_hal.cpp.o
                0x0000000000001458                xiao_nrf54l15::PowerManager::PowerManager(unsigned long, unsigned long, unsigned long)
                0x0000000000001458                xiao_nrf54l15::PowerManager::PowerManager(unsigned long, unsigned long, unsigned long)
 .text._ZN13xiao_nrf54l1512PowerManager14setLatencyModeENS_16PowerLatencyModeE
                0x0000000000001462       0x10 /home/lolren/.cache/arduino/sketches/B2331C0E26E6ACE6E48102A02F83FF1E/libraries/Nrf54L15-Clean-Implementation/nrf54l15_hal.cpp.o
                0x0000000000001462                xiao_nrf54l15::PowerManager::setLatencyMode(xiao_nrf54l15::PowerLatencyMode)
 *fill*         0x0000000000001472        0x2 
 .text._ZN13xiao_nrf54l158BleRadioC2Emm
                0x0000000000001474      0x214 /home/lolren/.cache/arduino/sketches/B2331C0E26E6ACE6E48102A02F83FF1E/libraries/Nrf54L15-Clean-Implementation/nrf54l15_hal.cpp.o
                0x0000000000001474                xiao_nrf54l15::BleRadio::BleRadio(unsigned long, unsigned long)
                0x0000000000001474                xiao_nrf54l15::BleRadio::BleRadio(unsigned long, unsigned long)
 .text._ZN13xiao_nrf54l158BleRadio17setGattDeviceNameEPKc
                0x0000000000001688       0x2e /home/lolren/.cache/arduino/sketches/B2331C0E26E6ACE6E48102A02F83FF1E/libraries/Nrf54L15-Clean-Implementation/nrf54l15_hal.cpp.o
                0x0000000000001688                xiao_nrf54l15::BleRadio::setGattDeviceName(char const*)
 .text._ZN13xiao_nrf54l158BleRadio19setGattBatteryLevelEh
                0x00000000000016b6       0x32 /home/lolren/.cache/arduino/sketches/B2331C0E26E6ACE6E48102A02F83FF1E/libraries/Nrf54L15-Clean-Implementation/nrf54l15_hal.cpp.o
                0x00000000000016b6                xiao_nrf54l15::BleRadio::setGattBatteryLevel(unsigned char)
 .text._ZN13xiao_nrf54l158BleRadio22buildAdvertisingPacketEv
                0x00000000000016e8       0x4e /home/lolren/.cache/arduino/sketches/B2331C0E26E6ACE6E48102A02F83FF1E/libraries/Nrf54L15-Clean-Implementation/nrf54l15_hal.cpp.o
                0x00000000000016e8                xiao_nrf54l15::BleRadio::buildAdvertisingPacket()
 .text._ZN13xiao_nrf54l158BleRadio21setAdvertisingPduTypeENS_13BleAdvPduTypeE
                0x0000000000001736        0xe /home/lolren/.cache/arduino/sketches/B2331C0E26E6ACE6E48102A02F83FF1E/libraries/Nrf54L15-Clean-Implementation/nrf54l15_hal.cpp.o
                0x0000000000001736                xiao_nrf54l15::BleRadio::setAdvertisingPduType(xiao_nrf54l15::BleAdvPduType)
 .text._ZN13xiao_nrf54l158BleRadio18setAdvertisingDataEPKhj
                0x0000000000001744       0x24 /home/lolren/.cache/arduino/sketches/B2331C0E26E6ACE6E48102A02F83FF1E/libraries/Nrf54L15-Clean-Implementation/nrf54l15_hal.cpp.o
                0x0000000000001744                xiao_nrf54l15::BleRadio::setAdvertisingData(unsigned char const*, unsigned int)
 .text._ZN13xiao_nrf54l158BleRadio18setAdvertisingNameEPKcb
                0x0000000000001768       0x82 /home/lolren/.cache/arduino/sketches/B2331C0E26E6ACE6E48102A02F83FF1E/libraries/Nrf54L15-Clean-Implementation/nrf54l15_hal.cpp.o
                0x0000000000001768                xiao_nrf54l15::BleRadio::setAdvertisingName(char const*, bool)
 .text._ZN13xiao_nrf54l158BleRadio23buildScanResponsePacketEv
                0x00000000000017ea       0x40 /home/lolren/.cache/arduino/sketches/B2331C0E26E6ACE6E48102A02F83FF1E/libraries/Nrf54L15-Clean-Implementation/nrf54l15_hal.cpp.o
                0x00000000000017ea                xiao_nrf54l15::BleRadio::buildScanResponsePacket()
 .text._ZN13xiao_nrf54l158BleRadio16setDeviceAddressEPKhNS_14BleAddressTypeE
                0x000000000000182a       0x34 /home/lolren/.cache/arduino/sketches/B2331C0E26E6ACE6E48102A02F83FF1E/libraries/Nrf54L15-Clean-Implementation/nrf54l15_hal.cpp.o
                0x000000000000182a                xiao_nrf54l15::BleRadio::setDeviceAddress(unsigned char const*, xiao_nrf54l15::BleAddressType)
 .text._ZN13xiao_nrf54l158BleRadio19loadAddressFromFicrEb
                0x000000000000185e       0x30 /home/lolren/.cache/arduino/sketches/B2331C0E26E6ACE6E48102A02F83FF1E/libraries/Nrf54L15-Clean-Implementation/nrf54l15_hal.cpp.o
                0x000000000000185e                xiao_nrf54l15::BleRadio::loadAddressFromFicr(bool)
 .text._ZN13xiao_nrf54l158BleRadio19setScanResponseDataEPKhj
                0x000000000000188e       0x24 /home/lolren/.cache/arduino/sketches/B2331C0E26E6ACE6E48102A02F83FF1E/libraries/Nrf54L15-Clean-Implementation/nrf54l15_hal.cpp.o
                0x000000000000188e                xiao_nrf54l15::BleRadio::setScanResponseData(unsigned char const*, unsigned int)
 .text._ZN13xiao_nrf54l158BleRadio19setScanResponseNameEPKc
                0x00000000000018b2       0x60 /home/lolren/.cache/arduino/sketches/B2331C0E26E6ACE6E48102A02F83FF1E/libraries/Nrf54L15-Clean-Implementation/nrf54l15_hal.cpp.o
                0x00000000000018b2                xiao_nrf54l15::BleRadio::setScanResponseName(char const*)
 .text._ZNK13xiao_nrf54l158BleRadio11isConnectedEv
                0x0000000000001912        0x6 /home/lolren/.cache/arduino/sketches/B2331C0E26E6ACE6E48102A02F83FF1E/libraries/Nrf54L15-Clean-Implementation/nrf54l15_hal.cpp.o
                0x0000000000001912                xiao_nrf54l15::BleRadio::isConnected() const
 .text._ZNK13xiao_nrf54l158BleRadio21isConnectionEncryptedEv
                0x0000000000001918       0x1a /home/lolren/.cache/arduino/sketches/B2331C0E26E6ACE6E48102A02F83FF1E/libraries/Nrf54L15-Clean-Implementation/nrf54l15_hal.cpp.o
                0x0000000000001918                xiao_nrf54l15::BleRadio::isConnectionEncrypted() const
 .text._ZNK13xiao_nrf54l158BleRadio17getConnectionInfoEPNS_17BleConnectionInfoE
                0x0000000000001932       0x60 /home/lolren/.cache/arduino/sketches/B2331C0E26E6ACE6E48102A02F83FF1E/libraries/Nrf54L15-Clean-Implementation/nrf54l15_hal.cpp.o
                0x0000000000001932                xiao_nrf54l15::BleRadio::getConnectionInfo(xiao_nrf54l15::BleConnectionInfo*) const
 .text._ZN13xiao_nrf54l158BleRadio16setTraceCallbackEPFvPKcPvES3_
                0x0000000000001992        0xa /home/lolren/.cache/arduino/sketches/B2331C0E26E6ACE6E48102A02F83FF1E/libraries/Nrf54L15-Clean-Implementation/nrf54l15_hal.cpp.o
                0x0000000000001992                xiao_nrf54l15::BleRadio::setTraceCallback(void (*)(char const*, void*), void*)
 .text._ZNK13xiao_nrf54l158BleRadio18readAttributeValueEttPhh
                0x000000000000199c      0x120 /home/lolren/.cache/arduino/sketches/B2331C0E26E6ACE6E48102A02F83FF1E/libraries/Nrf54L15-Clean-Implementation/nrf54l15_hal.cpp.o
                0x000000000000199c                xiao_nrf54l15::BleRadio::readAttributeValue(unsigned short, unsigned short, unsigned char*, unsigned char) const
 .text._ZN13xiao_nrf54l158BleRadio16buildAttResponseEPKhtPhPt
                0x0000000000001abc      0x840 /home/lolren/.cache/arduino/sketches/B2331C0E26E6ACE6E48102A02F83FF1E/libraries/Nrf54L15-Clean-Implementation/nrf54l15_hal.cpp.o
                0x0000000000001abc                xiao_nrf54l15::BleRadio::buildAttResponse(unsigned char const*, unsigned short, unsigned char*, unsigned short*)
 .text._ZN13xiao_nrf54l158BleRadio27buildL2capSignalingResponseEPKhhPhS3_
                0x00000000000022fc      0x150 /home/lolren/.cache/arduino/sketches/B2331C0E26E6ACE6E48102A02F83FF1E/libraries/Nrf54L15-Clean-Implementation/nrf54l15_hal.cpp.o
                0x00000000000022fc                xiao_nrf54l15::BleRadio::buildL2capSignalingResponse(unsigned char const*, unsigned char, unsigned char*, unsigned char*)
 .text._ZN13xiao_nrf54l158BleRadio21buildL2capAttResponseEPKhhPhS3_
                0x000000000000244c       0x78 /home/lolren/.cache/arduino/sketches/B2331C0E26E6ACE6E48102A02F83FF1E/libraries/Nrf54L15-Clean-Implementation/nrf54l15_hal.cpp.o
                0x000000000000244c                xiao_nrf54l15::BleRadio::buildL2capAttResponse(unsigned char const*, unsigned char, unsigned char*, unsigned char*)
 .text._ZN13xiao_nrf54l158BleRadio20clearSmpPairingStateEv
                0x00000000000024c4       0x76 /home/lolren/.cache/arduino/sketches/B2331C0E26E6ACE6E48102A02F83FF1E/libraries/Nrf54L15-Clean-Implementation/nrf54l15_hal.cpp.o
                0x00000000000024c4                xiao_nrf54l15::BleRadio::clearSmpPairingState()
 .text._ZN13xiao_nrf54l158BleRadio20clearEncryptionStateEv
                0x000000000000253a       0x64 /home/lolren/.cache/arduino/sketches/B2331C0E26E6ACE6E48102A02F83FF1E/libraries/Nrf54L15-Clean-Implementation/nrf54l15_hal.cpp.o
                0x000000000000253a                xiao_nrf54l15::BleRadio::clearEncryptionState()
 .text._ZN13xiao_nrf54l158BleRadio28clearConnectionSecurityStateEv
                0x000000000000259e       0x12 /home/lolren/.cache/arduino/sketches/B2331C0E26E6ACE6E48102A02F83FF1E/libraries/Nrf54L15-Clean-Implementation/nrf54l15_hal.cpp.o
                0x000000000000259e                xiao_nrf54l15::BleRadio::clearConnectionSecurityState()
 .text._ZZN13xiao_nrf54l158BleRadio21buildL2capSmpResponseEPKhhPhS3_ENKUlhE0_clEh
                0x00000000000025b0       0x24 /home/lolren/.cache/arduino/sketches/B2331C0E26E6ACE6E48102A02F83FF1E/libraries/Nrf54L15-Clean-Implementation/nrf54l15_hal.cpp.o
 .text._ZN13xiao_nrf54l158BleRadio29loadBondRecordFromPersistenceEv
                0x00000000000025d4       0xcc /home/lolren/.cache/arduino/sketches/B2331C0E26E6ACE6E48102A02F83FF1E/libraries/Nrf54L15-Clean-Implementation/nrf54l15_hal.cpp.o
                0x00000000000025d4                xiao_nrf54l15::BleRadio::loadBondRecordFromPersistence()
 .text._ZN13xiao_nrf54l158BleRadio17persistBondRecordERKNS_13BleBondRecordE
                0x00000000000026a0       0x7c /home/lolren/.cache/arduino/sketches/B2331C0E26E6ACE6E48102A02F83FF1E/libraries/Nrf54L15-Clean-Implementation/nrf54l15_hal.cpp.o
                0x00000000000026a0                xiao_nrf54l15::BleRadio::persistBondRecord(xiao_nrf54l15::BleBondRecord const&)
 .text._ZN13xiao_nrf54l158BleRadio21buildL2capSmpResponseEPKhhPhS3_
                0x000000000000271c      0x3e8 /home/lolren/.cache/arduino/sketches/B2331C0E26E6ACE6E48102A02F83FF1E/libraries/Nrf54L15-Clean-Implementation/nrf54l15_hal.cpp.o
                0x000000000000271c                xiao_nrf54l15::BleRadio::buildL2capSmpResponse(unsigned char const*, unsigned char, unsigned char*, unsigned char*)
 .text._ZN13xiao_nrf54l158BleRadio18buildL2capResponseEPKhhPhS3_
                0x0000000000002b04       0x34 /home/lolren/.cache/arduino/sketches/B2331C0E26E6ACE6E48102A02F83FF1E/libraries/Nrf54L15-Clean-Implementation/nrf54l15_hal.cpp.o
                0x0000000000002b04                xiao_nrf54l15::BleRadio::buildL2capResponse(unsigned char const*, unsigned char, unsigned char*, unsigned char*)
 .text._ZN13xiao_nrf54l158BleRadio22buildLlControlResponseEPKhhPhS3_Pb
                0x0000000000002b38      0x654 /home/lolren/.cache/arduino/sketches/B2331C0E26E6ACE6E48102A02F83FF1E/libraries/Nrf54L15-Clean-Implementation/nrf54l15_hal.cpp.o
                0x0000000000002b38                xiao_nrf54l15::BleRadio::buildLlControlResponse(unsigned char const*, unsigned char, unsigned char*, unsigned char*, bool*)
 .text._ZN13xiao_nrf54l158BleRadio23primeBondForCurrentPeerEv
                0x000000000000318c       0xd6 /home/lolren/.cache/arduino/sketches/B2331C0E26E6ACE6E48102A02F83FF1E/libraries/Nrf54L15-Clean-Implementation/nrf54l15_hal.cpp.o
                0x000000000000318c                xiao_nrf54l15::BleRadio::primeBondForCurrentPeer()
 *fill*         0x0000000000003262        0x2 
 .text._ZN13xiao_nrf54l158BleRadio29startConnectionFromConnectIndEPKhhbbm
                0x0000000000003264      0x1f0 /home/lolren/.cache/arduino/sketches/B2331C0E26E6ACE6E48102A02F83FF1E/libraries/Nrf54L15-Clean-Implementation/nrf54l15_hal.cpp.o
                0x0000000000003264                xiao_nrf54l15::BleRadio::startConnectionFromConnectInd(unsigned char const*, unsigned char, bool, bool, unsigned long)
 .text._ZN13xiao_nrf54l158BleRadio29updateNextConnectionEventTimeEv
                0x0000000000003454       0x66 /home/lolren/.cache/arduino/sketches/B2331C0E26E6ACE6E48102A02F83FF1E/libraries/Nrf54L15-Clean-Implementation/nrf54l15_hal.cpp.o
                0x0000000000003454                xiao_nrf54l15::BleRadio::updateNextConnectionEventTime()
 .text._ZN13xiao_nrf54l158BleRadio21selectNextDataChannelEb
                0x00000000000034ba       0xd4 /home/lolren/.cache/arduino/sketches/B2331C0E26E6ACE6E48102A02F83FF1E/libraries/Nrf54L15-Clean-Implementation/nrf54l15_hal.cpp.o
                0x00000000000034ba                xiao_nrf54l15::BleRadio::selectNextDataChannel(bool)
 .text._ZN13xiao_nrf54l158BleRadio14setDataChannelEh
                0x000000000000358e       0x2c /home/lolren/.cache/arduino/sketches/B2331C0E26E6ACE6E48102A02F83FF1E/libraries/Nrf54L15-Clean-Implementation/nrf54l15_hal.cpp.o
                0x000000000000358e                xiao_nrf54l15::BleRadio::setDataChannel(unsigned char)
 .text._ZN13xiao_nrf54l158BleRadio12waitDisabledEm
                0x00000000000035ba       0x1e /home/lolren/.cache/arduino/sketches/B2331C0E26E6ACE6E48102A02F83FF1E/libraries/Nrf54L15-Clean-Implementation/nrf54l15_hal.cpp.o
                0x00000000000035ba                xiao_nrf54l15::BleRadio::waitDisabled(unsigned long)
 .text._ZN13xiao_nrf54l158BleRadio14configureBle1MEv
                0x00000000000035d8       0x9c /home/lolren/.cache/arduino/sketches/B2331C0E26E6ACE6E48102A02F83FF1E/libraries/Nrf54L15-Clean-Implementation/nrf54l15_hal.cpp.o
                0x00000000000035d8                xiao_nrf54l15::BleRadio::configureBle1M()
 .text._ZN13xiao_nrf54l158BleRadio10waitForEndEm
                0x0000000000003674       0x1e /home/lolren/.cache/arduino/sketches/B2331C0E26E6ACE6E48102A02F83FF1E/libraries/Nrf54L15-Clean-Implementation/nrf54l15_hal.cpp.o
                0x0000000000003674                xiao_nrf54l15::BleRadio::waitForEnd(unsigned long)
 .text._ZN13xiao_nrf54l158BleRadio21setAdvertisingChannelENS_21BleAdvertisingChannelE
                0x0000000000003692       0x2c /home/lolren/.cache/arduino/sketches/B2331C0E26E6ACE6E48102A02F83FF1E/libraries/Nrf54L15-Clean-Implementation/nrf54l15_hal.cpp.o
                0x0000000000003692                xiao_nrf54l15::BleRadio::setAdvertisingChannel(xiao_nrf54l15::BleAdvertisingChannel)
 *fill*         0x00000000000036be        0x2 
 .text._ZN13xiao_nrf54l158BleRadio21advertiseInteractOnceENS_21BleAdvertisingChannelEPNS_17BleAdvInteractionEmm
                0x00000000000036c0      0x2b8 /home/lolren/.cache/arduino/sketches/B2331C0E26E6ACE6E48102A02F83FF1E/libraries/Nrf54L15-Clean-Implementation/nrf54l15_hal.cpp.o
                0x00000000000036c0                xiao_nrf54l15::BleRadio::advertiseInteractOnce(xiao_nrf54l15::BleAdvertisingChannel, xiao_nrf54l15::BleAdvInteraction*, unsigned long, unsigned long)
 .text._ZN13xiao_nrf54l158BleRadio22advertiseInteractEventEPNS_17BleAdvInteractionEmmm
                0x0000000000003978      0x10e /home/lolren/.cache/arduino/sketches/B2331C0E26E6ACE6E48102A02F83FF1E/libraries/Nrf54L15-Clean-Implementation/nrf54l15_hal.cpp.o
                0x0000000000003978                xiao_nrf54l15::BleRadio::advertiseInteractEvent(xiao_nrf54l15::BleAdvInteraction*, unsigned long, unsigned long, unsigned long)
 *fill*         0x0000000000003a86        0x2 
 .text._ZN13xiao_nrf54l158BleRadio30restoreAdvertisingLinkDefaultsEv
                0x0000000000003a88       0xa4 /home/lolren/.cache/arduino/sketches/B2331C0E26E6ACE6E48102A02F83FF1E/libraries/Nrf54L15-Clean-Implementation/nrf54l15_hal.cpp.o
                0x0000000000003a88                xiao_nrf54l15::BleRadio::restoreAdvertisingLinkDefaults()
 .text._ZN13xiao_nrf54l158BleRadio10disconnectEm
                0x0000000000003b2c       0xa2 /home/lolren/.cache/arduino/sketches/B2331C0E26E6ACE6E48102A02F83FF1E/libraries/Nrf54L15-Clean-Implementation/nrf54l15_hal.cpp.o
                0x0000000000003b2c                xiao_nrf54l15::BleRadio::disconnect(unsigned long)
 *fill*         0x0000000000003bce        0x2 
 .text._ZN13xiao_nrf54l158BleRadio19pollConnectionEventEPNS_18BleConnectionEventEm
                0x0000000000003bd0      0xd34 /home/lolren/.cache/arduino/sketches/B2331C0E26E6ACE6E48102A02F83FF1E/libraries/Nrf54L15-Clean-Implementation/nrf54l15_hal.cpp.o
                0x0000000000003bd0                xiao_nrf54l15::BleRadio::pollConnectionEvent(xiao_nrf54l15::BleConnectionEvent*, unsigned long)
 .text._ZN13xiao_nrf54l158BleRadio17txPowerRegFromDbmEa
                0x0000000000004904       0xe8 /home/lolren/.cache/arduino/sketches/B2331C0E26E6ACE6E48102A02F83FF1E/libraries/Nrf54L15-Clean-Implementation/nrf54l15_hal.cpp.o
                0x0000000000004904                xiao_nrf54l15::BleRadio::txPowerRegFromDbm(signed char)
 .text._ZN13xiao_nrf54l158BleRadio13setTxPowerDbmEa
                0x00000000000049ec       0x1c /home/lolren/.cache/arduino/sketches/B2331C0E26E6ACE6E48102A02F83FF1E/libraries/Nrf54L15-Clean-Implementation/nrf54l15_hal.cpp.o
                0x00000000000049ec                xiao_nrf54l15::BleRadio::setTxPowerDbm(signed char)
 .text._ZN13xiao_nrf54l158BleRadio5beginEa
                0x0000000000004a08       0xd8 /home/lolren/.cache/arduino/sketches/B2331C0E26E6ACE6E48102A02F83FF1E/libraries/Nrf54L15-Clean-Implementation/nrf54l15_hal.cpp.o
                0x0000000000004a08                xiao_nrf54l15::BleRadio::begin(signed char)
 .text.xiaoNrf54l15SetAntenna.part.0
                0x0000000000004ae0       0x18 /home/lolren/.cache/arduino/sketches/B2331C0E26E6ACE6E48102A02F83FF1E/core/variant.cpp.o
 .text.xiaoNrf54l15SetAntenna
                0x0000000000004af8       0x44 /home/lolren/.cache/arduino/sketches/B2331C0E26E6ACE6E48102A02F83FF1E/core/variant.cpp.o
                0x0000000000004af8                xiaoNrf54l15SetAntenna
 .text.initVariant
                0x0000000000004b3c        0x4 /home/lolren/.cache/arduino/sketches/B2331C0E26E6ACE6E48102A02F83FF1E/core/variant.cpp.o
                0x0000000000004b3c                initVariant
 .text._ZN14HardwareSerial4peekEv
                0x0000000000004b40        0xe /home/lolren/.cache/arduino/sketches/B2331C0E26E6ACE6E48102A02F83FF1E/core/core.a(HardwareSerial.cpp.o)
                0x0000000000004b40                HardwareSerial::peek()
 .text._ZN14HardwareSerial5flushEv
                0x0000000000004b4e        0x2 /home/lolren/.cache/arduino/sketches/B2331C0E26E6ACE6E48102A02F83FF1E/core/core.a(HardwareSerial.cpp.o)
                0x0000000000004b4e                HardwareSerial::flush()
 .text._ZN14HardwareSerialD2Ev
                0x0000000000004b50        0x2 /home/lolren/.cache/arduino/sketches/B2331C0E26E6ACE6E48102A02F83FF1E/core/core.a(HardwareSerial.cpp.o)
                0x0000000000004b50                HardwareSerial::~HardwareSerial()
                0x0000000000004b50                HardwareSerial::~HardwareSerial()
 .text._ZN14HardwareSerialD0Ev
                0x0000000000004b52        0xc /home/lolren/.cache/arduino/sketches/B2331C0E26E6ACE6E48102A02F83FF1E/core/core.a(HardwareSerial.cpp.o)
                0x0000000000004b52                HardwareSerial::~HardwareSerial()
 .text._ZN12_GLOBAL__N_1L10decode_pinEhPhS0_.part.0
                0x0000000000004b5e       0xbe /home/lolren/.cache/arduino/sketches/B2331C0E26E6ACE6E48102A02F83FF1E/core/core.a(HardwareSerial.cpp.o)
 .text._ZN12_GLOBAL__N_1L10wait_eventEjmm.constprop.0
                0x0000000000004c1c       0x1c /home/lolren/.cache/arduino/sketches/B2331C0E26E6ACE6E48102A02F83FF1E/core/core.a(HardwareSerial.cpp.o)
 .text._ZN14HardwareSerial5writeEh
                0x0000000000004c38       0x4c /home/lolren/.cache/arduino/sketches/B2331C0E26E6ACE6E48102A02F83FF1E/core/core.a(HardwareSerial.cpp.o)
                0x0000000000004c38                HardwareSerial::write(unsigned char)
 .text._ZN14HardwareSerial5beginEmt
                0x0000000000004c84      0x170 /home/lolren/.cache/arduino/sketches/B2331C0E26E6ACE6E48102A02F83FF1E/core/core.a(HardwareSerial.cpp.o)
                0x0000000000004c84                HardwareSerial::begin(unsigned long, unsigned short)
 .text._ZN14HardwareSerial5beginEm
                0x0000000000004df4        0x6 /home/lolren/.cache/arduino/sketches/B2331C0E26E6ACE6E48102A02F83FF1E/core/core.a(HardwareSerial.cpp.o)
                0x0000000000004df4                HardwareSerial::begin(unsigned long)
 .text._ZN14HardwareSerial11beginRxByteEv
                0x0000000000004dfa       0x4c /home/lolren/.cache/arduino/sketches/B2331C0E26E6ACE6E48102A02F83FF1E/core/core.a(HardwareSerial.cpp.o)
                0x0000000000004dfa                HardwareSerial::beginRxByte()
 .text._ZN14HardwareSerial9availableEv
                0x0000000000004e46       0x1c /home/lolren/.cache/arduino/sketches/B2331C0E26E6ACE6E48102A02F83FF1E/core/core.a(HardwareSerial.cpp.o)
                0x0000000000004e46                HardwareSerial::available()
 .text._ZN14HardwareSerial4readEv
                0x0000000000004e62       0x28 /home/lolren/.cache/arduino/sketches/B2331C0E26E6ACE6E48102A02F83FF1E/core/core.a(HardwareSerial.cpp.o)
                0x0000000000004e62                HardwareSerial::read()
 *fill*         0x0000000000004e8a        0x2 
 .text.startup._GLOBAL__sub_I__ZN14HardwareSerialC2EP14NRF_UARTE_Typehh
                0x0000000000004e8c       0x48 /home/lolren/.cache/arduino/sketches/B2331C0E26E6ACE6E48102A02F83FF1E/core/core.a(HardwareSerial.cpp.o)
 .text._ZN5Print5writeEPKhj.part.0
                0x0000000000004ed4       0x22 /home/lolren/.cache/arduino/sketches/B2331C0E26E6ACE6E48102A02F83FF1E/core/core.a(Print.cpp.o)
 .text._ZN5Print5writeEPKhj
                0x0000000000004ef6        0xa /home/lolren/.cache/arduino/sketches/B2331C0E26E6ACE6E48102A02F83FF1E/core/core.a(Print.cpp.o)
                0x0000000000004ef6                Print::write(unsigned char const*, unsigned int)
 .text._ZN5Print5writeEPKc
                0x0000000000004f00       0x1e /home/lolren/.cache/arduino/sketches/B2331C0E26E6ACE6E48102A02F83FF1E/core/core.a(Print.cpp.o)
                0x0000000000004f00                Print::write(char const*)
 .text._ZN5Print5printEPKc
                0x0000000000004f1e        0x4 /home/lolren/.cache/arduino/sketches/B2331C0E26E6ACE6E48102A02F83FF1E/core/core.a(Print.cpp.o)
                0x0000000000004f1e                Print::print(char const*)
 .text._ZN5Print5printEc
                0x0000000000004f22        0x6 /home/lolren/.cache/arduino/sketches/B2331C0E26E6ACE6E48102A02F83FF1E/core/core.a(Print.cpp.o)
                0x0000000000004f22                Print::print(char)
 .text._ZN5Print11printNumberEmh
                0x0000000000004f28       0x3c /home/lolren/.cache/arduino/sketches/B2331C0E26E6ACE6E48102A02F83FF1E/core/core.a(Print.cpp.o)
                0x0000000000004f28                Print::printNumber(unsigned long, unsigned char)
 .text._ZN5Print5printEhi
                0x0000000000004f64        0x6 /home/lolren/.cache/arduino/sketches/B2331C0E26E6ACE6E48102A02F83FF1E/core/core.a(Print.cpp.o)
                0x0000000000004f64                Print::print(unsigned char, int)
 .text._ZN5Print11printSignedElh
                0x0000000000004f6a       0x36 /home/lolren/.cache/arduino/sketches/B2331C0E26E6ACE6E48102A02F83FF1E/core/core.a(Print.cpp.o)
                0x0000000000004f6a                Print::printSigned(long, unsigned char)
 .text._ZN5Print5printEii
                0x0000000000004fa0        0x6 /home/lolren/.cache/arduino/sketches/B2331C0E26E6ACE6E48102A02F83FF1E/core/core.a(Print.cpp.o)
                0x0000000000004fa0                Print::print(int, int)
 .text.init     0x0000000000004fa6        0x4 /home/lolren/.cache/arduino/sketches/B2331C0E26E6ACE6E48102A02F83FF1E/core/core.a(main.cpp.o)
                0x0000000000004fa6                init
 .text.yield    0x0000000000004faa        0xa /home/lolren/.cache/arduino/sketches/B2331C0E26E6ACE6E48102A02F83FF1E/core/core.a(main.cpp.o)
                0x0000000000004faa                yield
 .text.startup.main
                0x0000000000004fb4       0x28 /home/lolren/.cache/arduino/sketches/B2331C0E26E6ACE6E48102A02F83FF1E/core/core.a(main.cpp.o)
                0x0000000000004fb4                main
 .text._ZdlPv   0x0000000000004fdc        0x4 /home/lolren/.cache/arduino/sketches/B2331C0E26E6ACE6E48102A02F83FF1E/core/core.a(new.cpp.o)
                0x0000000000004fdc                operator delete(void*)
 .text.Reset_Handler
                0x0000000000004fe0       0x68 /home/lolren/.cache/arduino/sketches/B2331C0E26E6ACE6E48102A02F83FF1E/core/core.a(startup_nrf54l15.S.o)
                0x0000000000004fe0                Reset_Handler
                0x0000000000005018                NMI_Handler
                0x000000000000501a                HardFault_Handler
                0x000000000000501c                MemManage_Handler
                0x000000000000501e                BusFault_Handler
                0x0000000000005020                UsageFault_Handler
                0x0000000000005022                SecureFault_Handler
                0x0000000000005024                SVC_Handler
                0x0000000000005026                DebugMon_Handler
                0x0000000000005028                PendSV_Handler
                0x000000000000502a                TWIM20_IRQHandler
                0x000000000000502c                TWIM21_IRQHandler
                0x000000000000502e                Default_Handler
 .text.gpiote_irq_service.part.0
                0x0000000000005048       0x38 /home/lolren/.cache/arduino/sketches/B2331C0E26E6ACE6E48102A02F83FF1E/core/core.a(wiring_digital.c.o)
 .text.GPIOTE20_0_IRQHandler
                0x0000000000005080       0x10 /home/lolren/.cache/arduino/sketches/B2331C0E26E6ACE6E48102A02F83FF1E/core/core.a(wiring_digital.c.o)
                0x0000000000005080                GPIOTE20_0_IRQHandler
 .text.GPIOTE20_1_IRQHandler
                0x0000000000005090       0x10 /home/lolren/.cache/arduino/sketches/B2331C0E26E6ACE6E48102A02F83FF1E/core/core.a(wiring_digital.c.o)
                0x0000000000005090                GPIOTE20_1_IRQHandler
 .text.SysTick_Handler
                0x00000000000050a0       0x10 /home/lolren/.cache/arduino/sketches/B2331C0E26E6ACE6E48102A02F83FF1E/core/core.a(wiring_time.c.o)
                0x00000000000050a0                SysTick_Handler
 .text.initSysTick
                0x00000000000050b0       0x38 /home/lolren/.cache/arduino/sketches/B2331C0E26E6ACE6E48102A02F83FF1E/core/core.a(wiring_time.c.o)
                0x00000000000050b0                initSysTick
 .text.millis   0x00000000000050e8        0xc /home/lolren/.cache/arduino/sketches/B2331C0E26E6ACE6E48102A02F83FF1E/core/core.a(wiring_time.c.o)
                0x00000000000050e8                millis
 .text.micros   0x00000000000050f4       0x4c /home/lolren/.cache/arduino/sketches/B2331C0E26E6ACE6E48102A02F83FF1E/core/core.a(wiring_time.c.o)
                0x00000000000050f4                micros
 .text.delay    0x0000000000005140       0x20 /home/lolren/.cache/arduino/sketches/B2331C0E26E6ACE6E48102A02F83FF1E/core/core.a(wiring_time.c.o)
                0x0000000000005140                delay
 .text.delayMicroseconds
                0x0000000000005160       0x1a /home/lolren/.cache/arduino/sketches/B2331C0E26E6ACE6E48102A02F83FF1E/core/core.a(wiring_time.c.o)
                0x0000000000005160                delayMicroseconds
 .text.nrf54l15_clean_idle_service
                0x000000000000517a        0x2 /home/lolren/.cache/arduino/sketches/B2331C0E26E6ACE6E48102A02F83FF1E/core/core.a(idle_service.cpp.o)
                0x000000000000517a                nrf54l15_clean_idle_service
 .text.SystemCoreClockUpdate
                0x000000000000517c       0x2c /home/lolren/.cache/arduino/sketches/B2331C0E26E6ACE6E48102A02F83FF1E/core/core.a(system_nrf54l15.c.o)
                0x000000000000517c                SystemCoreClockUpdate
 .text.SystemInit
                0x00000000000051a8       0x2c /home/lolren/.cache/arduino/sketches/B2331C0E26E6ACE6E48102A02F83FF1E/core/core.a(system_nrf54l15.c.o)
                0x00000000000051a8                SystemInit
 .text.__libc_init_array
                0x00000000000051d4       0x48 /home/lolren/.arduino15/packages/adafruit/tools/arm-none-eabi-gcc/9-2019q4/bin/../lib/gcc/arm-none-eabi/9.2.1/../../../../arm-none-eabi/lib/thumb/v8-m.main/nofp/libc_nano.a(lib_a-init.o)
                0x00000000000051d4                __libc_init_array
 .text.free     0x000000000000521c       0x10 /home/lolren/.arduino15/packages/adafruit/tools/arm-none-eabi-gcc/9-2019q4/bin/../lib/gcc/arm-none-eabi/9.2.1/../../../../arm-none-eabi/lib/thumb/v8-m.main/nofp/libc_nano.a(lib_a-malloc.o)
                0x000000000000521c                free
 .text.memcmp   0x000000000000522c       0x1c /home/lolren/.arduino15/packages/adafruit/tools/arm-none-eabi-gcc/9-2019q4/bin/../lib/gcc/arm-none-eabi/9.2.1/../../../../arm-none-eabi/lib/thumb/v8-m.main/nofp/libc_nano.a(lib_a-memcmp.o)
                0x000000000000522c                memcmp
 .text.memcpy   0x0000000000005248       0x1a /home/lolren/.arduino15/packages/adafruit/tools/arm-none-eabi-gcc/9-2019q4/bin/../lib/gcc/arm-none-eabi/9.2.1/../../../../arm-none-eabi/lib/thumb/v8-m.main/nofp/libc_nano.a(lib_a-memcpy-stub.o)
                0x0000000000005248                memcpy
 .text.memset   0x0000000000005262       0x10 /home/lolren/.arduino15/packages/adafruit/tools/arm-none-eabi-gcc/9-2019q4/bin/../lib/gcc/arm-none-eabi/9.2.1/../../../../arm-none-eabi/lib/thumb/v8-m.main/nofp/libc_nano.a(lib_a-memset.o)
                0x0000000000005262                memset
 *fill*         0x0000000000005272        0x2 
 .text._free_r  0x0000000000005274       0x9c /home/lolren/.arduino15/packages/adafruit/tools/arm-none-eabi-gcc/9-2019q4/bin/../lib/gcc/arm-none-eabi/9.2.1/../../../../arm-none-eabi/lib/thumb/v8-m.main/nofp/libc_nano.a(lib_a-nano-freer.o)
                0x0000000000005274                _free_r
 .text.__malloc_lock
                0x0000000000005310        0xc /home/lolren/.arduino15/packages/adafruit/tools/arm-none-eabi-gcc/9-2019q4/bin/../lib/gcc/arm-none-eabi/9.2.1/../../../../arm-none-eabi/lib/thumb/v8-m.main/nofp/libc_nano.a(lib_a-mlock.o)
                0x0000000000005310                __malloc_lock
 .text.__malloc_unlock
                0x000000000000531c        0xc /home/lolren/.arduino15/packages/adafruit/tools/arm-none-eabi-gcc/9-2019q4/bin/../lib/gcc/arm-none-eabi/9.2.1/../../../../arm-none-eabi/lib/thumb/v8-m.main/nofp/libc_nano.a(lib_a-mlock.o)
                0x000000000000531c                __malloc_unlock
 .text.__retarget_lock_acquire_recursive
                0x0000000000005328        0x2 /home/lolren/.arduino15/packages/adafruit/tools/arm-none-eabi-gcc/9-2019q4/bin/../lib/gcc/arm-none-eabi/9.2.1/../../../../arm-none-eabi/lib/thumb/v8-m.main/nofp/libc_nano.a(lib_a-lock.o)
                0x0000000000005328                __retarget_lock_acquire_recursive
 .text.__retarget_lock_release_recursive
                0x000000000000532a        0x2 /home/lolren/.arduino15/packages/adafruit/tools/arm-none-eabi-gcc/9-2019q4/bin/../lib/gcc/arm-none-eabi/9.2.1/../../../../arm-none-eabi/lib/thumb/v8-m.main/nofp/libc_nano.a(lib_a-lock.o)
                0x000000000000532a                __retarget_lock_release_recursive
 *(.glue_7)
 .glue_7        0x000000000000532c        0x0 linker stubs
 *(.glue_7t)
 .glue_7t       0x000000000000532c        0x0 linker stubs
 *(.eh_frame)
 .eh_frame      0x000000000000532c        0x0 /home/lolren/.arduino15/packages/adafruit/tools/arm-none-eabi-gcc/9-2019q4/bin/../lib/gcc/arm-none-eabi/9.2.1/thumb/v8-m.main/nofp/crtbegin.o
 *(.init)
 .init          0x000000000000532c        0x4 /home/lolren/.arduino15/packages/adafruit/tools/arm-none-eabi-gcc/9-2019q4/bin/../lib/gcc/arm-none-eabi/9.2.1/thumb/v8-m.main/nofp/crti.o
                0x000000000000532c                _init
 .init          0x0000000000005330        0x8 /home/lolren/.arduino15/packages/adafruit/tools/arm-none-eabi-gcc/9-2019q4/bin/../lib/gcc/arm-none-eabi/9.2.1/thumb/v8-m.main/nofp/crtn.o
 *(.fini)
 .fini          0x0000000000005338        0x4 /home/lolren/.arduino15/packages/adafruit/tools/arm-none-eabi-gcc/9-2019q4/bin/../lib/gcc/arm-none-eabi/9.2.1/thumb/v8-m.main/nofp/crti.o
                0x0000000000005338                _fini
 .fini          0x000000000000533c        0x8 /home/lolren/.arduino15/packages/adafruit/tools/arm-none-eabi-gcc/9-2019q4/bin/../lib/gcc/arm-none-eabi/9.2.1/thumb/v8-m.main/nofp/crtn.o
                0x0000000000005344                . = ALIGN (0x4)
                0x0000000000005344                _etext = .

.vfp11_veneer   0x0000000000005344        0x0
 .vfp11_veneer  0x0000000000005344        0x0 linker stubs

.v4_bx          0x0000000000005344        0x0
 .v4_bx         0x0000000000005344        0x0 linker stubs

.iplt           0x0000000000005344        0x0
 .iplt          0x0000000000005344        0x0 /home/lolren/.arduino15/packages/adafruit/tools/arm-none-eabi-gcc/9-2019q4/bin/../lib/gcc/arm-none-eabi/9.2.1/thumb/v8-m.main/nofp/crtbegin.o

.preinit_array  0x0000000000005344        0x0
                0x0000000000005344                . = ALIGN (0x4)
                0x0000000000005344                PROVIDE (__preinit_array_start = .)
 *(.preinit_array)
 *(.preinit_array*)
                0x0000000000005344                PROVIDE (__preinit_array_end = .)
                0x0000000000005344                . = ALIGN (0x4)

.init_array     0x0000000000005344        0xc
                0x0000000000005344                . = ALIGN (0x4)
                0x0000000000005344                PROVIDE (__init_array_start = .)
 *(SORT_BY_NAME(.init_array.*))
 *(.init_array)
 .init_array    0x0000000000005344        0x4 /home/lolren/.arduino15/packages/adafruit/tools/arm-none-eabi-gcc/9-2019q4/bin/../lib/gcc/arm-none-eabi/9.2.1/thumb/v8-m.main/nofp/crtbegin.o
 .init_array    0x0000000000005348        0x4 /home/lolren/.cache/arduino/sketches/B2331C0E26E6ACE6E48102A02F83FF1E/sketch/BlePairingEncryptionStatus.ino.cpp.o
 .init_array    0x000000000000534c        0x4 /home/lolren/.cache/arduino/sketches/B2331C0E26E6ACE6E48102A02F83FF1E/core/core.a(HardwareSerial.cpp.o)
                0x0000000000005350                PROVIDE (__init_array_end = .)
                0x0000000000005350                . = ALIGN (0x4)

.fini_array     0x0000000000005350        0x4
                0x0000000000005350                . = ALIGN (0x4)
                [!provide]                        PROVIDE (__fini_array_start = .)
 *(SORT_BY_NAME(.fini_array.*))
 *(.fini_array)
 .fini_array    0x0000000000005350        0x4 /home/lolren/.arduino15/packages/adafruit/tools/arm-none-eabi-gcc/9-2019q4/bin/../lib/gcc/arm-none-eabi/9.2.1/thumb/v8-m.main/nofp/crtbegin.o
                [!provide]                        PROVIDE (__fini_array_end = .)
                0x0000000000005354                . = ALIGN (0x4)

.rodata         0x0000000000005354      0x438
                0x0000000000005354                . = ALIGN (0x4)
 *(.rodata)
 *(.rodata*)
 .rodata._ZL10onBleTracePKcPv.str1.1
                0x0000000000005354        0x9 /home/lolren/.cache/arduino/sketches/B2331C0E26E6ACE6E48102A02F83FF1E/sketch/BlePairingEncryptionStatus.ino.cpp.o
                                          0xc (size before relaxing)
 .rodata.setup.str1.1
                0x000000000000535d      0x19a /home/lolren/.cache/arduino/sketches/B2331C0E26E6ACE6E48102A02F83FF1E/sketch/BlePairingEncryptionStatus.ino.cpp.o
 .rodata.loop.str1.1
                0x00000000000054f7       0xbf /home/lolren/.cache/arduino/sketches/B2331C0E26E6ACE6E48102A02F83FF1E/sketch/BlePairingEncryptionStatus.ino.cpp.o
                                         0xcb (size before relaxing)
 .rodata._ZN13xiao_nrf54l15L11kPinUserLedE
                0x00000000000055b6        0x2 /home/lolren/.cache/arduino/sketches/B2331C0E26E6ACE6E48102A02F83FF1E/sketch/BlePairingEncryptionStatus.ino.cpp.o
 .rodata._ZZ5setupE8kAddress
                0x00000000000055b8        0x6 /home/lolren/.cache/arduino/sketches/B2331C0E26E6ACE6E48102A02F83FF1E/sketch/BlePairingEncryptionStatus.ino.cpp.o
 .rodata._ZN13xiao_nrf54l158BleRadio5beginEa.str1.1
                0x00000000000055be        0xe /home/lolren/.cache/arduino/sketches/B2331C0E26E6ACE6E48102A02F83FF1E/libraries/Nrf54L15-Clean-Implementation/nrf54l15_hal.cpp.o
 .rodata.CSWTCH.448
                0x00000000000055cc        0xc /home/lolren/.cache/arduino/sketches/B2331C0E26E6ACE6E48102A02F83FF1E/libraries/Nrf54L15-Clean-Implementation/nrf54l15_hal.cpp.o
 .rodata._ZN12_GLOBAL__N_1L18kBleAttributeUuidsE
                0x00000000000055d8       0x3c /home/lolren/.cache/arduino/sketches/B2331C0E26E6ACE6E48102A02F83FF1E/libraries/Nrf54L15-Clean-Implementation/nrf54l15_hal.cpp.o
 .rodata._ZN12_GLOBAL__N_1L19kBleCharacteristicsE
                0x0000000000005614       0x28 /home/lolren/.cache/arduino/sketches/B2331C0E26E6ACE6E48102A02F83FF1E/libraries/Nrf54L15-Clean-Implementation/nrf54l15_hal.cpp.o
 .rodata._ZN12_GLOBAL__N_1L19kBlePrimaryServicesE
                0x000000000000563c       0x12 /home/lolren/.cache/arduino/sketches/B2331C0E26E6ACE6E48102A02F83FF1E/libraries/Nrf54L15-Clean-Implementation/nrf54l15_hal.cpp.o
 .rodata._ZN12_GLOBAL__N_1L8kAesRconE
                0x000000000000564e        0xb /home/lolren/.cache/arduino/sketches/B2331C0E26E6ACE6E48102A02F83FF1E/libraries/Nrf54L15-Clean-Implementation/nrf54l15_hal.cpp.o
 .rodata._ZN12_GLOBAL__N_1L8kAesSboxE
                0x0000000000005659      0x100 /home/lolren/.cache/arduino/sketches/B2331C0E26E6ACE6E48102A02F83FF1E/libraries/Nrf54L15-Clean-Implementation/nrf54l15_hal.cpp.o
 *fill*         0x0000000000005759        0x3 
 .rodata.CSWTCH.23
                0x000000000000575c        0xc /home/lolren/.cache/arduino/sketches/B2331C0E26E6ACE6E48102A02F83FF1E/core/core.a(HardwareSerial.cpp.o)
 .rodata._ZTV14HardwareSerial
                0x0000000000005768       0x24 /home/lolren/.cache/arduino/sketches/B2331C0E26E6ACE6E48102A02F83FF1E/core/core.a(HardwareSerial.cpp.o)
                0x0000000000005768                vtable for HardwareSerial
                0x000000000000578c                . = ALIGN (0x4)

.rel.dyn        0x000000000000578c        0x0
 .rel.iplt      0x000000000000578c        0x0 /home/lolren/.arduino15/packages/adafruit/tools/arm-none-eabi-gcc/9-2019q4/bin/../lib/gcc/arm-none-eabi/9.2.1/thumb/v8-m.main/nofp/crtbegin.o

.ARM.extab
 *(.ARM.extab* .gnu.linkonce.armextab.*)

.ARM            0x000000000000578c        0x0
                0x000000000000578c                __exidx_start = .
 *(.ARM.exidx*)
                0x000000000000578c                __exidx_end = .

.data           0x0000000020000000       0x68 load address 0x000000000000578c
                0x0000000020000000                . = ALIGN (0x4)
                0x0000000020000000                _sdata = .
 *(.data)
 *(.data*)
 .data.SystemCoreClock
                0x0000000020000000        0x4 /home/lolren/.cache/arduino/sketches/B2331C0E26E6ACE6E48102A02F83FF1E/core/core.a(system_nrf54l15.c.o)
                0x0000000020000000                SystemCoreClock
 .data._impure_ptr
                0x0000000020000004        0x4 /home/lolren/.arduino15/packages/adafruit/tools/arm-none-eabi-gcc/9-2019q4/bin/../lib/gcc/arm-none-eabi/9.2.1/../../../../arm-none-eabi/lib/thumb/v8-m.main/nofp/libc_nano.a(lib_a-impure.o)
                0x0000000020000004                _impure_ptr
 .data.impure_data
                0x0000000020000008       0x60 /home/lolren/.arduino15/packages/adafruit/tools/arm-none-eabi-gcc/9-2019q4/bin/../lib/gcc/arm-none-eabi/9.2.1/../../../../arm-none-eabi/lib/thumb/v8-m.main/nofp/libc_nano.a(lib_a-impure.o)
                0x0000000020000068                . = ALIGN (0x4)
                0x0000000020000068                _edata = .
                0x000000000000578c                _sidata = LOADADDR (.data)

.igot.plt       0x0000000020000068        0x0 load address 0x00000000000057f4
 .igot.plt      0x0000000020000068        0x0 /home/lolren/.arduino15/packages/adafruit/tools/arm-none-eabi-gcc/9-2019q4/bin/../lib/gcc/arm-none-eabi/9.2.1/thumb/v8-m.main/nofp/crtbegin.o

.bss            0x0000000020000068      0x618 load address 0x00000000000057f4
                0x0000000020000068                . = ALIGN (0x4)
                0x0000000020000068                _sbss = .
                0x0000000020000068                __bss_start__ = _sbss
 *(.bss)
 .bss           0x0000000020000068       0x1c /home/lolren/.arduino15/packages/adafruit/tools/arm-none-eabi-gcc/9-2019q4/bin/../lib/gcc/arm-none-eabi/9.2.1/thumb/v8-m.main/nofp/crtbegin.o
 *(.bss*)
 .bss._ZL10g_bleReady
                0x0000000020000084        0x1 /home/lolren/.cache/arduino/sketches/B2331C0E26E6ACE6E48102A02F83FF1E/sketch/BlePairingEncryptionStatus.ino.cpp.o
 *fill*         0x0000000020000085        0x3 
 .bss._ZL14g_lastAdvLogMs
                0x0000000020000088        0x4 /home/lolren/.cache/arduino/sketches/B2331C0E26E6ACE6E48102A02F83FF1E/sketch/BlePairingEncryptionStatus.ino.cpp.o
 .bss._ZL15g_prevConnected
                0x000000002000008c        0x1 /home/lolren/.cache/arduino/sketches/B2331C0E26E6ACE6E48102A02F83FF1E/sketch/BlePairingEncryptionStatus.ino.cpp.o
 .bss._ZL15g_prevEncrypted
                0x000000002000008d        0x1 /home/lolren/.cache/arduino/sketches/B2331C0E26E6ACE6E48102A02F83FF1E/sketch/BlePairingEncryptionStatus.ino.cpp.o
 *fill*         0x000000002000008e        0x2 
 .bss._ZL20g_lastInitErrorLogMs
                0x0000000020000090        0x4 /home/lolren/.cache/arduino/sketches/B2331C0E26E6ACE6E48102A02F83FF1E/sketch/BlePairingEncryptionStatus.ino.cpp.o
 .bss._ZL21g_connectionAnnounced
                0x0000000020000094        0x1 /home/lolren/.cache/arduino/sketches/B2331C0E26E6ACE6E48102A02F83FF1E/sketch/BlePairingEncryptionStatus.ino.cpp.o
 *fill*         0x0000000020000095        0x3 
 .bss._ZL5g_ble
                0x0000000020000098      0x558 /home/lolren/.cache/arduino/sketches/B2331C0E26E6ACE6E48102A02F83FF1E/sketch/BlePairingEncryptionStatus.ino.cpp.o
 .bss._ZL7g_power
                0x00000000200005f0        0xc /home/lolren/.cache/arduino/sketches/B2331C0E26E6ACE6E48102A02F83FF1E/sketch/BlePairingEncryptionStatus.ino.cpp.o
 .bss._ZN12_GLOBAL__N_118g_boardAntennaPathE
                0x00000000200005fc        0x1 /home/lolren/.cache/arduino/sketches/B2331C0E26E6ACE6E48102A02F83FF1E/libraries/Nrf54L15-Clean-Implementation/nrf54l15_hal.cpp.o
 .bss._ZN12_GLOBAL__N_1L9g_antennaE
                0x00000000200005fd        0x1 /home/lolren/.cache/arduino/sketches/B2331C0E26E6ACE6E48102A02F83FF1E/core/variant.cpp.o
 *fill*         0x00000000200005fe        0x2 
 .bss.Serial    0x0000000020000600       0x14 /home/lolren/.cache/arduino/sketches/B2331C0E26E6ACE6E48102A02F83FF1E/core/core.a(HardwareSerial.cpp.o)
                0x0000000020000600                Serial
 .bss.Serial1   0x0000000020000614       0x14 /home/lolren/.cache/arduino/sketches/B2331C0E26E6ACE6E48102A02F83FF1E/core/core.a(HardwareSerial.cpp.o)
                0x0000000020000614                Serial1
 .bss.g_irq_channels
                0x0000000020000628       0x40 /home/lolren/.cache/arduino/sketches/B2331C0E26E6ACE6E48102A02F83FF1E/core/core.a(wiring_digital.c.o)
 .bss.g_irq_state_initialized
                0x0000000020000668        0x1 /home/lolren/.cache/arduino/sketches/B2331C0E26E6ACE6E48102A02F83FF1E/core/core.a(wiring_digital.c.o)
 *fill*         0x0000000020000669        0x3 
 .bss.g_millis_ticks
                0x000000002000066c        0x4 /home/lolren/.cache/arduino/sketches/B2331C0E26E6ACE6E48102A02F83FF1E/core/core.a(wiring_time.c.o)
 .bss.__malloc_free_list
                0x0000000020000670        0x4 /home/lolren/.arduino15/packages/adafruit/tools/arm-none-eabi-gcc/9-2019q4/bin/../lib/gcc/arm-none-eabi/9.2.1/../../../../arm-none-eabi/lib/thumb/v8-m.main/nofp/libc_nano.a(lib_a-nano-mallocr.o)
                0x0000000020000670                __malloc_free_list
 *(COMMON)
 COMMON         0x0000000020000674        0x9 /home/lolren/.arduino15/packages/adafruit/tools/arm-none-eabi-gcc/9-2019q4/bin/../lib/gcc/arm-none-eabi/9.2.1/../../../../arm-none-eabi/lib/thumb/v8-m.main/nofp/libc_nano.a(lib_a-lock.o)
                0x0000000020000674                __lock___atexit_recursive_mutex
                0x0000000020000675                __lock___arc4random_mutex
                0x0000000020000676                __lock___env_recursive_mutex
                0x0000000020000677                __lock___sinit_recursive_mutex
                0x0000000020000678                __lock___malloc_recursive_mutex
                0x0000000020000679                __lock___at_quick_exit_mutex
                0x000000002000067a                __lock___dd_hash_mutex
                0x000000002000067b                __lock___tz_mutex
                0x000000002000067c                __lock___sfp_recursive_mutex
                0x0000000020000680                . = ALIGN (0x4)
 *fill*         0x000000002000067d        0x3 
                0x0000000020000680                _ebss = .
                0x0000000020000680                __bss_end__ = _ebss

.noinit         0x0000000020000680       0x38 load address 0x00000000000057f4
                0x0000000020000680                . = ALIGN (0x4)
                0x0000000020000680                _snoinit = .
 *(.noinit)
 .noinit        0x0000000020000680       0x38 /home/lolren/.cache/arduino/sketches/B2331C0E26E6ACE6E48102A02F83FF1E/libraries/Nrf54L15-Clean-Implementation/nrf54l15_hal.cpp.o
 *(.noinit*)
                0x00000000200006b8                . = ALIGN (0x4)
                0x00000000200006b8                _enoinit = .

._user_heap_stack
                0x00000000200006b8     0x2000 load address 0x00000000000057f4
                0x00000000200006b8                . = ALIGN (0x8)
                [!provide]                        PROVIDE (__heap_start__ = .)
                0x00000000200006b8                PROVIDE (end = .)
                [!provide]                        PROVIDE (_end = .)
                0x00000000200016b8                . = (. + __heap_size__)
 *fill*         0x00000000200006b8     0x1000 
                [!provide]                        PROVIDE (__heap_end__ = .)
                0x00000000200026b8                . = (. + __stack_size__)
 *fill*         0x00000000200016b8     0x1000 
                0x00000000200026b8                . = ALIGN (0x8)
                0x0000000020010000                __stack_start__ = (ORIGIN (RAM) + LENGTH (RAM))
                0x000000002000f000                __stack_end__ = (__stack_start__ - __stack_size__)
                0x00000000200026b8                . = ALIGN (0x4)
OUTPUT(/home/lolren/.cache/arduino/sketches/B2331C0E26E6ACE6E48102A02F83FF1E/BlePairingEncryptionStatus.ino.elf elf32-littlearm)

.ARM.attributes
                0x0000000000000000       0x30
 .ARM.attributes
                0x0000000000000000       0x22 /home/lolren/.arduino15/packages/adafruit/tools/arm-none-eabi-gcc/9-2019q4/bin/../lib/gcc/arm-none-eabi/9.2.1/thumb/v8-m.main/nofp/crti.o
 .ARM.attributes
                0x0000000000000022       0x32 /home/lolren/.arduino15/packages/adafruit/tools/arm-none-eabi-gcc/9-2019q4/bin/../lib/gcc/arm-none-eabi/9.2.1/thumb/v8-m.main/nofp/crtbegin.o
 .ARM.attributes
                0x0000000000000054       0x34 /home/lolren/.cache/arduino/sketches/B2331C0E26E6ACE6E48102A02F83FF1E/sketch/BlePairingEncryptionStatus.ino.cpp.o
 .ARM.attributes
                0x0000000000000088       0x34 /home/lolren/.cache/arduino/sketches/B2331C0E26E6ACE6E48102A02F83FF1E/libraries/Nrf54L15-Clean-Implementation/nrf54l15_hal.cpp.o
 .ARM.attributes
                0x00000000000000bc       0x34 /home/lolren/.cache/arduino/sketches/B2331C0E26E6ACE6E48102A02F83FF1E/core/variant.cpp.o
 .ARM.attributes
                0x00000000000000f0       0x34 /home/lolren/.cache/arduino/sketches/B2331C0E26E6ACE6E48102A02F83FF1E/core/core.a(HardwareSerial.cpp.o)
 .ARM.attributes
                0x0000000000000124       0x34 /home/lolren/.cache/arduino/sketches/B2331C0E26E6ACE6E48102A02F83FF1E/core/core.a(Print.cpp.o)
 .ARM.attributes
                0x0000000000000158       0x34 /home/lolren/.cache/arduino/sketches/B2331C0E26E6ACE6E48102A02F83FF1E/core/core.a(main.cpp.o)
 .ARM.attributes
                0x000000000000018c       0x34 /home/lolren/.cache/arduino/sketches/B2331C0E26E6ACE6E48102A02F83FF1E/core/core.a(new.cpp.o)
 .ARM.attributes
                0x00000000000001c0       0x24 /home/lolren/.cache/arduino/sketches/B2331C0E26E6ACE6E48102A02F83FF1E/core/core.a(startup_nrf54l15.S.o)
 .ARM.attributes
                0x00000000000001e4       0x34 /home/lolren/.cache/arduino/sketches/B2331C0E26E6ACE6E48102A02F83FF1E/core/core.a(wiring_digital.c.o)
 .ARM.attributes
                0x0000000000000218       0x34 /home/lolren/.cache/arduino/sketches/B2331C0E26E6ACE6E48102A02F83FF1E/core/core.a(wiring_time.c.o)
 .ARM.attributes
                0x000000000000024c       0x34 /home/lolren/.cache/arduino/sketches/B2331C0E26E6ACE6E48102A02F83FF1E/core/core.a(idle_service.cpp.o)
 .ARM.attributes
                0x0000000000000280       0x34 /home/lolren/.cache/arduino/sketches/B2331C0E26E6ACE6E48102A02F83FF1E/core/core.a(system_nrf54l15.c.o)
 .ARM.attributes
                0x00000000000002b4       0x32 /home/lolren/.arduino15/packages/adafruit/tools/arm-none-eabi-gcc/9-2019q4/bin/../lib/gcc/arm-none-eabi/9.2.1/../../../../arm-none-eabi/lib/thumb/v8-m.main/nofp/libc_nano.a(lib_a-impure.o)
 .ARM.attributes
                0x00000000000002e6       0x32 /home/lolren/.arduino15/packages/adafruit/tools/arm-none-eabi-gcc/9-2019q4/bin/../lib/gcc/arm-none-eabi/9.2.1/../../../../arm-none-eabi/lib/thumb/v8-m.main/nofp/libc_nano.a(lib_a-init.o)
 .ARM.attributes
                0x0000000000000318       0x32 /home/lolren/.arduino15/packages/adafruit/tools/arm-none-eabi-gcc/9-2019q4/bin/../lib/gcc/arm-none-eabi/9.2.1/../../../../arm-none-eabi/lib/thumb/v8-m.main/nofp/libc_nano.a(lib_a-malloc.o)
 .ARM.attributes
                0x000000000000034a       0x32 /home/lolren/.arduino15/packages/adafruit/tools/arm-none-eabi-gcc/9-2019q4/bin/../lib/gcc/arm-none-eabi/9.2.1/../../../../arm-none-eabi/lib/thumb/v8-m.main/nofp/libc_nano.a(lib_a-memcmp.o)
 .ARM.attributes
                0x000000000000037c       0x32 /home/lolren/.arduino15/packages/adafruit/tools/arm-none-eabi-gcc/9-2019q4/bin/../lib/gcc/arm-none-eabi/9.2.1/../../../../arm-none-eabi/lib/thumb/v8-m.main/nofp/libc_nano.a(lib_a-memcpy-stub.o)
 .ARM.attributes
                0x00000000000003ae       0x32 /home/lolren/.arduino15/packages/adafruit/tools/arm-none-eabi-gcc/9-2019q4/bin/../lib/gcc/arm-none-eabi/9.2.1/../../../../arm-none-eabi/lib/thumb/v8-m.main/nofp/libc_nano.a(lib_a-memset.o)
 .ARM.attributes
                0x00000000000003e0       0x32 /home/lolren/.arduino15/packages/adafruit/tools/arm-none-eabi-gcc/9-2019q4/bin/../lib/gcc/arm-none-eabi/9.2.1/../../../../arm-none-eabi/lib/thumb/v8-m.main/nofp/libc_nano.a(lib_a-nano-freer.o)
 .ARM.attributes
                0x0000000000000412       0x32 /home/lolren/.arduino15/packages/adafruit/tools/arm-none-eabi-gcc/9-2019q4/bin/../lib/gcc/arm-none-eabi/9.2.1/../../../../arm-none-eabi/lib/thumb/v8-m.main/nofp/libc_nano.a(lib_a-nano-mallocr.o)
 .ARM.attributes
                0x0000000000000444       0x17 /home/lolren/.arduino15/packages/adafruit/tools/arm-none-eabi-gcc/9-2019q4/bin/../lib/gcc/arm-none-eabi/9.2.1/../../../../arm-none-eabi/lib/thumb/v8-m.main/nofp/libc_nano.a(lib_a-strlen.o)
 .ARM.attributes
                0x000000000000045b       0x32 /home/lolren/.arduino15/packages/adafruit/tools/arm-none-eabi-gcc/9-2019q4/bin/../lib/gcc/arm-none-eabi/9.2.1/../../../../arm-none-eabi/lib/thumb/v8-m.main/nofp/libc_nano.a(lib_a-mlock.o)
 .ARM.attributes
                0x000000000000048d       0x32 /home/lolren/.arduino15/packages/adafruit/tools/arm-none-eabi-gcc/9-2019q4/bin/../lib/gcc/arm-none-eabi/9.2.1/../../../../arm-none-eabi/lib/thumb/v8-m.main/nofp/libc_nano.a(lib_a-lock.o)
 .ARM.attributes
                0x00000000000004bf       0x22 /home/lolren/.arduino15/packages/adafruit/tools/arm-none-eabi-gcc/9-2019q4/bin/../lib/gcc/arm-none-eabi/9.2.1/thumb/v8-m.main/nofp/crtn.o

.comment        0x0000000000000000       0x79
 .comment       0x0000000000000000       0x79 /home/lolren/.cache/arduino/sketches/B2331C0E26E6ACE6E48102A02F83FF1E/sketch/BlePairingEncryptionStatus.ino.cpp.o
                                         0x7a (size before relaxing)
 .comment       0x0000000000000079       0x7a /home/lolren/.cache/arduino/sketches/B2331C0E26E6ACE6E48102A02F83FF1E/libraries/Nrf54L15-Clean-Implementation/nrf54l15_hal.cpp.o
 .comment       0x0000000000000079       0x7a /home/lolren/.cache/arduino/sketches/B2331C0E26E6ACE6E48102A02F83FF1E/core/variant.cpp.o
 .comment       0x0000000000000079       0x7a /home/lolren/.cache/arduino/sketches/B2331C0E26E6ACE6E48102A02F83FF1E/core/core.a(HardwareSerial.cpp.o)
 .comment       0x0000000000000079       0x7a /home/lolren/.cache/arduino/sketches/B2331C0E26E6ACE6E48102A02F83FF1E/core/core.a(Print.cpp.o)
 .comment       0x0000000000000079       0x7a /home/lolren/.cache/arduino/sketches/B2331C0E26E6ACE6E48102A02F83FF1E/core/core.a(main.cpp.o)
 .comment       0x0000000000000079       0x7a /home/lolren/.cache/arduino/sketches/B2331C0E26E6ACE6E48102A02F83FF1E/core/core.a(new.cpp.o)
 .comment       0x0000000000000079       0x7a /home/lolren/.cache/arduino/sketches/B2331C0E26E6ACE6E48102A02F83FF1E/core/core.a(wiring_digital.c.o)
 .comment       0x0000000000000079       0x7a /home/lolren/.cache/arduino/sketches/B2331C0E26E6ACE6E48102A02F83FF1E/core/core.a(wiring_time.c.o)
 .comment       0x0000000000000079       0x7a /home/lolren/.cache/arduino/sketches/B2331C0E26E6ACE6E48102A02F83FF1E/core/core.a(idle_service.cpp.o)
 .comment       0x0000000000000079       0x7a /home/lolren/.cache/arduino/sketches/B2331C0E26E6ACE6E48102A02F83FF1E/core/core.a(system_nrf54l15.c.o)

.debug_info     0x0000000000000000    0x5585a
 .debug_info    0x0000000000000000     0xc694 /home/lolren/.cache/arduino/sketches/B2331C0E26E6ACE6E48102A02F83FF1E/sketch/BlePairingEncryptionStatus.ino.cpp.o
 .debug_info    0x000000000000c694    0x217eb /home/lolren/.cache/arduino/sketches/B2331C0E26E6ACE6E48102A02F83FF1E/libraries/Nrf54L15-Clean-Implementation/nrf54l15_hal.cpp.o
 .debug_info    0x000000000002de7f     0x8414 /home/lolren/.cache/arduino/sketches/B2331C0E26E6ACE6E48102A02F83FF1E/core/variant.cpp.o
 .debug_info    0x0000000000036293     0xa1b2 /home/lolren/.cache/arduino/sketches/B2331C0E26E6ACE6E48102A02F83FF1E/core/core.a(HardwareSerial.cpp.o)
 .debug_info    0x0000000000040445     0x2a06 /home/lolren/.cache/arduino/sketches/B2331C0E26E6ACE6E48102A02F83FF1E/core/core.a(Print.cpp.o)
 .debug_info    0x0000000000042e4b     0x771e /home/lolren/.cache/arduino/sketches/B2331C0E26E6ACE6E48102A02F83FF1E/core/core.a(main.cpp.o)
 .debug_info    0x000000000004a569     0x1062 /home/lolren/.cache/arduino/sketches/B2331C0E26E6ACE6E48102A02F83FF1E/core/core.a(new.cpp.o)
 .debug_info    0x000000000004b5cb       0x26 /home/lolren/.cache/arduino/sketches/B2331C0E26E6ACE6E48102A02F83FF1E/core/core.a(startup_nrf54l15.S.o)
 .debug_info    0x000000000004b5f1     0x1c8b /home/lolren/.cache/arduino/sketches/B2331C0E26E6ACE6E48102A02F83FF1E/core/core.a(wiring_digital.c.o)
 .debug_info    0x000000000004d27c      0xc7e /home/lolren/.cache/arduino/sketches/B2331C0E26E6ACE6E48102A02F83FF1E/core/core.a(wiring_time.c.o)
 .debug_info    0x000000000004defa     0x7666 /home/lolren/.cache/arduino/sketches/B2331C0E26E6ACE6E48102A02F83FF1E/core/core.a(idle_service.cpp.o)
 .debug_info    0x0000000000055560      0x2fa /home/lolren/.cache/arduino/sketches/B2331C0E26E6ACE6E48102A02F83FF1E/core/core.a(system_nrf54l15.c.o)

.debug_abbrev   0x0000000000000000     0x4ddd
 .debug_abbrev  0x0000000000000000      0xa76 /home/lolren/.cache/arduino/sketches/B2331C0E26E6ACE6E48102A02F83FF1E/sketch/BlePairingEncryptionStatus.ino.cpp.o
 .debug_abbrev  0x0000000000000a76     0x1047 /home/lolren/.cache/arduino/sketches/B2331C0E26E6ACE6E48102A02F83FF1E/libraries/Nrf54L15-Clean-Implementation/nrf54l15_hal.cpp.o
 .debug_abbrev  0x0000000000001abd      0x7d9 /home/lolren/.cache/arduino/sketches/B2331C0E26E6ACE6E48102A02F83FF1E/core/variant.cpp.o
 .debug_abbrev  0x0000000000002296      0xb2a /home/lolren/.cache/arduino/sketches/B2331C0E26E6ACE6E48102A02F83FF1E/core/core.a(HardwareSerial.cpp.o)
 .debug_abbrev  0x0000000000002dc0      0x538 /home/lolren/.cache/arduino/sketches/B2331C0E26E6ACE6E48102A02F83FF1E/core/core.a(Print.cpp.o)
 .debug_abbrev  0x00000000000032f8      0x6b7 /home/lolren/.cache/arduino/sketches/B2331C0E26E6ACE6E48102A02F83FF1E/core/core.a(main.cpp.o)
 .debug_abbrev  0x00000000000039af      0x3b5 /home/lolren/.cache/arduino/sketches/B2331C0E26E6ACE6E48102A02F83FF1E/core/core.a(new.cpp.o)
 .debug_abbrev  0x0000000000003d64       0x14 /home/lolren/.cache/arduino/sketches/B2331C0E26E6ACE6E48102A02F83FF1E/core/core.a(startup_nrf54l15.S.o)
 .debug_abbrev  0x0000000000003d78      0x5ac /home/lolren/.cache/arduino/sketches/B2331C0E26E6ACE6E48102A02F83FF1E/core/core.a(wiring_digital.c.o)
 .debug_abbrev  0x0000000000004324      0x327 /home/lolren/.cache/arduino/sketches/B2331C0E26E6ACE6E48102A02F83FF1E/core/core.a(wiring_time.c.o)
 .debug_abbrev  0x000000000000464b      0x655 /home/lolren/.cache/arduino/sketches/B2331C0E26E6ACE6E48102A02F83FF1E/core/core.a(idle_service.cpp.o)
 .debug_abbrev  0x0000000000004ca0      0x13d /home/lolren/.cache/arduino/sketches/B2331C0E26E6ACE6E48102A02F83FF1E/core/core.a(system_nrf54l15.c.o)

.debug_loc      0x0000000000000000    0x168ba
 .debug_loc     0x0000000000000000      0x262 /home/lolren/.cache/arduino/sketches/B2331C0E26E6ACE6E48102A02F83FF1E/sketch/BlePairingEncryptionStatus.ino.cpp.o
 .debug_loc     0x0000000000000262    0x13287 /home/lolren/.cache/arduino/sketches/B2331C0E26E6ACE6E48102A02F83FF1E/libraries/Nrf54L15-Clean-Implementation/nrf54l15_hal.cpp.o
 .debug_loc     0x00000000000134e9      0x13c /home/lolren/.cache/arduino/sketches/B2331C0E26E6ACE6E48102A02F83FF1E/core/variant.cpp.o
 .debug_loc     0x0000000000013625      0xf6e /home/lolren/.cache/arduino/sketches/B2331C0E26E6ACE6E48102A02F83FF1E/core/core.a(HardwareSerial.cpp.o)
 .debug_loc     0x0000000000014593     0x1448 /home/lolren/.cache/arduino/sketches/B2331C0E26E6ACE6E48102A02F83FF1E/core/core.a(Print.cpp.o)
 .debug_loc     0x00000000000159db       0xa2 /home/lolren/.cache/arduino/sketches/B2331C0E26E6ACE6E48102A02F83FF1E/core/core.a(new.cpp.o)
 .debug_loc     0x0000000000015a7d      0xc56 /home/lolren/.cache/arduino/sketches/B2331C0E26E6ACE6E48102A02F83FF1E/core/core.a(wiring_digital.c.o)
 .debug_loc     0x00000000000166d3      0x157 /home/lolren/.cache/arduino/sketches/B2331C0E26E6ACE6E48102A02F83FF1E/core/core.a(wiring_time.c.o)
 .debug_loc     0x000000000001682a       0x90 /home/lolren/.cache/arduino/sketches/B2331C0E26E6ACE6E48102A02F83FF1E/core/core.a(system_nrf54l15.c.o)

.debug_aranges  0x0000000000000000      0xa28
 .debug_aranges
                0x0000000000000000       0x38 /home/lolren/.cache/arduino/sketches/B2331C0E26E6ACE6E48102A02F83FF1E/sketch/BlePairingEncryptionStatus.ino.cpp.o
 .debug_aranges
                0x0000000000000038      0x690 /home/lolren/.cache/arduino/sketches/B2331C0E26E6ACE6E48102A02F83FF1E/libraries/Nrf54L15-Clean-Implementation/nrf54l15_hal.cpp.o
 .debug_aranges
                0x00000000000006c8       0x38 /home/lolren/.cache/arduino/sketches/B2331C0E26E6ACE6E48102A02F83FF1E/core/variant.cpp.o
 .debug_aranges
                0x0000000000000700       0x98 /home/lolren/.cache/arduino/sketches/B2331C0E26E6ACE6E48102A02F83FF1E/core/core.a(HardwareSerial.cpp.o)
 .debug_aranges
                0x0000000000000798       0xe0 /home/lolren/.cache/arduino/sketches/B2331C0E26E6ACE6E48102A02F83FF1E/core/core.a(Print.cpp.o)
 .debug_aranges
                0x0000000000000878       0x38 /home/lolren/.cache/arduino/sketches/B2331C0E26E6ACE6E48102A02F83FF1E/core/core.a(main.cpp.o)
 .debug_aranges
                0x00000000000008b0       0x38 /home/lolren/.cache/arduino/sketches/B2331C0E26E6ACE6E48102A02F83FF1E/core/core.a(new.cpp.o)
 .debug_aranges
                0x00000000000008e8       0x20 /home/lolren/.cache/arduino/sketches/B2331C0E26E6ACE6E48102A02F83FF1E/core/core.a(startup_nrf54l15.S.o)
 .debug_aranges
                0x0000000000000908       0x90 /home/lolren/.cache/arduino/sketches/B2331C0E26E6ACE6E48102A02F83FF1E/core/core.a(wiring_digital.c.o)
 .debug_aranges
                0x0000000000000998       0x48 /home/lolren/.cache/arduino/sketches/B2331C0E26E6ACE6E48102A02F83FF1E/core/core.a(wiring_time.c.o)
 .debug_aranges
                0x00000000000009e0       0x20 /home/lolren/.cache/arduino/sketches/B2331C0E26E6ACE6E48102A02F83FF1E/core/core.a(idle_service.cpp.o)
 .debug_aranges
                0x0000000000000a00       0x28 /home/lolren/.cache/arduino/sketches/B2331C0E26E6ACE6E48102A02F83FF1E/core/core.a(system_nrf54l15.c.o)

.debug_ranges   0x0000000000000000     0x2d40
 .debug_ranges  0x0000000000000000       0xb0 /home/lolren/.cache/arduino/sketches/B2331C0E26E6ACE6E48102A02F83FF1E/sketch/BlePairingEncryptionStatus.ino.cpp.o
 .debug_ranges  0x00000000000000b0     0x24f8 /home/lolren/.cache/arduino/sketches/B2331C0E26E6ACE6E48102A02F83FF1E/libraries/Nrf54L15-Clean-Implementation/nrf54l15_hal.cpp.o
 .debug_ranges  0x00000000000025a8       0x80 /home/lolren/.cache/arduino/sketches/B2331C0E26E6ACE6E48102A02F83FF1E/core/variant.cpp.o
 .debug_ranges  0x0000000000002628      0x1a8 /home/lolren/.cache/arduino/sketches/B2331C0E26E6ACE6E48102A02F83FF1E/core/core.a(HardwareSerial.cpp.o)
 .debug_ranges  0x00000000000027d0      0x220 /home/lolren/.cache/arduino/sketches/B2331C0E26E6ACE6E48102A02F83FF1E/core/core.a(Print.cpp.o)
 .debug_ranges  0x00000000000029f0       0x28 /home/lolren/.cache/arduino/sketches/B2331C0E26E6ACE6E48102A02F83FF1E/core/core.a(main.cpp.o)
 .debug_ranges  0x0000000000002a18       0x28 /home/lolren/.cache/arduino/sketches/B2331C0E26E6ACE6E48102A02F83FF1E/core/core.a(new.cpp.o)
 .debug_ranges  0x0000000000002a40      0x288 /home/lolren/.cache/arduino/sketches/B2331C0E26E6ACE6E48102A02F83FF1E/core/core.a(wiring_digital.c.o)
 .debug_ranges  0x0000000000002cc8       0x50 /home/lolren/.cache/arduino/sketches/B2331C0E26E6ACE6E48102A02F83FF1E/core/core.a(wiring_time.c.o)
 .debug_ranges  0x0000000000002d18       0x10 /home/lolren/.cache/arduino/sketches/B2331C0E26E6ACE6E48102A02F83FF1E/core/core.a(idle_service.cpp.o)
 .debug_ranges  0x0000000000002d28       0x18 /home/lolren/.cache/arduino/sketches/B2331C0E26E6ACE6E48102A02F83FF1E/core/core.a(system_nrf54l15.c.o)

.debug_macro    0x0000000000000000    0x6ecd9
 .debug_macro   0x0000000000000000      0x49d /home/lolren/.cache/arduino/sketches/B2331C0E26E6ACE6E48102A02F83FF1E/sketch/BlePairingEncryptionStatus.ino.cpp.o
 .debug_macro   0x000000000000049d      0xc10 /home/lolren/.cache/arduino/sketches/B2331C0E26E6ACE6E48102A02F83FF1E/sketch/BlePairingEncryptionStatus.ino.cpp.o
 .debug_macro   0x00000000000010ad      0x17c /home/lolren/.cache/arduino/sketches/B2331C0E26E6ACE6E48102A02F83FF1E/sketch/BlePairingEncryptionStatus.ino.cpp.o
 .debug_macro   0x0000000000001229       0x10 /home/lolren/.cache/arduino/sketches/B2331C0E26E6ACE6E48102A02F83FF1E/sketch/BlePairingEncryptionStatus.ino.cpp.o
 .debug_macro   0x0000000000001239       0x9e /home/lolren/.cache/arduino/sketches/B2331C0E26E6ACE6E48102A02F83FF1E/sketch/BlePairingEncryptionStatus.ino.cpp.o
 .debug_macro   0x00000000000012d7       0xfd /home/lolren/.cache/arduino/sketches/B2331C0E26E6ACE6E48102A02F83FF1E/sketch/BlePairingEncryptionStatus.ino.cpp.o
 .debug_macro   0x00000000000013d4      0x38b /home/lolren/.cache/arduino/sketches/B2331C0E26E6ACE6E48102A02F83FF1E/sketch/BlePairingEncryptionStatus.ino.cpp.o
 .debug_macro   0x000000000000175f       0x18 /home/lolren/.cache/arduino/sketches/B2331C0E26E6ACE6E48102A02F83FF1E/sketch/BlePairingEncryptionStatus.ino.cpp.o
 .debug_macro   0x0000000000001777       0x22 /home/lolren/.cache/arduino/sketches/B2331C0E26E6ACE6E48102A02F83FF1E/sketch/BlePairingEncryptionStatus.ino.cpp.o
 .debug_macro   0x0000000000001799       0x58 /home/lolren/.cache/arduino/sketches/B2331C0E26E6ACE6E48102A02F83FF1E/sketch/BlePairingEncryptionStatus.ino.cpp.o
 .debug_macro   0x00000000000017f1       0x18 /home/lolren/.cache/arduino/sketches/B2331C0E26E6ACE6E48102A02F83FF1E/sketch/BlePairingEncryptionStatus.ino.cpp.o
 .debug_macro   0x0000000000001809       0x94 /home/lolren/.cache/arduino/sketches/B2331C0E26E6ACE6E48102A02F83FF1E/sketch/BlePairingEncryptionStatus.ino.cpp.o
 .debug_macro   0x000000000000189d       0x35 /home/lolren/.cache/arduino/sketches/B2331C0E26E6ACE6E48102A02F83FF1E/sketch/BlePairingEncryptionStatus.ino.cpp.o
 .debug_macro   0x00000000000018d2       0x34 /home/lolren/.cache/arduino/sketches/B2331C0E26E6ACE6E48102A02F83FF1E/sketch/BlePairingEncryptionStatus.ino.cpp.o
 .debug_macro   0x0000000000001906      0x17b /home/lolren/.cache/arduino/sketches/B2331C0E26E6ACE6E48102A02F83FF1E/sketch/BlePairingEncryptionStatus.ino.cpp.o
 .debug_macro   0x0000000000001a81       0x57 /home/lolren/.cache/arduino/sketches/B2331C0E26E6ACE6E48102A02F83FF1E/sketch/BlePairingEncryptionStatus.ino.cpp.o
 .debug_macro   0x0000000000001ad8       0x58 /home/lolren/.cache/arduino/sketches/B2331C0E26E6ACE6E48102A02F83FF1E/sketch/BlePairingEncryptionStatus.ino.cpp.o
 .debug_macro   0x0000000000001b30       0x1f /home/lolren/.cache/arduino/sketches/B2331C0E26E6ACE6E48102A02F83FF1E/sketch/BlePairingEncryptionStatus.ino.cpp.o
 .debug_macro   0x0000000000001b4f       0x43 /home/lolren/.cache/arduino/sketches/B2331C0E26E6ACE6E48102A02F83FF1E/sketch/BlePairingEncryptionStatus.ino.cpp.o
 .debug_macro   0x0000000000001b92       0x20 /home/lolren/.cache/arduino/sketches/B2331C0E26E6ACE6E48102A02F83FF1E/sketch/BlePairingEncryptionStatus.ino.cpp.o
 .debug_macro   0x0000000000001bb2      0x18e /home/lolren/.cache/arduino/sketches/B2331C0E26E6ACE6E48102A02F83FF1E/sketch/BlePairingEncryptionStatus.ino.cpp.o
 .debug_macro   0x0000000000001d40      0x35c /home/lolren/.cache/arduino/sketches/B2331C0E26E6ACE6E48102A02F83FF1E/sketch/BlePairingEncryptionStatus.ino.cpp.o
 .debug_macro   0x000000000000209c      0x1da /home/lolren/.cache/arduino/sketches/B2331C0E26E6ACE6E48102A02F83FF1E/sketch/BlePairingEncryptionStatus.ino.cpp.o
 .debug_macro   0x0000000000002276       0x10 /home/lolren/.cache/arduino/sketches/B2331C0E26E6ACE6E48102A02F83FF1E/sketch/BlePairingEncryptionStatus.ino.cpp.o
 .debug_macro   0x0000000000002286       0x16 /home/lolren/.cache/arduino/sketches/B2331C0E26E6ACE6E48102A02F83FF1E/sketch/BlePairingEncryptionStatus.ino.cpp.o
 .debug_macro   0x000000000000229c       0x35 /home/lolren/.cache/arduino/sketches/B2331C0E26E6ACE6E48102A02F83FF1E/sketch/BlePairingEncryptionStatus.ino.cpp.o
 .debug_macro   0x00000000000022d1       0x16 /home/lolren/.cache/arduino/sketches/B2331C0E26E6ACE6E48102A02F83FF1E/sketch/BlePairingEncryptionStatus.ino.cpp.o
 .debug_macro   0x00000000000022e7       0x29 /home/lolren/.cache/arduino/sketches/B2331C0E26E6ACE6E48102A02F83FF1E/sketch/BlePairingEncryptionStatus.ino.cpp.o
 .debug_macro   0x0000000000002310       0x10 /home/lolren/.cache/arduino/sketches/B2331C0E26E6ACE6E48102A02F83FF1E/sketch/BlePairingEncryptionStatus.ino.cpp.o
 .debug_macro   0x0000000000002320      0x3ce /home/lolren/.cache/arduino/sketches/B2331C0E26E6ACE6E48102A02F83FF1E/sketch/BlePairingEncryptionStatus.ino.cpp.o
 .debug_macro   0x00000000000026ee       0x16 /home/lolren/.cache/arduino/sketches/B2331C0E26E6ACE6E48102A02F83FF1E/sketch/BlePairingEncryptionStatus.ino.cpp.o
 .debug_macro   0x0000000000002704       0x1c /home/lolren/.cache/arduino/sketches/B2331C0E26E6ACE6E48102A02F83FF1E/sketch/BlePairingEncryptionStatus.ino.cpp.o
 .debug_macro   0x0000000000002720       0x6e /home/lolren/.cache/arduino/sketches/B2331C0E26E6ACE6E48102A02F83FF1E/sketch/BlePairingEncryptionStatus.ino.cpp.o
 .debug_macro   0x000000000000278e       0x28 /home/lolren/.cache/arduino/sketches/B2331C0E26E6ACE6E48102A02F83FF1E/sketch/BlePairingEncryptionStatus.ino.cpp.o
 .debug_macro   0x00000000000027b6       0x6a /home/lolren/.cache/arduino/sketches/B2331C0E26E6ACE6E48102A02F83FF1E/sketch/BlePairingEncryptionStatus.ino.cpp.o
 .debug_macro   0x0000000000002820       0x18 /home/lolren/.cache/arduino/sketches/B2331C0E26E6ACE6E48102A02F83FF1E/sketch/BlePairingEncryptionStatus.ino.cpp.o
 .debug_macro   0x0000000000002838       0x2e /home/lolren/.cache/arduino/sketches/B2331C0E26E6ACE6E48102A02F83FF1E/sketch/BlePairingEncryptionStatus.ino.cpp.o
 .debug_macro   0x0000000000002866       0x1f /home/lolren/.cache/arduino/sketches/B2331C0E26E6ACE6E48102A02F83FF1E/sketch/BlePairingEncryptionStatus.ino.cpp.o
 .debug_macro   0x0000000000002885       0x88 /home/lolren/.cache/arduino/sketches/B2331C0E26E6ACE6E48102A02F83FF1E/sketch/BlePairingEncryptionStatus.ino.cpp.o
 .debug_macro   0x000000000000290d       0x19 /home/lolren/.cache/arduino/sketches/B2331C0E26E6ACE6E48102A02F83FF1E/sketch/BlePairingEncryptionStatus.ino.cpp.o
 .debug_macro   0x0000000000002926      0x120 /home/lolren/.cache/arduino/sketches/B2331C0E26E6ACE6E48102A02F83FF1E/sketch/BlePairingEncryptionStatus.ino.cpp.o
 .debug_macro   0x0000000000002a46       0x11 /home/lolren/.cache/arduino/sketches/B2331C0E26E6ACE6E48102A02F83FF1E/sketch/BlePairingEncryptionStatus.ino.cpp.o
 .debug_macro   0x0000000000002a57       0x17 /home/lolren/.cache/arduino/sketches/B2331C0E26E6ACE6E48102A02F83FF1E/sketch/BlePairingEncryptionStatus.ino.cpp.o
 .debug_macro   0x0000000000002a6e       0x17 /home/lolren/.cache/arduino/sketches/B2331C0E26E6ACE6E48102A02F83FF1E/sketch/BlePairingEncryptionStatus.ino.cpp.o
 .debug_macro   0x0000000000002a85       0x17 /home/lolren/.cache/arduino/sketches/B2331C0E26E6ACE6E48102A02F83FF1E/sketch/BlePairingEncryptionStatus.ino.cpp.o
 .debug_macro   0x0000000000002a9c       0x17 /home/lolren/.cache/arduino/sketches/B2331C0E26E6ACE6E48102A02F83FF1E/sketch/BlePairingEncryptionStatus.ino.cpp.o
 .debug_macro   0x0000000000002ab3       0x17 /home/lolren/.cache/arduino/sketches/B2331C0E26E6ACE6E48102A02F83FF1E/sketch/BlePairingEncryptionStatus.ino.cpp.o
 .debug_macro   0x0000000000002aca       0x17 /home/lolren/.cache/arduino/sketches/B2331C0E26E6ACE6E48102A02F83FF1E/sketch/BlePairingEncryptionStatus.ino.cpp.o
 .debug_macro   0x0000000000002ae1       0x16 /home/lolren/.cache/arduino/sketches/B2331C0E26E6ACE6E48102A02F83FF1E/sketch/BlePairingEncryptionStatus.ino.cpp.o
 .debug_macro   0x0000000000002af7       0x1c /home/lolren/.cache/arduino/sketches/B2331C0E26E6ACE6E48102A02F83FF1E/sketch/BlePairingEncryptionStatus.ino.cpp.o
 .debug_macro   0x0000000000002b13       0xef /home/lolren/.cache/arduino/sketches/B2331C0E26E6ACE6E48102A02F83FF1E/sketch/BlePairingEncryptionStatus.ino.cpp.o
 .debug_macro   0x0000000000002c02       0x6a /home/lolren/.cache/arduino/sketches/B2331C0E26E6ACE6E48102A02F83FF1E/sketch/BlePairingEncryptionStatus.ino.cpp.o
 .debug_macro   0x0000000000002c6c      0x1df /home/lolren/.cache/arduino/sketches/B2331C0E26E6ACE6E48102A02F83FF1E/sketch/BlePairingEncryptionStatus.ino.cpp.o
 .debug_macro   0x0000000000002e4b       0xf0 /home/lolren/.cache/arduino/sketches/B2331C0E26E6ACE6E48102A02F83FF1E/sketch/BlePairingEncryptionStatus.ino.cpp.o
 .debug_macro   0x0000000000002f3b       0x16 /home/lolren/.cache/arduino/sketches/B2331C0E26E6ACE6E48102A02F83FF1E/sketch/BlePairingEncryptionStatus.ino.cpp.o
 .debug_macro   0x0000000000002f51      0x1b2 /home/lolren/.cache/arduino/sketches/B2331C0E26E6ACE6E48102A02F83FF1E/sketch/BlePairingEncryptionStatus.ino.cpp.o
 .debug_macro   0x0000000000003103      0x142 /home/lolren/.cache/arduino/sketches/B2331C0E26E6ACE6E48102A02F83FF1E/sketch/BlePairingEncryptionStatus.ino.cpp.o
 .debug_macro   0x0000000000003245       0x52 /home/lolren/.cache/arduino/sketches/B2331C0E26E6ACE6E48102A02F83FF1E/sketch/BlePairingEncryptionStatus.ino.cpp.o
 .debug_macro   0x0000000000003297       0x1c /home/lolren/.cache/arduino/sketches/B2331C0E26E6ACE6E48102A02F83FF1E/sketch/BlePairingEncryptionStatus.ino.cpp.o
 .debug_macro   0x00000000000032b3       0x10 /home/lolren/.cache/arduino/sketches/B2331C0E26E6ACE6E48102A02F83FF1E/sketch/BlePairingEncryptionStatus.ino.cpp.o
 .debug_macro   0x00000000000032c3       0x10 /home/lolren/.cache/arduino/sketches/B2331C0E26E6ACE6E48102A02F83FF1E/sketch/BlePairingEncryptionStatus.ino.cpp.o
 .debug_macro   0x00000000000032d3       0x1c /home/lolren/.cache/arduino/sketches/B2331C0E26E6ACE6E48102A02F83FF1E/sketch/BlePairingEncryptionStatus.ino.cpp.o
 .debug_macro   0x00000000000032ef       0x52 /home/lolren/.cache/arduino/sketches/B2331C0E26E6ACE6E48102A02F83FF1E/sketch/BlePairingEncryptionStatus.ino.cpp.o
 .debug_macro   0x0000000000003341       0x40 /home/lolren/.cache/arduino/sketches/B2331C0E26E6ACE6E48102A02F83FF1E/sketch/BlePairingEncryptionStatus.ino.cpp.o
 .debug_macro   0x0000000000003381       0x10 /home/lolren/.cache/arduino/sketches/B2331C0E26E6ACE6E48102A02F83FF1E/sketch/BlePairingEncryptionStatus.ino.cpp.o
 .debug_macro   0x0000000000003391       0x40 /home/lolren/.cache/arduino/sketches/B2331C0E26E6ACE6E48102A02F83FF1E/sketch/BlePairingEncryptionStatus.ino.cpp.o
 .debug_macro   0x00000000000033d1       0xd7 /home/lolren/.cache/arduino/sketches/B2331C0E26E6ACE6E48102A02F83FF1E/sketch/BlePairingEncryptionStatus.ino.cpp.o
 .debug_macro   0x00000000000034a8       0x1c /home/lolren/.cache/arduino/sketches/B2331C0E26E6ACE6E48102A02F83FF1E/sketch/BlePairingEncryptionStatus.ino.cpp.o
 .debug_macro   0x00000000000034c4       0x3d /home/lolren/.cache/arduino/sketches/B2331C0E26E6ACE6E48102A02F83FF1E/sketch/BlePairingEncryptionStatus.ino.cpp.o
 .debug_macro   0x0000000000003501       0x16 /home/lolren/.cache/arduino/sketches/B2331C0E26E6ACE6E48102A02F83FF1E/sketch/BlePairingEncryptionStatus.ino.cpp.o
 .debug_macro   0x0000000000003517      0x137 /home/lolren/.cache/arduino/sketches/B2331C0E26E6ACE6E48102A02F83FF1E/sketch/BlePairingEncryptionStatus.ino.cpp.o
 .debug_macro   0x000000000000364e       0x16 /home/lolren/.cache/arduino/sketches/B2331C0E26E6ACE6E48102A02F83FF1E/sketch/BlePairingEncryptionStatus.ino.cpp.o
 .debug_macro   0x0000000000003664       0xa9 /home/lolren/.cache/arduino/sketches/B2331C0E26E6ACE6E48102A02F83FF1E/sketch/BlePairingEncryptionStatus.ino.cpp.o
 .debug_macro   0x000000000000370d    0x33c56 /home/lolren/.cache/arduino/sketches/B2331C0E26E6ACE6E48102A02F83FF1E/sketch/BlePairingEncryptionStatus.ino.cpp.o
 .debug_macro   0x0000000000037363      0x314 /home/lolren/.cache/arduino/sketches/B2331C0E26E6ACE6E48102A02F83FF1E/sketch/BlePairingEncryptionStatus.ino.cpp.o
 .debug_macro   0x0000000000037677       0x52 /home/lolren/.cache/arduino/sketches/B2331C0E26E6ACE6E48102A02F83FF1E/sketch/BlePairingEncryptionStatus.ino.cpp.o
 .debug_macro   0x00000000000376c9       0x10 /home/lolren/.cache/arduino/sketches/B2331C0E26E6ACE6E48102A02F83FF1E/sketch/BlePairingEncryptionStatus.ino.cpp.o
 .debug_macro   0x00000000000376d9      0x4b2 /home/lolren/.cache/arduino/sketches/B2331C0E26E6ACE6E48102A02F83FF1E/libraries/Nrf54L15-Clean-Implementation/nrf54l15_hal.cpp.o
 .debug_macro   0x0000000000037b8b       0x8e /home/lolren/.cache/arduino/sketches/B2331C0E26E6ACE6E48102A02F83FF1E/libraries/Nrf54L15-Clean-Implementation/nrf54l15_hal.cpp.o
 .debug_macro   0x0000000000037c19       0x51 /home/lolren/.cache/arduino/sketches/B2331C0E26E6ACE6E48102A02F83FF1E/libraries/Nrf54L15-Clean-Implementation/nrf54l15_hal.cpp.o
 .debug_macro   0x0000000000037c6a       0xb0 /home/lolren/.cache/arduino/sketches/B2331C0E26E6ACE6E48102A02F83FF1E/libraries/Nrf54L15-Clean-Implementation/nrf54l15_hal.cpp.o
 .debug_macro   0x0000000000037d1a       0x5e /home/lolren/.cache/arduino/sketches/B2331C0E26E6ACE6E48102A02F83FF1E/libraries/Nrf54L15-Clean-Implementation/nrf54l15_hal.cpp.o
 .debug_macro   0x0000000000037d78      0x49b /home/lolren/.cache/arduino/sketches/B2331C0E26E6ACE6E48102A02F83FF1E/core/variant.cpp.o
 .debug_macro   0x0000000000038213      0x495 /home/lolren/.cache/arduino/sketches/B2331C0E26E6ACE6E48102A02F83FF1E/core/core.a(HardwareSerial.cpp.o)
 .debug_macro   0x00000000000386a8       0x16 /home/lolren/.cache/arduino/sketches/B2331C0E26E6ACE6E48102A02F83FF1E/core/core.a(HardwareSerial.cpp.o)
 .debug_macro   0x00000000000386be       0x10 /home/lolren/.cache/arduino/sketches/B2331C0E26E6ACE6E48102A02F83FF1E/core/core.a(HardwareSerial.cpp.o)
 .debug_macro   0x00000000000386ce       0x1c /home/lolren/.cache/arduino/sketches/B2331C0E26E6ACE6E48102A02F83FF1E/core/core.a(HardwareSerial.cpp.o)
 .debug_macro   0x00000000000386ea       0xde /home/lolren/.cache/arduino/sketches/B2331C0E26E6ACE6E48102A02F83FF1E/core/core.a(HardwareSerial.cpp.o)
 .debug_macro   0x00000000000387c8      0x3d4 /home/lolren/.cache/arduino/sketches/B2331C0E26E6ACE6E48102A02F83FF1E/core/core.a(HardwareSerial.cpp.o)
 .debug_macro   0x0000000000038b9c      0x297 /home/lolren/.cache/arduino/sketches/B2331C0E26E6ACE6E48102A02F83FF1E/core/core.a(Print.cpp.o)
 .debug_macro   0x0000000000038e33      0x48d /home/lolren/.cache/arduino/sketches/B2331C0E26E6ACE6E48102A02F83FF1E/core/core.a(main.cpp.o)
 .debug_macro   0x00000000000392c0      0x158 /home/lolren/.cache/arduino/sketches/B2331C0E26E6ACE6E48102A02F83FF1E/core/core.a(new.cpp.o)
 .debug_macro   0x0000000000039418       0x28 /home/lolren/.cache/arduino/sketches/B2331C0E26E6ACE6E48102A02F83FF1E/core/core.a(new.cpp.o)
 .debug_macro   0x0000000000039440      0x21a /home/lolren/.cache/arduino/sketches/B2331C0E26E6ACE6E48102A02F83FF1E/core/core.a(wiring_digital.c.o)
 .debug_macro   0x000000000003965a      0xad2 /home/lolren/.cache/arduino/sketches/B2331C0E26E6ACE6E48102A02F83FF1E/core/core.a(wiring_digital.c.o)
 .debug_macro   0x000000000003a12c       0x34 /home/lolren/.cache/arduino/sketches/B2331C0E26E6ACE6E48102A02F83FF1E/core/core.a(wiring_digital.c.o)
 .debug_macro   0x000000000003a160      0x174 /home/lolren/.cache/arduino/sketches/B2331C0E26E6ACE6E48102A02F83FF1E/core/core.a(wiring_digital.c.o)
 .debug_macro   0x000000000003a2d4       0x43 /home/lolren/.cache/arduino/sketches/B2331C0E26E6ACE6E48102A02F83FF1E/core/core.a(wiring_digital.c.o)
 .debug_macro   0x000000000003a317      0x339 /home/lolren/.cache/arduino/sketches/B2331C0E26E6ACE6E48102A02F83FF1E/core/core.a(wiring_digital.c.o)
 .debug_macro   0x000000000003a650      0x1e1 /home/lolren/.cache/arduino/sketches/B2331C0E26E6ACE6E48102A02F83FF1E/core/core.a(wiring_digital.c.o)
 .debug_macro   0x000000000003a831       0x22 /home/lolren/.cache/arduino/sketches/B2331C0E26E6ACE6E48102A02F83FF1E/core/core.a(wiring_digital.c.o)
 .debug_macro   0x000000000003a853       0x35 /home/lolren/.cache/arduino/sketches/B2331C0E26E6ACE6E48102A02F83FF1E/core/core.a(wiring_digital.c.o)
 .debug_macro   0x000000000003a888       0x92 /home/lolren/.cache/arduino/sketches/B2331C0E26E6ACE6E48102A02F83FF1E/core/core.a(wiring_digital.c.o)
 .debug_macro   0x000000000003a91a       0xb0 /home/lolren/.cache/arduino/sketches/B2331C0E26E6ACE6E48102A02F83FF1E/core/core.a(wiring_digital.c.o)
 .debug_macro   0x000000000003a9ca    0x33c56 /home/lolren/.cache/arduino/sketches/B2331C0E26E6ACE6E48102A02F83FF1E/core/core.a(wiring_digital.c.o)
 .debug_macro   0x000000000006e620      0x18e /home/lolren/.cache/arduino/sketches/B2331C0E26E6ACE6E48102A02F83FF1E/core/core.a(wiring_time.c.o)
 .debug_macro   0x000000000006e7ae      0x498 /home/lolren/.cache/arduino/sketches/B2331C0E26E6ACE6E48102A02F83FF1E/core/core.a(idle_service.cpp.o)
 .debug_macro   0x000000000006ec46       0x93 /home/lolren/.cache/arduino/sketches/B2331C0E26E6ACE6E48102A02F83FF1E/core/core.a(system_nrf54l15.c.o)

.debug_line     0x0000000000000000    0x126bd
 .debug_line    0x0000000000000000     0x11d3 /home/lolren/.cache/arduino/sketches/B2331C0E26E6ACE6E48102A02F83FF1E/sketch/BlePairingEncryptionStatus.ino.cpp.o
 .debug_line    0x00000000000011d3     0xb37a /home/lolren/.cache/arduino/sketches/B2331C0E26E6ACE6E48102A02F83FF1E/libraries/Nrf54L15-Clean-Implementation/nrf54l15_hal.cpp.o