Archive member included to satisfy reference by file (symbol)

/home/lolren/.cache/arduino/sketches/B2331C0E26E6ACE6E48102A02F83FF1E/core/core.a(HardwareSerial.cpp.o)
                              /home/lolren/.cache/arduino/sketches/B2331C0E26E6ACE6E48102A02F83FF1E/sketch/BlePairingEncryptionStatus.ino.cpp.o (HardwareSerial::begin(unsigned long))
/home/lolren/.cache/arduino/sketches/B2331C0E26E6ACE6E48102A02F83FF1E/core/core.a(Print.cpp.o)
                              /home/lolren/.cache/arduino/sketches/B2331C0E26E6ACE6E48102A02F83FF1E/sketch/BlePairingEncryptionStatus.ino.cpp.o (Print::print(char const*))
/home/lolren/.cache/arduino/sketches/B2331C0E26E6ACE6E48102A02F83FF1E/core/core.a(main.cpp.o)
                              /home/lolren/.arduino15/packages/adafruit/tools/arm-none-eabi-gcc/9-2019q4/bin/../lib/gcc/arm-none-eabi/9.2.1/../../../../arm-none-eabi/lib/thumb/v8-m.main/nofp/crt0.o (main)
/home/lolren/.cache/arduino/sketches/B2331C0E26E6ACE6E48102A02F83FF1E/core/core.a(new.cpp.o)
                              /home/lolren/.cache/arduino/sketches/B2331C0E26E6ACE6E48102A02F83FF1E/core/core.a(HardwareSerial.cpp.o) (operator delete(void*))
/home/lolren/.cache/arduino/sketches/B2331C0E26E6ACE6E48102A02F83FF1E/core/core.a(startup_nrf54l15.S.o)
                              (Reset_Handler)
/home/lolren/.cache/arduino/sketches/B2331C0E26E6ACE6E48102A02F83FF1E/core/core.a(wiring_digital.c.o)
                              /home/lolren/.cache/arduino/sketches/B2331C0E26E6ACE6E48102A02F83FF1E/core/core.a(startup_nrf54l15.S.o) (GPIOTE20_0_IRQHandler)
/home/lolren/.cache/arduino/sketches/B2331C0E26E6ACE6E48102A02F83FF1E/core/core.a(wiring_time.c.o)
                              /home/lolren/.cache/arduino/sketches/B2331C0E26E6ACE6E48102A02F83FF1E/core/core.a(startup_nrf54l15.S.o) (SysTick_Handler)
/home/lolren/.cache/arduino/sketches/B2331C0E26E6ACE6E48102A02F83FF1E/core/core.a(idle_service.cpp.o)
                              /home/lolren/.cache/arduino/sketches/B2331C0E26E6ACE6E48102A02F83FF1E/core/core.a(main.cpp.o) (nrf54l15_clean_idle_service)
/home/lolren/.cache/arduino/sketches/B2331C0E26E6ACE6E48102A02F83FF1E/core/core.a(system_nrf54l15.c.o)
                              /home/lolren/.cache/arduino/sketches/B2331C0E26E6ACE6E48102A02F83FF1E/core/core.a(wiring_time.c.o) (SystemCoreClockUpdate)
/home/lolren/.arduino15/packages/adafruit/tools/arm-none-eabi-gcc/9-2019q4/bin/../lib/gcc/arm-none-eabi/9.2.1/thumb/v8-m.main/nofp/libgcc.a(_arm_muldf3.o)
                              /home/lolren/.cache/arduino/sketches/B2331C0E26E6ACE6E48102A02F83FF1E/libraries/Nrf54L15-Clean-Implementation/nrf54l15_hal.cpp.o (__aeabi_dmul)
/home/lolren/.arduino15/packages/adafruit/tools/arm-none-eabi-gcc/9-2019q4/bin/../lib/gcc/arm-none-eabi/9.2.1/thumb/v8-m.main/nofp/libgcc.a(_arm_addsubdf3.o)
                              /home/lolren/.cache/arduino/sketches/B2331C0E26E6ACE6E48102A02F83FF1E/libraries/Nrf54L15-Clean-Implementation/nrf54l15_hal.cpp.o (__aeabi_dadd)
/home/lolren/.arduino15/packages/adafruit/tools/arm-none-eabi-gcc/9-2019q4/bin/../lib/gcc/arm-none-eabi/9.2.1/thumb/v8-m.main/nofp/libgcc.a(_arm_muldivdf3.o)
                              /home/lolren/.cache/arduino/sketches/B2331C0E26E6ACE6E48102A02F83FF1E/libraries/Nrf54L15-Clean-Implementation/nrf54l15_hal.cpp.o (__aeabi_ddiv)
/home/lolren/.arduino15/packages/adafruit/tools/arm-none-eabi-gcc/9-2019q4/bin/../lib/gcc/arm-none-eabi/9.2.1/thumb/v8-m.main/nofp/libgcc.a(_arm_fixdfsi.o)
                              /home/lolren/.cache/arduino/sketches/B2331C0E26E6ACE6E48102A02F83FF1E/libraries/Nrf54L15-Clean-Implementation/nrf54l15_hal.cpp.o (__aeabi_d2iz)
/home/lolren/.arduino15/packages/adafruit/tools/arm-none-eabi-gcc/9-2019q4/bin/../lib/gcc/arm-none-eabi/9.2.1/thumb/v8-m.main/nofp/libgcc.a(_aeabi_ldivmod.o)
                              /home/lolren/.cache/arduino/sketches/B2331C0E26E6ACE6E48102A02F83FF1E/libraries/Nrf54L15-Clean-Implementation/nrf54l15_hal.cpp.o (__aeabi_ldivmod)
/home/lolren/.arduino15/packages/adafruit/tools/arm-none-eabi-gcc/9-2019q4/bin/../lib/gcc/arm-none-eabi/9.2.1/thumb/v8-m.main/nofp/libgcc.a(_aeabi_uldivmod.o)
                              /home/lolren/.cache/arduino/sketches/B2331C0E26E6ACE6E48102A02F83FF1E/libraries/Nrf54L15-Clean-Implementation/nrf54l15_hal.cpp.o (__aeabi_uldivmod)
/home/lolren/.arduino15/packages/adafruit/tools/arm-none-eabi-gcc/9-2019q4/bin/../lib/gcc/arm-none-eabi/9.2.1/thumb/v8-m.main/nofp/libgcc.a(_udivmoddi4.o)
                              /home/lolren/.arduino15/packages/adafruit/tools/arm-none-eabi-gcc/9-2019q4/bin/../lib/gcc/arm-none-eabi/9.2.1/thumb/v8-m.main/nofp/libgcc.a(_aeabi_ldivmod.o) (__udivmoddi4)
/home/lolren/.arduino15/packages/adafruit/tools/arm-none-eabi-gcc/9-2019q4/bin/../lib/gcc/arm-none-eabi/9.2.1/thumb/v8-m.main/nofp/libgcc.a(_dvmd_tls.o)
[...]
Memory Configuration

Name             Origin             Length             Attributes
FLASH            0x0000000000000000 0x0000000000080000 xr
RAM              0x0000000020000000 0x0000000000010000 xrw
*default*        0x0000000000000000 0xffffffffffffffff

Linker script and memory map

LOAD /home/lolren/.arduino15/packages/adafruit/tools/arm-none-eabi-gcc/9-2019q4/bin/../lib/gcc/arm-none-eabi/9.2.1/thumb/v8-m.main/nofp/crti.o
LOAD /home/lolren/.arduino15/packages/adafruit/tools/arm-none-eabi-gcc/9-2019q4/bin/../lib/gcc/arm-none-eabi/9.2.1/thumb/v8-m.main/nofp/crtbegin.o
LOAD /home/lolren/.arduino15/packages/adafruit/tools/arm-none-eabi-gcc/9-2019q4/bin/../lib/gcc/arm-none-eabi/9.2.1/../../../../arm-none-eabi/lib/thumb/v8-m.main/nofp/crt0.o
LOAD /home/lolren/.cache/arduino/sketches/B2331C0E26E6ACE6E48102A02F83FF1E/sketch/BlePairingEncryptionStatus.ino.cpp.o
LOAD /home/lolren/.cache/arduino/sketches/B2331C0E26E6ACE6E48102A02F83FF1E/libraries/Nrf54L15-Clean-Implementation/nrf54l15_hal.cpp.o
LOAD /home/lolren/.cache/arduino/sketches/B2331C0E26E6ACE6E48102A02F83FF1E/core/variant.cpp.o
START GROUP
LOAD /home/lolren/.cache/arduino/sketches/B2331C0E26E6ACE6E48102A02F83FF1E/core/core.a
LOAD /home/lolren/.arduino15/packages/adafruit/tools/arm-none-eabi-gcc/9-2019q4/bin/../lib/gcc/arm-none-eabi/9.2.1/../../../../arm-none-eabi/lib/thumb/v8-m.main/nofp/libm.a
END GROUP
START GROUP
LOAD /home/lolren/.arduino15/packages/adafruit/tools/arm-none-eabi-gcc/9-2019q4/bin/../lib/gcc/arm-none-eabi/9.2.1/thumb/v8-m.main/nofp/libgcc.a
LOAD /home/lolren/.arduino15/packages/adafruit/tools/arm-none-eabi-gcc/9-2019q4/bin/../lib/gcc/arm-none-eabi/9.2.1/../../../../arm-none-eabi/lib/thumb/v8-m.main/nofp/libc_nano.a
END GROUP
START GROUP
LOAD /home/lolren/.arduino15/packages/adafruit/tools/arm-none-eabi-gcc/9-2019q4/bin/../lib/gcc/arm-none-eabi/9.2.1/thumb/v8-m.main/nofp/libgcc.a
LOAD /home/lolren/.arduino15/packages/adafruit/tools/arm-none-eabi-gcc/9-2019q4/bin/../lib/gcc/arm-none-eabi/9.2.1/../../../../arm-none-eabi/lib/thumb/v8-m.main/nofp/libc_nano.a
LOAD /home/lolren/.arduino15/packages/adafruit/tools/arm-none-eabi-gcc/9-2019q4/bin/../lib/gcc/arm-none-eabi/9.2.1/../../../../arm-none-eabi/lib/thumb/v8-m.main/nofp/libnosys.a
END GROUP
START GROUP
LOAD /home/lolren/.arduino15/packages/adafruit/tools/arm-none-eabi-gcc/9-2019q4/bin/../lib/gcc/arm-none-eabi/9.2.1/thumb/v8-m.main/nofp/libgcc.a
LOAD /home/lolren/.arduino15/packages/adafruit/tools/arm-none-eabi-gcc/9-2019q4/bin/../lib/gcc/arm-none-eabi/9.2.1/../../../../arm-none-eabi/lib/thumb/v8-m.main/nofp/libc_nano.a
LOAD /home/lolren/.arduino15/packages/adafruit/tools/arm-none-eabi-gcc/9-2019q4/bin/../lib/gcc/arm-none-eabi/9.2.1/../../../../arm-none-eabi/lib/thumb/v8-m.main/nofp/libnosys.a
END GROUP
LOAD /home/lolren/.arduino15/packages/adafruit/tools/arm-none-eabi-gcc/9-2019q4/bin/../lib/gcc/arm-none-eabi/9.2.1/thumb/v8-m.main/nofp/crtend.o
LOAD /home/lolren/.arduino15/packages/adafruit/tools/arm-none-eabi-gcc/9-2019q4/bin/../lib/gcc/arm-none-eabi/9.2.1/thumb/v8-m.main/nofp/crtn.o
                0x0000000000001000                __stack_size__ = 0x1000
                0x0000000000001000                __heap_size__ = 0x1000

.isr_vector     0x0000000000000000      0x400
                0x0000000000000000                . = ALIGN (0x4)
 *(.isr_vector)
 .isr_vector    0x0000000000000000      0x400 /home/lolren/.cache/arduino/sketches/B2331C0E26E6ACE6E48102A02F83FF1E/core/core.a(startup_nrf54l15.S.o)
                0x0000000000000000                g_pfnVectors
                0x0000000000000400                . = ALIGN (0x4)

.text           0x0000000000000400     0x5054
                0x0000000000000400                . = ALIGN (0x4)
 *(.text)
 .text          0x0000000000000400       0x40 /home/lolren/.arduino15/packages/adafruit/tools/arm-none-eabi-gcc/9-2019q4/bin/../lib/gcc/arm-none-eabi/9.2.1/thumb/v8-m.main/nofp/crtbegin.o
 .text          0x0000000000000440       0x10 /home/lolren/.arduino15/packages/adafruit/tools/arm-none-eabi-gcc/9-2019q4/bin/../lib/gcc/arm-none-eabi/9.2.1/../../../../arm-none-eabi/lib/thumb/v8-m.main/nofp/libc_nano.a(lib_a-strlen.o)
                0x0000000000000440                strlen
 *(.text*)
 .text._ZL10onBleTracePKcPv
                0x0000000000000450       0x30 /home/lolren/.cache/arduino/sketches/B2331C0E26E6ACE6E48102A02F83FF1E/sketch/BlePairingEncryptionStatus.ino.cpp.o
 .text.setup    0x0000000000000480      0x154 /home/lolren/.cache/arduino/sketches/B2331C0E26E6ACE6E48102A02F83FF1E/sketch/BlePairingEncryptionStatus.ino.cpp.o
                0x0000000000000480                setup
 .text.loop     0x00000000000005d4      0x324 /home/lolren/.cache/arduino/sketches/B2331C0E26E6ACE6E48102A02F83FF1E/sketch/BlePairingEncryptionStatus.ino.cpp.o
                0x00000000000005d4                loop
 .text.startup._GLOBAL__sub_I_setup
                0x00000000000008f8       0x34 /home/lolren/.cache/arduino/sketches/B2331C0E26E6ACE6E48102A02F83FF1E/sketch/BlePairingEncryptionStatus.ino.cpp.o
 .text._ZN12_GLOBAL__N_18readLe32EPKh
                0x000000000000092c        0x4 /home/lolren/.cache/arduino/sketches/B2331C0E26E6ACE6E48102A02F83FF1E/libraries/Nrf54L15-Clean-Implementation/nrf54l15_hal.cpp.o
 .text._ZN12_GLOBAL__N_19writeLe16EPht
                0x0000000000000930        0xa /home/lolren/.cache/arduino/sketches/B2331C0E26E6ACE6E48102A02F83FF1E/libraries/Nrf54L15-Clean-Implementation/nrf54l15_hal.cpp.o
 .text._ZN12_GLOBAL__N_114aesAddRoundKeyEhPA4_A4_hPKh
                0x000000000000093a       0x2e /home/lolren/.cache/arduino/sketches/B2331C0E26E6ACE6E48102A02F83FF1E/libraries/Nrf54L15-Clean-Implementation/nrf54l15_hal.cpp.o
 .text._ZN12_GLOBAL__N_119remapChannelByIndexEPKhh
                0x0000000000000968       0x36 /home/lolren/.cache/arduino/sketches/B2331C0E26E6ACE6E48102A02F83FF1E/libraries/Nrf54L15-Clean-Implementation/nrf54l15_hal.cpp.o
 .text._ZN12_GLOBAL__N_111bleReverse8Eh
                0x000000000000099e       0x26 /home/lolren/.cache/arduino/sketches/B2331C0E26E6ACE6E48102A02F83FF1E/libraries/Nrf54L15-Clean-Implementation/nrf54l15_hal.cpp.o
 .text._ZN12_GLOBAL__N_120clearRadioCoreEventsEP14NRF_RADIO_Type
                0x00000000000009c4       0x32 /home/lolren/.cache/arduino/sketches/B2331C0E26E6ACE6E48102A02F83FF1E/libraries/Nrf54L15-Clean-Implementation/nrf54l15_hal.cpp.o
 *fill*         0x00000000000009f6        0x2 
 .text._ZN12_GLOBAL__N_121fillPseudoRandomBytesEPhhm.part.0
                0x00000000000009f8       0x2c /home/lolren/.cache/arduino/sketches/B2331C0E26E6ACE6E48102A02F83FF1E/libraries/Nrf54L15-Clean-Implementation/nrf54l15_hal.cpp.o
 .text._ZN12_GLOBAL__N_122bleBondRecordLooksSaneERKN13xiao_nrf54l1513BleBondRecordE
                0x0000000000000a24       0x2e /home/lolren/.cache/arduino/sketches/B2331C0E26E6ACE6E48102A02F83FF1E/libraries/Nrf54L15-Clean-Implementation/nrf54l15_hal.cpp.o
 .text._ZN12_GLOBAL__N_15xor16EPKhS1_Ph.part.0
                0x0000000000000a52       0x20 /home/lolren/.cache/arduino/sketches/B2331C0E26E6ACE6E48102A02F83FF1E/libraries/Nrf54L15-Clean-Implementation/nrf54l15_hal.cpp.o
 .text._ZN12_GLOBAL__N_110bitCount37EPKh.part.0
                0x0000000000000a72       0x26 /home/lolren/.cache/arduino/sketches/B2331C0E26E6ACE6E48102A02F83FF1E/libraries/Nrf54L15-Clean-Implementation/nrf54l15_hal.cpp.o
 .text._ZZN13xiao_nrf54l158BleRadio16buildAttResponseEPKhtPhPtENKUlvE_clEv.isra.0
                0x0000000000000a98       0x1e /home/lolren/.cache/arduino/sketches/B2331C0E26E6ACE6E48102A02F83FF1E/libraries/Nrf54L15-Clean-Implementation/nrf54l15_hal.cpp.o
 .text._ZZN13xiao_nrf54l158BleRadio16buildAttResponseEPKhtPhPtENKUlttE0_clEtt.isra.0
                0x0000000000000ab6       0x58 /home/lolren/.cache/arduino/sketches/B2331C0E26E6ACE6E48102A02F83FF1E/libraries/Nrf54L15-Clean-Implementation/nrf54l15_hal.cpp.o
 .text._ZZN13xiao_nrf54l158BleRadio21buildL2capSmpResponseEPKhhPhS3_ENKUlS2_hE_clES2_h.part.0
                0x0000000000000b0e       0x38 /home/lolren/.cache/arduino/sketches/B2331C0E26E6ACE6E48102A02F83FF1E/libraries/Nrf54L15-Clean-Implementation/nrf54l15_hal.cpp.o
 .text._ZN12_GLOBAL__N_116buildCcmCtrBlockEPKhtPh.part.0
                0x0000000000000b46       0x3e /home/lolren/.cache/arduino/sketches/B2331C0E26E6ACE6E48102A02F83FF1E/libraries/Nrf54L15-Clean-Implementation/nrf54l15_hal.cpp.o
 .text._ZN12_GLOBAL__N_120waitRadioEndBudgetedEP14NRF_RADIO_Typemm
                0x0000000000000b84       0x5a /home/lolren/.cache/arduino/sketches/B2331C0E26E6ACE6E48102A02F83FF1E/libraries/Nrf54L15-Clean-Implementation/nrf54l15_hal.cpp.o
 .text._ZN12_GLOBAL__N_125waitRadioDisabledBudgetedEP14NRF_RADIO_Typemm.constprop.0
                0x0000000000000bde       0x58 /home/lolren/.cache/arduino/sketches/B2331C0E26E6ACE6E48102A02F83FF1E/libraries/Nrf54L15-Clean-Implementation/nrf54l15_hal.cpp.o
 .text._ZN12_GLOBAL__N_112reverseBytesEPKhPhh.part.0.constprop.0
                0x0000000000000c36       0x14 /home/lolren/.cache/arduino/sketches/B2331C0E26E6ACE6E48102A02F83FF1E/libraries/Nrf54L15-Clean-Implementation/nrf54l15_hal.cpp.o
 *fill*         0x0000000000000c4a        0x2 
 .text._ZN12_GLOBAL__N_15crc32EPKhj.part.0.constprop.0
                0x0000000000000c4c       0x38 /home/lolren/.cache/arduino/sketches/B2331C0E26E6ACE6E48102A02F83FF1E/libraries/Nrf54L15-Clean-Implementation/nrf54l15_hal.cpp.o
 .text._ZNK13xiao_nrf54l158BleRadio21buildAttErrorResponseEhthPhPt.constprop.0
                0x0000000000000c84       0x26 /home/lolren/.cache/arduino/sketches/B2331C0E26E6ACE6E48102A02F83FF1E/libraries/Nrf54L15-Clean-Implementation/nrf54l15_hal.cpp.o
 .text._ZZN13xiao_nrf54l158BleRadio27buildL2capSignalingResponseEPKhhPhS3_ENKUltE_clEt.constprop.0
                0x0000000000000caa       0x2e /home/lolren/.cache/arduino/sketches/B2331C0E26E6ACE6E48102A02F83FF1E/libraries/Nrf54L15-Clean-Implementation/nrf54l15_hal.cpp.o
 .text._ZN12_GLOBAL__N_112aesEncryptLeEPKhS1_Ph
                0x0000000000000cd8      0x2d8 /home/lolren/.cache/arduino/sketches/B2331C0E26E6ACE6E48102A02F83FF1E/libraries/Nrf54L15-Clean-Implementation/nrf54l15_hal.cpp.o
 .text._ZN12_GLOBAL__N_116bleComputeCcmMicEPKhS1_hS1_hPh.part.0
                0x0000000000000fb0      0x134 /home/lolren/.cache/arduino/sketches/B2331C0E26E6ACE6E48102A02F83FF1E/libraries/Nrf54L15-Clean-Implementation/nrf54l15_hal.cpp.o
 .text._ZN12_GLOBAL__N_15smpC1EPKhS1_S1_S1_hS1_hS1_Ph
                0x00000000000010e4       0x96 /home/lolren/.cache/arduino/sketches/B2331C0E26E6ACE6E48102A02F83FF1E/libraries/Nrf54L15-Clean-Implementation/nrf54l15_hal.cpp.o
 .text._ZN12_GLOBAL__N_120bleCcmDecryptPayloadEPKhS1_yhhS1_hPhS2_.constprop.0
                0x000000000000117a       0xea /home/lolren/.cache/arduino/sketches/B2331C0E26E6ACE6E48102A02F83FF1E/libraries/Nrf54L15-Clean-Implementation/nrf54l15_hal.cpp.o
 .text._ZN13xiao_nrf54l1511isConnectedERKNS_3PinE
                0x0000000000001264       0x16 /home/lolren/.cache/arduino/sketches/B2331C0E26E6ACE6E48102A02F83FF1E/libraries/Nrf54L15-Clean-Implementation/nrf54l15_hal.cpp.o
                0x0000000000001264                xiao_nrf54l15::isConnected(xiao_nrf54l15::Pin const&)
 *fill*         0x000000000000127a        0x2 
 .text._ZN13xiao_nrf54l1512ClockControl9startHfxoEbm
                0x000000000000127c       0x68 /home/lolren/.cache/arduino/sketches/B2331C0E26E6ACE6E48102A02F83FF1E/libraries/Nrf54L15-Clean-Implementation/nrf54l15_hal.cpp.o
                0x000000000000127c                xiao_nrf54l15::ClockControl::startHfxo(bool, unsigned long)
 .text._ZN13xiao_nrf54l154Gpio9configureERKNS_3PinENS_13GpioDirectionENS_8GpioPullE
                0x00000000000012e4       0x5c /home/lolren/.cache/arduino/sketches/B2331C0E26E6ACE6E48102A02F83FF1E/libraries/Nrf54L15-Clean-Implementation/nrf54l15_hal.cpp.o
                0x00000000000012e4                xiao_nrf54l15::Gpio::configure(xiao_nrf54l15::Pin const&, xiao_nrf54l15::GpioDirection, xiao_nrf54l15::GpioPull)
 .text._ZN13xiao_nrf54l154Gpio5writeERKNS_3PinEb
                0x0000000000001340       0x3c /home/lolren/.cache/arduino/sketches/B2331C0E26E6ACE6E48102A02F83FF1E/libraries/Nrf54L15-Clean-Implementation/nrf54l15_hal.cpp.o
                0x0000000000001340                xiao_nrf54l15::Gpio::write(xiao_nrf54l15::Pin const&, bool)
 .text._ZN13xiao_nrf54l1512BoardControl14setAntennaPathENS_16BoardAntennaPathE
                0x000000000000137c       0x20 /home/lolren/.cache/arduino/sketches/B2331C0E26E6ACE6E48102A02F83FF1E/libraries/Nrf54L15-Clean-Implementation/nrf54l15_hal.cpp.o
                0x000000000000137c                xiao_nrf54l15::BoardControl::setAntennaPath(xiao_nrf54l15::BoardAntennaPath)
 .text._ZN13xiao_nrf54l1512PowerManagerC2Emmm
                0x000000000000139c        0xa /home/lolren/.cache/arduino/sketches/B2331C0E26E6ACE6E48102A02F83FF1E/libraries/Nrf54L15-Clean-Implementation/nrf54l15_hal.cpp.o
                0x000000000000139c                xiao_nrf54l15::PowerManager::PowerManager(unsigned long, unsigned long, unsigned long)
                0x000000000000139c                xiao_nrf54l15::PowerManager::PowerManager(unsigned long, unsigned long, unsigned long)
 .text._ZN13xiao_nrf54l1512PowerManager14setLatencyModeENS_16PowerLatencyModeE
                0x00000000000013a6       0x10 /home/lolren/.cache/arduino/sketches/B2331C0E26E6ACE6E48102A02F83FF1E/libraries/Nrf54L15-Clean-Implementation/nrf54l15_hal.cpp.o
                0x00000000000013a6                xiao_nrf54l15::PowerManager::setLatencyMode(xiao_nrf54l15::PowerLatencyMode)
 *fill*         0x00000000000013b6        0x2 
 .text._ZN13xiao_nrf54l158BleRadioC2Emm
                0x00000000000013b8      0x200 /home/lolren/.cache/arduino/sketches/B2331C0E26E6ACE6E48102A02F83FF1E/libraries/Nrf54L15-Clean-Implementation/nrf54l15_hal.cpp.o
                0x00000000000013b8                xiao_nrf54l15::BleRadio::BleRadio(unsigned long, unsigned long)
                0x00000000000013b8                xiao_nrf54l15::BleRadio::BleRadio(unsigned long, unsigned long)
 .text._ZN13xiao_nrf54l158BleRadio17setGattDeviceNameEPKc
                0x00000000000015b8       0x2e /home/lolren/.cache/arduino/sketches/B2331C0E26E6ACE6E48102A02F83FF1E/libraries/Nrf54L15-Clean-Implementation/nrf54l15_hal.cpp.o
                0x00000000000015b8                xiao_nrf54l15::BleRadio::setGattDeviceName(char const*)
 .text._ZN13xiao_nrf54l158BleRadio19setGattBatteryLevelEh
                0x00000000000015e6       0x32 /home/lolren/.cache/arduino/sketches/B2331C0E26E6ACE6E48102A02F83FF1E/libraries/Nrf54L15-Clean-Implementation/nrf54l15_hal.cpp.o
                0x00000000000015e6                xiao_nrf54l15::BleRadio::setGattBatteryLevel(unsigned char)
 .text._ZN13xiao_nrf54l158BleRadio22buildAdvertisingPacketEv
                0x0000000000001618       0x4e /home/lolren/.cache/arduino/sketches/B2331C0E26E6ACE6E48102A02F83FF1E/libraries/Nrf54L15-Clean-Implementation/nrf54l15_hal.cpp.o
                0x0000000000001618                xiao_nrf54l15::BleRadio::buildAdvertisingPacket()
 .text._ZN13xiao_nrf54l158BleRadio21setAdvertisingPduTypeENS_13BleAdvPduTypeE
                0x0000000000001666        0xe /home/lolren/.cache/arduino/sketches/B2331C0E26E6ACE6E48102A02F83FF1E/libraries/Nrf54L15-Clean-Implementation/nrf54l15_hal.cpp.o
                0x0000000000001666                xiao_nrf54l15::BleRadio::setAdvertisingPduType(xiao_nrf54l15::BleAdvPduType)
 .text._ZN13xiao_nrf54l158BleRadio18setAdvertisingDataEPKhj
                0x0000000000001674       0x24 /home/lolren/.cache/arduino/sketches/B2331C0E26E6ACE6E48102A02F83FF1E/libraries/Nrf54L15-Clean-Implementation/nrf54l15_hal.cpp.o
                0x0000000000001674                xiao_nrf54l15::BleRadio::setAdvertisingData(unsigned char const*, unsigned int)
 .text._ZN13xiao_nrf54l158BleRadio18setAdvertisingNameEPKcb
                0x0000000000001698       0x82 /home/lolren/.cache/arduino/sketches/B2331C0E26E6ACE6E48102A02F83FF1E/libraries/Nrf54L15-Clean-Implementation/nrf54l15_hal.cpp.o
                0x0000000000001698                xiao_nrf54l15::BleRadio::setAdvertisingName(char const*, bool)
 .text._ZN13xiao_nrf54l158BleRadio23buildScanResponsePacketEv
                0x000000000000171a       0x40 /home/lolren/.cache/arduino/sketches/B2331C0E26E6ACE6E48102A02F83FF1E/libraries/Nrf54L15-Clean-Implementation/nrf54l15_hal.cpp.o
                0x000000000000171a                xiao_nrf54l15::BleRadio::buildScanResponsePacket()
 .text._ZN13xiao_nrf54l158BleRadio16setDeviceAddressEPKhNS_14BleAddressTypeE
                0x000000000000175a       0x34 /home/lolren/.cache/arduino/sketches/B2331C0E26E6ACE6E48102A02F83FF1E/libraries/Nrf54L15-Clean-Implementation/nrf54l15_hal.cpp.o
                0x000000000000175a                xiao_nrf54l15::BleRadio::setDeviceAddress(unsigned char const*, xiao_nrf54l15::BleAddressType)
 .text._ZN13xiao_nrf54l158BleRadio19loadAddressFromFicrEb
                0x000000000000178e       0x30 /home/lolren/.cache/arduino/sketches/B2331C0E26E6ACE6E48102A02F83FF1E/libraries/Nrf54L15-Clean-Implementation/nrf54l15_hal.cpp.o
                0x000000000000178e                xiao_nrf54l15::BleRadio::loadAddressFromFicr(bool)
 .text._ZN13xiao_nrf54l158BleRadio19setScanResponseDataEPKhj
                0x00000000000017be       0x24 /home/lolren/.cache/arduino/sketches/B2331C0E26E6ACE6E48102A02F83FF1E/libraries/Nrf54L15-Clean-Implementation/nrf54l15_hal.cpp.o
                0x00000000000017be                xiao_nrf54l15::BleRadio::setScanResponseData(unsigned char const*, unsigned int)
 .text._ZN13xiao_nrf54l158BleRadio19setScanResponseNameEPKc
                0x00000000000017e2       0x60 /home/lolren/.cache/arduino/sketches/B2331C0E26E6ACE6E48102A02F83FF1E/libraries/Nrf54L15-Clean-Implementation/nrf54l15_hal.cpp.o
                0x00000000000017e2                xiao_nrf54l15::BleRadio::setScanResponseName(char const*)
 .text._ZNK13xiao_nrf54l158BleRadio11isConnectedEv
                0x0000000000001842        0x6 /home/lolren/.cache/arduino/sketches/B2331C0E26E6ACE6E48102A02F83FF1E/libraries/Nrf54L15-Clean-Implementation/nrf54l15_hal.cpp.o
                0x0000000000001842                xiao_nrf54l15::BleRadio::isConnected() const
 .text._ZNK13xiao_nrf54l158BleRadio21isConnectionEncryptedEv
                0x0000000000001848       0x1a /home/lolren/.cache/arduino/sketches/B2331C0E26E6ACE6E48102A02F83FF1E/libraries/Nrf54L15-Clean-Implementation/nrf54l15_hal.cpp.o
                0x0000000000001848                xiao_nrf54l15::BleRadio::isConnectionEncrypted() const
 .text._ZNK13xiao_nrf54l158BleRadio17getConnectionInfoEPNS_17BleConnectionInfoE
                0x0000000000001862       0x60 /home/lolren/.cache/arduino/sketches/B2331C0E26E6ACE6E48102A02F83FF1E/libraries/Nrf54L15-Clean-Implementation/nrf54l15_hal.cpp.o
                0x0000000000001862                xiao_nrf54l15::BleRadio::getConnectionInfo(xiao_nrf54l15::BleConnectionInfo*) const
 .text._ZN13xiao_nrf54l158BleRadio16setTraceCallbackEPFvPKcPvES3_
                0x00000000000018c2        0xa /home/lolren/.cache/arduino/sketches/B2331C0E26E6ACE6E48102A02F83FF1E/libraries/Nrf54L15-Clean-Implementation/nrf54l15_hal.cpp.o
                0x00000000000018c2                xiao_nrf54l15::BleRadio::setTraceCallback(void (*)(char const*, void*), void*)
 .text._ZNK13xiao_nrf54l158BleRadio18readAttributeValueEttPhh
                0x00000000000018cc      0x120 /home/lolren/.cache/arduino/sketches/B2331C0E26E6ACE6E48102A02F83FF1E/libraries/Nrf54L15-Clean-Implementation/nrf54l15_hal.cpp.o
                0x00000000000018cc                xiao_nrf54l15::BleRadio::readAttributeValue(unsigned short, unsigned short, unsigned char*, unsigned char) const
 .text._ZN13xiao_nrf54l158BleRadio16buildAttResponseEPKhtPhPt
                0x00000000000019ec      0x840 /home/lolren/.cache/arduino/sketches/B2331C0E26E6ACE6E48102A02F83FF1E/libraries/Nrf54L15-Clean-Implementation/nrf54l15_hal.cpp.o
                0x00000000000019ec                xiao_nrf54l15::BleRadio::buildAttResponse(unsigned char const*, unsigned short, unsigned char*, unsigned short*)
 .text._ZN13xiao_nrf54l158BleRadio27buildL2capSignalingResponseEPKhhPhS3_
                0x000000000000222c      0x150 /home/lolren/.cache/arduino/sketches/B2331C0E26E6ACE6E48102A02F83FF1E/libraries/Nrf54L15-Clean-Implementation/nrf54l15_hal.cpp.o
                0x000000000000222c                xiao_nrf54l15::BleRadio::buildL2capSignalingResponse(unsigned char const*, unsigned char, unsigned char*, unsigned char*)
 .text._ZN13xiao_nrf54l158BleRadio21buildL2capAttResponseEPKhhPhS3_
                0x000000000000237c       0x78 /home/lolren/.cache/arduino/sketches/B2331C0E26E6ACE6E48102A02F83FF1E/libraries/Nrf54L15-Clean-Implementation/nrf54l15_hal.cpp.o
                0x000000000000237c                xiao_nrf54l15::BleRadio::buildL2capAttResponse(unsigned char const*, unsigned char, unsigned char*, unsigned char*)
 .text._ZN13xiao_nrf54l158BleRadio20clearSmpPairingStateEv
                0x00000000000023f4       0x76 /home/lolren/.cache/arduino/sketches/B2331C0E26E6ACE6E48102A02F83FF1E/libraries/Nrf54L15-Clean-Implementation/nrf54l15_hal.cpp.o
                0x00000000000023f4                xiao_nrf54l15::BleRadio::clearSmpPairingState()
 .text._ZN13xiao_nrf54l158BleRadio20clearEncryptionStateEv
                0x000000000000246a       0x4e /home/lolren/.cache/arduino/sketches/B2331C0E26E6ACE6E48102A02F83FF1E/libraries/Nrf54L15-Clean-Implementation/nrf54l15_hal.cpp.o
                0x000000000000246a                xiao_nrf54l15::BleRadio::clearEncryptionState()
 .text._ZN13xiao_nrf54l158BleRadio28clearConnectionSecurityStateEv
                0x00000000000024b8       0x12 /home/lolren/.cache/arduino/sketches/B2331C0E26E6ACE6E48102A02F83FF1E/libraries/Nrf54L15-Clean-Implementation/nrf54l15_hal.cpp.o
                0x00000000000024b8                xiao_nrf54l15::BleRadio::clearConnectionSecurityState()
 *fill*         0x00000000000024ca        0x2 
 .text._ZNK13xiao_nrf54l158BleRadio12emitBleTraceEPKc
                0x00000000000024cc       0x38 /home/lolren/.cache/arduino/sketches/B2331C0E26E6ACE6E48102A02F83FF1E/libraries/Nrf54L15-Clean-Implementation/nrf54l15_hal.cpp.o
                0x00000000000024cc                xiao_nrf54l15::BleRadio::emitBleTrace(char const*) const
 .text._ZZN13xiao_nrf54l158BleRadio21buildL2capSmpResponseEPKhhPhS3_ENKUlhE0_clEh
                0x0000000000002504       0x30 /home/lolren/.cache/arduino/sketches/B2331C0E26E6ACE6E48102A02F83FF1E/libraries/Nrf54L15-Clean-Implementation/nrf54l15_hal.cpp.o
 .text._ZZN13xiao_nrf54l158BleRadio22buildLlControlResponseEPKhhPhS3_PbENKUlvE1_clEv
                0x0000000000002534       0x34 /home/lolren/.cache/arduino/sketches/B2331C0E26E6ACE6E48102A02F83FF1E/libraries/Nrf54L15-Clean-Implementation/nrf54l15_hal.cpp.o
 .text._ZZN13xiao_nrf54l158BleRadio22buildLlControlResponseEPKhhPhS3_PbENKUlvE3_clEv
                0x0000000000002568       0x34 /home/lolren/.cache/arduino/sketches/B2331C0E26E6ACE6E48102A02F83FF1E/libraries/Nrf54L15-Clean-Implementation/nrf54l15_hal.cpp.o
 .text._ZZN13xiao_nrf54l158BleRadio22buildLlControlResponseEPKhhPhS3_PbENKUlvE2_clEv
                0x000000000000259c       0x34 /home/lolren/.cache/arduino/sketches/B2331C0E26E6ACE6E48102A02F83FF1E/libraries/Nrf54L15-Clean-Implementation/nrf54l15_hal.cpp.o
 .text._ZZN13xiao_nrf54l158BleRadio22buildLlControlResponseEPKhhPhS3_PbENKUlvE0_clEv
                0x00000000000025d0       0x34 /home/lolren/.cache/arduino/sketches/B2331C0E26E6ACE6E48102A02F83FF1E/libraries/Nrf54L15-Clean-Implementation/nrf54l15_hal.cpp.o
 .text._ZZN13xiao_nrf54l158BleRadio22buildLlControlResponseEPKhhPhS3_PbENKUlvE_clEv
                0x0000000000002604       0x34 /home/lolren/.cache/arduino/sketches/B2331C0E26E6ACE6E48102A02F83FF1E/libraries/Nrf54L15-Clean-Implementation/nrf54l15_hal.cpp.o
 .text._ZN13xiao_nrf54l158BleRadio29loadBondRecordFromPersistenceEv
                0x0000000000002638       0xdc /home/lolren/.cache/arduino/sketches/B2331C0E26E6ACE6E48102A02F83FF1E/libraries/Nrf54L15-Clean-Implementation/nrf54l15_hal.cpp.o
                0x0000000000002638                xiao_nrf54l15::BleRadio::loadBondRecordFromPersistence()
 .text._ZN13xiao_nrf54l158BleRadio23primeBondForCurrentPeerEv
                0x0000000000002714       0xd6 /home/lolren/.cache/arduino/sketches/B2331C0E26E6ACE6E48102A02F83FF1E/libraries/Nrf54L15-Clean-Implementation/nrf54l15_hal.cpp.o
                0x0000000000002714                xiao_nrf54l15::BleRadio::primeBondForCurrentPeer()
 *fill*         0x00000000000027ea        0x2 
 .text._ZN13xiao_nrf54l158BleRadio29startConnectionFromConnectIndEPKhhbbm
                0x00000000000027ec      0x20c /home/lolren/.cache/arduino/sketches/B2331C0E26E6ACE6E48102A02F83FF1E/libraries/Nrf54L15-Clean-Implementation/nrf54l15_hal.cpp.o
                0x00000000000027ec                xiao_nrf54l15::BleRadio::startConnectionFromConnectInd(unsigned char const*, unsigned char, bool, bool, unsigned long)
 .text._ZN13xiao_nrf54l158BleRadio17persistBondRecordERKNS_13BleBondRecordE
                0x00000000000029f8       0x88 /home/lolren/.cache/arduino/sketches/B2331C0E26E6ACE6E48102A02F83FF1E/libraries/Nrf54L15-Clean-Implementation/nrf54l15_hal.cpp.o
                0x00000000000029f8                xiao_nrf54l15::BleRadio::persistBondRecord(xiao_nrf54l15::BleBondRecord const&)
 .text._ZN13xiao_nrf54l158BleRadio21buildL2capSmpResponseEPKhhPhS3_
                0x0000000000002a80      0x424 /home/lolren/.cache/arduino/sketches/B2331C0E26E6ACE6E48102A02F83FF1E/libraries/Nrf54L15-Clean-Implementation/nrf54l15_hal.cpp.o
                0x0000000000002a80                xiao_nrf54l15::BleRadio::buildL2capSmpResponse(unsigned char const*, unsigned char, unsigned char*, unsigned char*)
 .text._ZN13xiao_nrf54l158BleRadio18buildL2capResponseEPKhhPhS3_
                0x0000000000002ea4       0x34 /home/lolren/.cache/arduino/sketches/B2331C0E26E6ACE6E48102A02F83FF1E/libraries/Nrf54L15-Clean-Implementation/nrf54l15_hal.cpp.o
                0x0000000000002ea4                xiao_nrf54l15::BleRadio::buildL2capResponse(unsigned char const*, unsigned char, unsigned char*, unsigned char*)
 .text._ZN13xiao_nrf54l158BleRadio22buildLlControlResponseEPKhhPhS3_Pb
                0x0000000000002ed8      0x680 /home/lolren/.cache/arduino/sketches/B2331C0E26E6ACE6E48102A02F83FF1E/libraries/Nrf54L15-Clean-Implementation/nrf54l15_hal.cpp.o
                0x0000000000002ed8                xiao_nrf54l15::BleRadio::buildLlControlResponse(unsigned char const*, unsigned char, unsigned char*, unsigned char*, bool*)
 .text._ZN13xiao_nrf54l158BleRadio29updateNextConnectionEventTimeEv
                0x0000000000003558       0x66 /home/lolren/.cache/arduino/sketches/B2331C0E26E6ACE6E48102A02F83FF1E/libraries/Nrf54L15-Clean-Implementation/nrf54l15_hal.cpp.o
                0x0000000000003558                xiao_nrf54l15::BleRadio::updateNextConnectionEventTime()
 .text._ZN13xiao_nrf54l158BleRadio21selectNextDataChannelEb
                0x00000000000035be       0xd4 /home/lolren/.cache/arduino/sketches/B2331C0E26E6ACE6E48102A02F83FF1E/libraries/Nrf54L15-Clean-Implementation/nrf54l15_hal.cpp.o
                0x00000000000035be                xiao_nrf54l15::BleRadio::selectNextDataChannel(bool)
 .text._ZN13xiao_nrf54l158BleRadio14setDataChannelEh
                0x0000000000003692       0x2c /home/lolren/.cache/arduino/sketches/B2331C0E26E6ACE6E48102A02F83FF1E/libraries/Nrf54L15-Clean-Implementation/nrf54l15_hal.cpp.o
                0x0000000000003692                xiao_nrf54l15::BleRadio::setDataChannel(unsigned char)
 .text._ZN13xiao_nrf54l158BleRadio12waitDisabledEm
                0x00000000000036be       0x1e /home/lolren/.cache/arduino/sketches/B2331C0E26E6ACE6E48102A02F83FF1E/libraries/Nrf54L15-Clean-Implementation/nrf54l15_hal.cpp.o
                0x00000000000036be                xiao_nrf54l15::BleRadio::waitDisabled(unsigned long)
 .text._ZN13xiao_nrf54l158BleRadio14configureBle1MEv
                0x00000000000036dc       0x9c /home/lolren/.cache/arduino/sketches/B2331C0E26E6ACE6E48102A02F83FF1E/libraries/Nrf54L15-Clean-Implementation/nrf54l15_hal.cpp.o
                0x00000000000036dc                xiao_nrf54l15::BleRadio::configureBle1M()
 .text._ZN13xiao_nrf54l158BleRadio10waitForEndEm
                0x0000000000003778       0x1e /home/lolren/.cache/arduino/sketches/B2331C0E26E6ACE6E48102A02F83FF1E/libraries/Nrf54L15-Clean-Implementation/nrf54l15_hal.cpp.o
                0x0000000000003778                xiao_nrf54l15::BleRadio::waitForEnd(unsigned long)
 .text._ZN13xiao_nrf54l158BleRadio21setAdvertisingChannelENS_21BleAdvertisingChannelE
                0x0000000000003796       0x2c /home/lolren/.cache/arduino/sketches/B2331C0E26E6ACE6E48102A02F83FF1E/libraries/Nrf54L15-Clean-Implementation/nrf54l15_hal.cpp.o
                0x0000000000003796                xiao_nrf54l15::BleRadio::setAdvertisingChannel(xiao_nrf54l15::BleAdvertisingChannel)
 *fill*         0x00000000000037c2        0x2 
 .text._ZN13xiao_nrf54l158BleRadio21advertiseInteractOnceENS_21BleAdvertisingChannelEPNS_17BleAdvInteractionEmm
                0x00000000000037c4      0x2b8 /home/lolren/.cache/arduino/sketches/B2331C0E26E6ACE6E48102A02F83FF1E/libraries/Nrf54L15-Clean-Implementation/nrf54l15_hal.cpp.o
                0x00000000000037c4                xiao_nrf54l15::BleRadio::advertiseInteractOnce(xiao_nrf54l15::BleAdvertisingChannel, xiao_nrf54l15::BleAdvInteraction*, unsigned long, unsigned long)
 .text._ZN13xiao_nrf54l158BleRadio22advertiseInteractEventEPNS_17BleAdvInteractionEmmm
                0x0000000000003a7c      0x10e /home/lolren/.cache/arduino/sketches/B2331C0E26E6ACE6E48102A02F83FF1E/libraries/Nrf54L15-Clean-Implementation/nrf54l15_hal.cpp.o
                0x0000000000003a7c                xiao_nrf54l15::BleRadio::advertiseInteractEvent(xiao_nrf54l15::BleAdvInteraction*, unsigned long, unsigned long, unsigned long)
 *fill*         0x0000000000003b8a        0x2 
 .text._ZN13xiao_nrf54l158BleRadio30restoreAdvertisingLinkDefaultsEv
                0x0000000000003b8c       0xa4 /home/lolren/.cache/arduino/sketches/B2331C0E26E6ACE6E48102A02F83FF1E/libraries/Nrf54L15-Clean-Implementation/nrf54l15_hal.cpp.o
                0x0000000000003b8c                xiao_nrf54l15::BleRadio::restoreAdvertisingLinkDefaults()
 .text._ZN13xiao_nrf54l158BleRadio10disconnectEm
                0x0000000000003c30       0xb0 /home/lolren/.cache/arduino/sketches/B2331C0E26E6ACE6E48102A02F83FF1E/libraries/Nrf54L15-Clean-Implementation/nrf54l15_hal.cpp.o
                0x0000000000003c30                xiao_nrf54l15::BleRadio::disconnect(unsigned long)
 .text._ZN13xiao_nrf54l158BleRadio19pollConnectionEventEPNS_18BleConnectionEventEm
                0x0000000000003ce0      0xd28 /home/lolren/.cache/arduino/sketches/B2331C0E26E6ACE6E48102A02F83FF1E/libraries/Nrf54L15-Clean-Implementation/nrf54l15_hal.cpp.o
                0x0000000000003ce0                xiao_nrf54l15::BleRadio::pollConnectionEvent(xiao_nrf54l15::BleConnectionEvent*, unsigned long)
 .text._ZN13xiao_nrf54l158BleRadio17txPowerRegFromDbmEa
                0x0000000000004a08       0xe8 /home/lolren/.cache/arduino/sketches/B2331C0E26E6ACE6E48102A02F83FF1E/libraries/Nrf54L15-Clean-Implementation/nrf54l15_hal.cpp.o
                0x0000000000004a08                xiao_nrf54l15::BleRadio::txPowerRegFromDbm(signed char)
 .text._ZN13xiao_nrf54l158BleRadio13setTxPowerDbmEa
                0x0000000000004af0       0x1c /home/lolren/.cache/arduino/sketches/B2331C0E26E6ACE6E48102A02F83FF1E/libraries/Nrf54L15-Clean-Implementation/nrf54l15_hal.cpp.o
                0x0000000000004af0                xiao_nrf54l15::BleRadio::setTxPowerDbm(signed char)
 .text._ZN13xiao_nrf54l158BleRadio5beginEa
                0x0000000000004b0c       0xd8 /home/lolren/.cache/arduino/sketches/B2331C0E26E6ACE6E48102A02F83FF1E/libraries/Nrf54L15-Clean-Implementation/nrf54l15_hal.cpp.o
                0x0000000000004b0c                xiao_nrf54l15::BleRadio::begin(signed char)
 .text.xiaoNrf54l15SetAntenna
                0x0000000000004be4       0x48 /home/lolren/.cache/arduino/sketches/B2331C0E26E6ACE6E48102A02F83FF1E/core/variant.cpp.o
                0x0000000000004be4                xiaoNrf54l15SetAntenna
 .text.initVariant
                0x0000000000004c2c        0x6 /home/lolren/.cache/arduino/sketches/B2331C0E26E6ACE6E48102A02F83FF1E/core/variant.cpp.o
                0x0000000000004c2c                initVariant
 .text._ZN14HardwareSerial4peekEv
                0x0000000000004c32        0xe /home/lolren/.cache/arduino/sketches/B2331C0E26E6ACE6E48102A02F83FF1E/core/core.a(HardwareSerial.cpp.o)
                0x0000000000004c32                HardwareSerial::peek()
 .text._ZN14HardwareSerial5flushEv
                0x0000000000004c40        0x2 /home/lolren/.cache/arduino/sketches/B2331C0E26E6ACE6E48102A02F83FF1E/core/core.a(HardwareSerial.cpp.o)
                0x0000000000004c40                HardwareSerial::flush()
 .text._ZN14HardwareSerialD2Ev
                0x0000000000004c42        0x2 /home/lolren/.cache/arduino/sketches/B2331C0E26E6ACE6E48102A02F83FF1E/core/core.a(HardwareSerial.cpp.o)
                0x0000000000004c42                HardwareSerial::~HardwareSerial()
                0x0000000000004c42                HardwareSerial::~HardwareSerial()
 .text._ZN14HardwareSerialD0Ev
                0x0000000000004c44        0xc /home/lolren/.cache/arduino/sketches/B2331C0E26E6ACE6E48102A02F83FF1E/core/core.a(HardwareSerial.cpp.o)
                0x0000000000004c44                HardwareSerial::~HardwareSerial()
 .text._ZN12_GLOBAL__N_1L10decode_pinEhPhS0_.part.0
                0x0000000000004c50       0xbe /home/lolren/.cache/arduino/sketches/B2331C0E26E6ACE6E48102A02F83FF1E/core/core.a(HardwareSerial.cpp.o)
 *fill*         0x0000000000004d0e        0x2 
 .text._ZN12_GLOBAL__N_1L10wait_eventEjmm.constprop.0
                0x0000000000004d10       0x1c /home/lolren/.cache/arduino/sketches/B2331C0E26E6ACE6E48102A02F83FF1E/core/core.a(HardwareSerial.cpp.o)
 .text._ZN14HardwareSerial5writeEh
                0x0000000000004d2c       0x4c /home/lolren/.cache/arduino/sketches/B2331C0E26E6ACE6E48102A02F83FF1E/core/core.a(HardwareSerial.cpp.o)
                0x0000000000004d2c                HardwareSerial::write(unsigned char)
 .text._ZN14HardwareSerial5beginEmt
                0x0000000000004d78      0x170 /home/lolren/.cache/arduino/sketches/B2331C0E26E6ACE6E48102A02F83FF1E/core/core.a(HardwareSerial.cpp.o)
                0x0000000000004d78                HardwareSerial::begin(unsigned long, unsigned short)
 .text._ZN14HardwareSerial5beginEm
                0x0000000000004ee8        0x6 /home/lolren/.cache/arduino/sketches/B2331C0E26E6ACE6E48102A02F83FF1E/core/core.a(HardwareSerial.cpp.o)
                0x0000000000004ee8                HardwareSerial::begin(unsigned long)
 .text._ZN14HardwareSerial11beginRxByteEv
                0x0000000000004eee       0x4c /home/lolren/.cache/arduino/sketches/B2331C0E26E6ACE6E48102A02F83FF1E/core/core.a(HardwareSerial.cpp.o)
                0x0000000000004eee                HardwareSerial::beginRxByte()
 .text._ZN14HardwareSerial9availableEv
                0x0000000000004f3a       0x1c /home/lolren/.cache/arduino/sketches/B2331C0E26E6ACE6E48102A02F83FF1E/core/core.a(HardwareSerial.cpp.o)
                0x0000000000004f3a                HardwareSerial::available()
 .text._ZN14HardwareSerial4readEv
                0x0000000000004f56       0x28 /home/lolren/.cache/arduino/sketches/B2331C0E26E6ACE6E48102A02F83FF1E/core/core.a(HardwareSerial.cpp.o)
                0x0000000000004f56                HardwareSerial::read()
 *fill*         0x0000000000004f7e        0x2 
 .text.startup._GLOBAL__sub_I__ZN14HardwareSerialC2EP14NRF_UARTE_Typehh
                0x0000000000004f80       0x48 /home/lolren/.cache/arduino/sketches/B2331C0E26E6ACE6E48102A02F83FF1E/core/core.a(HardwareSerial.cpp.o)
 .text._ZN5Print5writeEPKhj.part.0
                0x0000000000004fc8       0x22 /home/lolren/.cache/arduino/sketches/B2331C0E26E6ACE6E48102A02F83FF1E/core/core.a(Print.cpp.o)
 .text._ZN5Print5writeEPKhj
                0x0000000000004fea        0xa /home/lolren/.cache/arduino/sketches/B2331C0E26E6ACE6E48102A02F83FF1E/core/core.a(Print.cpp.o)
                0x0000000000004fea                Print::write(unsigned char const*, unsigned int)
 .text._ZN5Print5writeEPKc
                0x0000000000004ff4       0x1e /home/lolren/.cache/arduino/sketches/B2331C0E26E6ACE6E48102A02F83FF1E/core/core.a(Print.cpp.o)
                0x0000000000004ff4                Print::write(char const*)
 .text._ZN5Print5printEPKc
                0x0000000000005012        0x4 /home/lolren/.cache/arduino/sketches/B2331C0E26E6ACE6E48102A02F83FF1E/core/core.a(Print.cpp.o)
                0x0000000000005012                Print::print(char const*)
 .text._ZN5Print5printEc
                0x0000000000005016        0x6 /home/lolren/.cache/arduino/sketches/B2331C0E26E6ACE6E48102A02F83FF1E/core/core.a(Print.cpp.o)
                0x0000000000005016                Print::print(char)
 .text._ZN5Print7printlnEv
                0x000000000000501c        0x8 /home/lolren/.cache/arduino/sketches/B2331C0E26E6ACE6E48102A02F83FF1E/core/core.a(Print.cpp.o)
                0x000000000000501c                Print::println()
 .text._ZN5Print7printlnEPKc
                0x0000000000005024       0x14 /home/lolren/.cache/arduino/sketches/B2331C0E26E6ACE6E48102A02F83FF1E/core/core.a(Print.cpp.o)
                0x0000000000005024                Print::println(char const*)
 .text._ZN5Print11printNumberEmh
                0x0000000000005038       0x3c /home/lolren/.cache/arduino/sketches/B2331C0E26E6ACE6E48102A02F83FF1E/core/core.a(Print.cpp.o)
                0x0000000000005038                Print::printNumber(unsigned long, unsigned char)
 .text._ZN5Print5printEhi
                0x0000000000005074        0x6 /home/lolren/.cache/arduino/sketches/B2331C0E26E6ACE6E48102A02F83FF1E/core/core.a(Print.cpp.o)
                0x0000000000005074                Print::print(unsigned char, int)
 .text._ZN5Print11printSignedElh
                0x000000000000507a       0x36 /home/lolren/.cache/arduino/sketches/B2331C0E26E6ACE6E48102A02F83FF1E/core/core.a(Print.cpp.o)
                0x000000000000507a                Print::printSigned(long, unsigned char)
 .text._ZN5Print5printEii
                0x00000000000050b0        0x6 /home/lolren/.cache/arduino/sketches/B2331C0E26E6ACE6E48102A02F83FF1E/core/core.a(Print.cpp.o)
                0x00000000000050b0                Print::print(int, int)
 .text.init     0x00000000000050b6        0x4 /home/lolren/.cache/arduino/sketches/B2331C0E26E6ACE6E48102A02F83FF1E/core/core.a(main.cpp.o)
                0x00000000000050b6                init
 .text.yield    0x00000000000050ba        0xa /home/lolren/.cache/arduino/sketches/B2331C0E26E6ACE6E48102A02F83FF1E/core/core.a(main.cpp.o)
                0x00000000000050ba                yield
 .text.startup.main
                0x00000000000050c4       0x28 /home/lolren/.cache/arduino/sketches/B2331C0E26E6ACE6E48102A02F83FF1E/core/core.a(main.cpp.o)
                0x00000000000050c4                main
 .text._ZdlPv   0x00000000000050ec        0x4 /home/lolren/.cache/arduino/sketches/B2331C0E26E6ACE6E48102A02F83FF1E/core/core.a(new.cpp.o)
                0x00000000000050ec                operator delete(void*)
 .text.Reset_Handler
                0x00000000000050f0       0x68 /home/lolren/.cache/arduino/sketches/B2331C0E26E6ACE6E48102A02F83FF1E/core/core.a(startup_nrf54l15.S.o)
                0x00000000000050f0                Reset_Handler
                0x0000000000005128                NMI_Handler
                0x000000000000512a                HardFault_Handler
                0x000000000000512c                MemManage_Handler
                0x000000000000512e                BusFault_Handler
                0x0000000000005130                UsageFault_Handler
                0x0000000000005132                SecureFault_Handler
                0x0000000000005134                SVC_Handler
                0x0000000000005136                DebugMon_Handler
                0x0000000000005138                PendSV_Handler
                0x000000000000513a                TWIM20_IRQHandler
                0x000000000000513c                TWIM21_IRQHandler
                0x000000000000513e                Default_Handler
 .text.gpiote_irq_service.part.0
                0x0000000000005158       0x38 /home/lolren/.cache/arduino/sketches/B2331C0E26E6ACE6E48102A02F83FF1E/core/core.a(wiring_digital.c.o)
 .text.GPIOTE20_0_IRQHandler
                0x0000000000005190       0x10 /home/lolren/.cache/arduino/sketches/B2331C0E26E6ACE6E48102A02F83FF1E/core/core.a(wiring_digital.c.o)
                0x0000000000005190                GPIOTE20_0_IRQHandler
 .text.GPIOTE20_1_IRQHandler
                0x00000000000051a0       0x10 /home/lolren/.cache/arduino/sketches/B2331C0E26E6ACE6E48102A02F83FF1E/core/core.a(wiring_digital.c.o)
                0x00000000000051a0                GPIOTE20_1_IRQHandler
 .text.SysTick_Handler
                0x00000000000051b0       0x10 /home/lolren/.cache/arduino/sketches/B2331C0E26E6ACE6E48102A02F83FF1E/core/core.a(wiring_time.c.o)
                0x00000000000051b0                SysTick_Handler
 .text.initSysTick
                0x00000000000051c0       0x38 /home/lolren/.cache/arduino/sketches/B2331C0E26E6ACE6E48102A02F83FF1E/core/core.a(wiring_time.c.o)
                0x00000000000051c0                initSysTick
 .text.millis   0x00000000000051f8        0xc /home/lolren/.cache/arduino/sketches/B2331C0E26E6ACE6E48102A02F83FF1E/core/core.a(wiring_time.c.o)
                0x00000000000051f8                millis
 .text.micros   0x0000000000005204       0x4c /home/lolren/.cache/arduino/sketches/B2331C0E26E6ACE6E48102A02F83FF1E/core/core.a(wiring_time.c.o)
                0x0000000000005204                micros
 .text.delay    0x0000000000005250       0x20 /home/lolren/.cache/arduino/sketches/B2331C0E26E6ACE6E48102A02F83FF1E/core/core.a(wiring_time.c.o)
                0x0000000000005250                delay
 .text.delayMicroseconds
                0x0000000000005270       0x1a /home/lolren/.cache/arduino/sketches/B2331C0E26E6ACE6E48102A02F83FF1E/core/core.a(wiring_time.c.o)
                0x0000000000005270                delayMicroseconds
 .text.nrf54l15_clean_idle_service
                0x000000000000528a        0x2 /home/lolren/.cache/arduino/sketches/B2331C0E26E6ACE6E48102A02F83FF1E/core/core.a(idle_service.cpp.o)
                0x000000000000528a                nrf54l15_clean_idle_service
 .text.SystemCoreClockUpdate
                0x000000000000528c       0x2c /home/lolren/.cache/arduino/sketches/B2331C0E26E6ACE6E48102A02F83FF1E/core/core.a(system_nrf54l15.c.o)
                0x000000000000528c                SystemCoreClockUpdate
 .text.SystemInit
                0x00000000000052b8       0x2c /home/lolren/.cache/arduino/sketches/B2331C0E26E6ACE6E48102A02F83FF1E/core/core.a(system_nrf54l15.c.o)
                0x00000000000052b8                SystemInit
 .text.__libc_init_array
                0x00000000000052e4       0x48 /home/lolren/.arduino15/packages/adafruit/tools/arm-none-eabi-gcc/9-2019q4/bin/../lib/gcc/arm-none-eabi/9.2.1/../../../../arm-none-eabi/lib/thumb/v8-m.main/nofp/libc_nano.a(lib_a-init.o)
                0x00000000000052e4                __libc_init_array
 .text.free     0x000000000000532c       0x10 /home/lolren/.arduino15/packages/adafruit/tools/arm-none-eabi-gcc/9-2019q4/bin/../lib/gcc/arm-none-eabi/9.2.1/../../../../arm-none-eabi/lib/thumb/v8-m.main/nofp/libc_nano.a(lib_a-malloc.o)
                0x000000000000532c                free
 .text.memcmp   0x000000000000533c       0x1c /home/lolren/.arduino15/packages/adafruit/tools/arm-none-eabi-gcc/9-2019q4/bin/../lib/gcc/arm-none-eabi/9.2.1/../../../../arm-none-eabi/lib/thumb/v8-m.main/nofp/libc_nano.a(lib_a-memcmp.o)
                0x000000000000533c                memcmp
 .text.memcpy   0x0000000000005358       0x1a /home/lolren/.arduino15/packages/adafruit/tools/arm-none-eabi-gcc/9-2019q4/bin/../lib/gcc/arm-none-eabi/9.2.1/../../../../arm-none-eabi/lib/thumb/v8-m.main/nofp/libc_nano.a(lib_a-memcpy-stub.o)
                0x0000000000005358                memcpy
 .text.memset   0x0000000000005372       0x10 /home/lolren/.arduino15/packages/adafruit/tools/arm-none-eabi-gcc/9-2019q4/bin/../lib/gcc/arm-none-eabi/9.2.1/../../../../arm-none-eabi/lib/thumb/v8-m.main/nofp/libc_nano.a(lib_a-memset.o)
                0x0000000000005372                memset
 *fill*         0x0000000000005382        0x2 
 .text._free_r  0x0000000000005384       0x9c /home/lolren/.arduino15/packages/adafruit/tools/arm-none-eabi-gcc/9-2019q4/bin/../lib/gcc/arm-none-eabi/9.2.1/../../../../arm-none-eabi/lib/thumb/v8-m.main/nofp/libc_nano.a(lib_a-nano-freer.o)
                0x0000000000005384                _free_r
 .text.__malloc_lock
                0x0000000000005420        0xc /home/lolren/.arduino15/packages/adafruit/tools/arm-none-eabi-gcc/9-2019q4/bin/../lib/gcc/arm-none-eabi/9.2.1/../../../../arm-none-eabi/lib/thumb/v8-m.main/nofp/libc_nano.a(lib_a-mlock.o)
                0x0000000000005420                __malloc_lock
 .text.__malloc_unlock
                0x000000000000542c        0xc /home/lolren/.arduino15/packages/adafruit/tools/arm-none-eabi-gcc/9-2019q4/bin/../lib/gcc/arm-none-eabi/9.2.1/../../../../arm-none-eabi/lib/thumb/v8-m.main/nofp/libc_nano.a(lib_a-mlock.o)
                0x000000000000542c                __malloc_unlock
 .text.__retarget_lock_acquire_recursive
                0x0000000000005438        0x2 /home/lolren/.arduino15/packages/adafruit/tools/arm-none-eabi-gcc/9-2019q4/bin/../lib/gcc/arm-none-eabi/9.2.1/../../../../arm-none-eabi/lib/thumb/v8-m.main/nofp/libc_nano.a(lib_a-lock.o)
                0x0000000000005438                __retarget_lock_acquire_recursive
 .text.__retarget_lock_release_recursive
                0x000000000000543a        0x2 /home/lolren/.arduino15/packages/adafruit/tools/arm-none-eabi-gcc/9-2019q4/bin/../lib/gcc/arm-none-eabi/9.2.1/../../../../arm-none-eabi/lib/thumb/v8-m.main/nofp/libc_nano.a(lib_a-lock.o)
                0x000000000000543a                __retarget_lock_release_recursive
 *(.glue_7)
 .glue_7        0x000000000000543c        0x0 linker stubs
 *(.glue_7t)
 .glue_7t       0x000000000000543c        0x0 linker stubs
 *(.eh_frame)
 .eh_frame      0x000000000000543c        0x0 /home/lolren/.arduino15/packages/adafruit/tools/arm-none-eabi-gcc/9-2019q4/bin/../lib/gcc/arm-none-eabi/9.2.1/thumb/v8-m.main/nofp/crtbegin.o
 *(.init)
 .init          0x000000000000543c        0x4 /home/lolren/.arduino15/packages/adafruit/tools/arm-none-eabi-gcc/9-2019q4/bin/../lib/gcc/arm-none-eabi/9.2.1/thumb/v8-m.main/nofp/crti.o
                0x000000000000543c                _init
 .init          0x0000000000005440        0x8 /home/lolren/.arduino15/packages/adafruit/tools/arm-none-eabi-gcc/9-2019q4/bin/../lib/gcc/arm-none-eabi/9.2.1/thumb/v8-m.main/nofp/crtn.o
 *(.fini)
 .fini          0x0000000000005448        0x4 /home/lolren/.arduino15/packages/adafruit/tools/arm-none-eabi-gcc/9-2019q4/bin/../lib/gcc/arm-none-eabi/9.2.1/thumb/v8-m.main/nofp/crti.o
                0x0000000000005448                _fini
 .fini          0x000000000000544c        0x8 /home/lolren/.arduino15/packages/adafruit/tools/arm-none-eabi-gcc/9-2019q4/bin/../lib/gcc/arm-none-eabi/9.2.1/thumb/v8-m.main/nofp/crtn.o
                0x0000000000005454                . = ALIGN (0x4)
                0x0000000000005454                _etext = .

.vfp11_veneer   0x0000000000005454        0x0
 .vfp11_veneer  0x0000000000005454        0x0 linker stubs

.v4_bx          0x0000000000005454        0x0
 .v4_bx         0x0000000000005454        0x0 linker stubs

.iplt           0x0000000000005454        0x0
 .iplt          0x0000000000005454        0x0 /home/lolren/.arduino15/packages/adafruit/tools/arm-none-eabi-gcc/9-2019q4/bin/../lib/gcc/arm-none-eabi/9.2.1/thumb/v8-m.main/nofp/crtbegin.o

.preinit_array  0x0000000000005454        0x0
                0x0000000000005454                . = ALIGN (0x4)
                0x0000000000005454                PROVIDE (__preinit_array_start = .)
 *(.preinit_array)
 *(.preinit_array*)
                0x0000000000005454                PROVIDE (__preinit_array_end = .)
                0x0000000000005454                . = ALIGN (0x4)

.init_array     0x0000000000005454        0xc
                0x0000000000005454                . = ALIGN (0x4)
                0x0000000000005454                PROVIDE (__init_array_start = .)
 *(SORT_BY_NAME(.init_array.*))
 *(.init_array)
 .init_array    0x0000000000005454        0x4 /home/lolren/.arduino15/packages/adafruit/tools/arm-none-eabi-gcc/9-2019q4/bin/../lib/gcc/arm-none-eabi/9.2.1/thumb/v8-m.main/nofp/crtbegin.o
 .init_array    0x0000000000005458        0x4 /home/lolren/.cache/arduino/sketches/B2331C0E26E6ACE6E48102A02F83FF1E/sketch/BlePairingEncryptionStatus.ino.cpp.o
 .init_array    0x000000000000545c        0x4 /home/lolren/.cache/arduino/sketches/B2331C0E26E6ACE6E48102A02F83FF1E/core/core.a(HardwareSerial.cpp.o)
                0x0000000000005460                PROVIDE (__init_array_end = .)
                0x0000000000005460                . = ALIGN (0x4)

.fini_array     0x0000000000005460        0x4
                0x0000000000005460                . = ALIGN (0x4)
                [!provide]                        PROVIDE (__fini_array_start = .)
 *(SORT_BY_NAME(.fini_array.*))
 *(.fini_array)
 .fini_array    0x0000000000005460        0x4 /home/lolren/.arduino15/packages/adafruit/tools/arm-none-eabi-gcc/9-2019q4/bin/../lib/gcc/arm-none-eabi/9.2.1/thumb/v8-m.main/nofp/crtbegin.o
                [!provide]                        PROVIDE (__fini_array_end = .)
                0x0000000000005464                . = ALIGN (0x4)

.rodata         0x0000000000005464      0x63c
                0x0000000000005464                . = ALIGN (0x4)
 *(.rodata)
 *(.rodata*)
 .rodata._ZL10onBleTracePKcPv.str1.1
                0x0000000000005464        0x9 /home/lolren/.cache/arduino/sketches/B2331C0E26E6ACE6E48102A02F83FF1E/sketch/BlePairingEncryptionStatus.ino.cpp.o
                                          0xc (size before relaxing)
 .rodata.setup.str1.1
                0x000000000000546d      0x195 /home/lolren/.cache/arduino/sketches/B2331C0E26E6ACE6E48102A02F83FF1E/sketch/BlePairingEncryptionStatus.ino.cpp.o
                                        0x19a (size before relaxing)
 .rodata.loop.str1.1
                0x0000000000005602       0xbc /home/lolren/.cache/arduino/sketches/B2331C0E26E6ACE6E48102A02F83FF1E/sketch/BlePairingEncryptionStatus.ino.cpp.o
                                         0xcb (size before relaxing)
 .rodata._ZN13xiao_nrf54l15L11kPinUserLedE
                0x00000000000056be        0x2 /home/lolren/.cache/arduino/sketches/B2331C0E26E6ACE6E48102A02F83FF1E/sketch/BlePairingEncryptionStatus.ino.cpp.o
 .rodata._ZZ5setupE8kAddress
                0x00000000000056c0        0x6 /home/lolren/.cache/arduino/sketches/B2331C0E26E6ACE6E48102A02F83FF1E/sketch/BlePairingEncryptionStatus.ino.cpp.o
 .rodata._ZNK13xiao_nrf54l158BleRadio12emitBleTraceEPKc.str1.1
                0x00000000000056c6        0x7 /home/lolren/.cache/arduino/sketches/B2331C0E26E6ACE6E48102A02F83FF1E/libraries/Nrf54L15-Clean-Implementation/nrf54l15_hal.cpp.o
 .rodata._ZZN13xiao_nrf54l158BleRadio21buildL2capSmpResponseEPKhhPhS3_ENKUlhE0_clEh.str1.1
                0x00000000000056cd       0x13 /home/lolren/.cache/arduino/sketches/B2331C0E26E6ACE6E48102A02F83FF1E/libraries/Nrf54L15-Clean-Implementation/nrf54l15_hal.cpp.o
 .rodata._ZZN13xiao_nrf54l158BleRadio22buildLlControlResponseEPKhhPhS3_PbENKUlvE1_clEv.str1.1
                0x00000000000056e0       0x1d /home/lolren/.cache/arduino/sketches/B2331C0E26E6ACE6E48102A02F83FF1E/libraries/Nrf54L15-Clean-Implementation/nrf54l15_hal.cpp.o
 .rodata._ZZN13xiao_nrf54l158BleRadio22buildLlControlResponseEPKhhPhS3_PbENKUlvE3_clEv.str1.1
                0x00000000000056fd       0x1e /home/lolren/.cache/arduino/sketches/B2331C0E26E6ACE6E48102A02F83FF1E/libraries/Nrf54L15-Clean-Implementation/nrf54l15_hal.cpp.o
 .rodata._ZZN13xiao_nrf54l158BleRadio22buildLlControlResponseEPKhhPhS3_PbENKUlvE2_clEv.str1.1
                0x000000000000571b       0x1d /home/lolren/.cache/arduino/sketches/B2331C0E26E6ACE6E48102A02F83FF1E/libraries/Nrf54L15-Clean-Implementation/nrf54l15_hal.cpp.o
 .rodata._ZZN13xiao_nrf54l158BleRadio22buildLlControlResponseEPKhhPhS3_PbENKUlvE0_clEv.str1.1
                0x0000000000005738       0x1e /home/lolren/.cache/arduino/sketches/B2331C0E26E6ACE6E48102A02F83FF1E/libraries/Nrf54L15-Clean-Implementation/nrf54l15_hal.cpp.o
 .rodata._ZZN13xiao_nrf54l158BleRadio22buildLlControlResponseEPKhhPhS3_PbENKUlvE_clEv.str1.1
                0x0000000000005756       0x14 /home/lolren/.cache/arduino/sketches/B2331C0E26E6ACE6E48102A02F83FF1E/libraries/Nrf54L15-Clean-Implementation/nrf54l15_hal.cpp.o
 .rodata._ZN13xiao_nrf54l158BleRadio29loadBondRecordFromPersistenceEv.str1.1
                0x000000000000576a        0xc /home/lolren/.cache/arduino/sketches/B2331C0E26E6ACE6E48102A02F83FF1E/libraries/Nrf54L15-Clean-Implementation/nrf54l15_hal.cpp.o
 .rodata._ZN13xiao_nrf54l158BleRadio29startConnectionFromConnectIndEPKhhbbm.str1.1
                0x0000000000005776       0x16 /home/lolren/.cache/arduino/sketches/B2331C0E26E6ACE6E48102A02F83FF1E/libraries/Nrf54L15-Clean-Implementation/nrf54l15_hal.cpp.o
 .rodata._ZN13xiao_nrf54l158BleRadio17persistBondRecordERKNS_13BleBondRecordE.str1.1
                0x000000000000578c        0xb /home/lolren/.cache/arduino/sketches/B2331C0E26E6ACE6E48102A02F83FF1E/libraries/Nrf54L15-Clean-Implementation/nrf54l15_hal.cpp.o
 .rodata._ZN13xiao_nrf54l158BleRadio21buildL2capSmpResponseEPKhhPhS3_.str1.1
                0x0000000000005797       0x6b /home/lolren/.cache/arduino/sketches/B2331C0E26E6ACE6E48102A02F83FF1E/libraries/Nrf54L15-Clean-Implementation/nrf54l15_hal.cpp.o
 .rodata._ZN13xiao_nrf54l158BleRadio22buildLlControlResponseEPKhhPhS3_Pb.str1.1
                0x0000000000005802       0x70 /home/lolren/.cache/arduino/sketches/B2331C0E26E6ACE6E48102A02F83FF1E/libraries/Nrf54L15-Clean-Implementation/nrf54l15_hal.cpp.o
 .rodata._ZN13xiao_nrf54l158BleRadio10disconnectEm.str1.1
                0x0000000000005872        0xb /home/lolren/.cache/arduino/sketches/B2331C0E26E6ACE6E48102A02F83FF1E/libraries/Nrf54L15-Clean-Implementation/nrf54l15_hal.cpp.o
 .rodata._ZN13xiao_nrf54l158BleRadio19pollConnectionEventEPNS_18BleConnectionEventEm.str1.1
                0x000000000000587d       0x53 /home/lolren/.cache/arduino/sketches/B2331C0E26E6ACE6E48102A02F83FF1E/libraries/Nrf54L15-Clean-Implementation/nrf54l15_hal.cpp.o
 .rodata._ZN13xiao_nrf54l158BleRadio5beginEa.str1.1
                0x00000000000058d0        0xe /home/lolren/.cache/arduino/sketches/B2331C0E26E6ACE6E48102A02F83FF1E/libraries/Nrf54L15-Clean-Implementation/nrf54l15_hal.cpp.o
 *fill*         0x00000000000058de        0x2 
 .rodata.CSWTCH.447
                0x00000000000058e0        0xc /home/lolren/.cache/arduino/sketches/B2331C0E26E6ACE6E48102A02F83FF1E/libraries/Nrf54L15-Clean-Implementation/nrf54l15_hal.cpp.o
 .rodata._ZN12_GLOBAL__N_1L18kBleAttributeUuidsE
                0x00000000000058ec       0x3c /home/lolren/.cache/arduino/sketches/B2331C0E26E6ACE6E48102A02F83FF1E/libraries/Nrf54L15-Clean-Implementation/nrf54l15_hal.cpp.o
 .rodata._ZN12_GLOBAL__N_1L19kBleCharacteristicsE
                0x0000000000005928       0x28 /home/lolren/.cache/arduino/sketches/B2331C0E26E6ACE6E48102A02F83FF1E/libraries/Nrf54L15-Clean-Implementation/nrf54l15_hal.cpp.o
 .rodata._ZN12_GLOBAL__N_1L19kBlePrimaryServicesE
                0x0000000000005950       0x12 /home/lolren/.cache/arduino/sketches/B2331C0E26E6ACE6E48102A02F83FF1E/libraries/Nrf54L15-Clean-Implementation/nrf54l15_hal.cpp.o
 .rodata._ZN12_GLOBAL__N_1L8kAesRconE
                0x0000000000005962        0xb /home/lolren/.cache/arduino/sketches/B2331C0E26E6ACE6E48102A02F83FF1E/libraries/Nrf54L15-Clean-Implementation/nrf54l15_hal.cpp.o
 .rodata._ZN12_GLOBAL__N_1L8kAesSboxE
                0x000000000000596d      0x100 /home/lolren/.cache/arduino/sketches/B2331C0E26E6ACE6E48102A02F83FF1E/libraries/Nrf54L15-Clean-Implementation/nrf54l15_hal.cpp.o
 *fill*         0x0000000000005a6d        0x3 
 .rodata.CSWTCH.23
                0x0000000000005a70        0xc /home/lolren/.cache/arduino/sketches/B2331C0E26E6ACE6E48102A02F83FF1E/core/core.a(HardwareSerial.cpp.o)
 .rodata._ZTV14HardwareSerial
                0x0000000000005a7c       0x24 /home/lolren/.cache/arduino/sketches/B2331C0E26E6ACE6E48102A02F83FF1E/core/core.a(HardwareSerial.cpp.o)
                0x0000000000005a7c                vtable for HardwareSerial
                0x0000000000005aa0                . = ALIGN (0x4)

.rel.dyn        0x0000000000005aa0        0x0
 .rel.iplt      0x0000000000005aa0        0x0 /home/lolren/.arduino15/packages/adafruit/tools/arm-none-eabi-gcc/9-2019q4/bin/../lib/gcc/arm-none-eabi/9.2.1/thumb/v8-m.main/nofp/crtbegin.o

.ARM.extab
 *(.ARM.extab* .gnu.linkonce.armextab.*)

.ARM            0x0000000000005aa0        0x0
                0x0000000000005aa0                __exidx_start = .
 *(.ARM.exidx*)
                0x0000000000005aa0                __exidx_end = .

.data           0x0000000020000000       0x6c load address 0x0000000000005aa0
                0x0000000020000000                . = ALIGN (0x4)
                0x0000000020000000                _sdata = .
 *(.data)
 *(.data*)
 .data._ZN12_GLOBAL__N_118g_boardAntennaPathE
                0x0000000020000000        0x1 /home/lolren/.cache/arduino/sketches/B2331C0E26E6ACE6E48102A02F83FF1E/libraries/Nrf54L15-Clean-Implementation/nrf54l15_hal.cpp.o
 *fill*         0x0000000020000001        0x3 
 .data.SystemCoreClock
                0x0000000020000004        0x4 /home/lolren/.cache/arduino/sketches/B2331C0E26E6ACE6E48102A02F83FF1E/core/core.a(system_nrf54l15.c.o)
                0x0000000020000004                SystemCoreClock
 .data._impure_ptr
                0x0000000020000008        0x4 /home/lolren/.arduino15/packages/adafruit/tools/arm-none-eabi-gcc/9-2019q4/bin/../lib/gcc/arm-none-eabi/9.2.1/../../../../arm-none-eabi/lib/thumb/v8-m.main/nofp/libc_nano.a(lib_a-impure.o)
                0x0000000020000008                _impure_ptr
 .data.impure_data
                0x000000002000000c       0x60 /home/lolren/.arduino15/packages/adafruit/tools/arm-none-eabi-gcc/9-2019q4/bin/../lib/gcc/arm-none-eabi/9.2.1/../../../../arm-none-eabi/lib/thumb/v8-m.main/nofp/libc_nano.a(lib_a-impure.o)
                0x000000002000006c                . = ALIGN (0x4)
                0x000000002000006c                _edata = .
                0x0000000000005aa0                _sidata = LOADADDR (.data)

.igot.plt       0x000000002000006c        0x0 load address 0x0000000000005b0c
 .igot.plt      0x000000002000006c        0x0 /home/lolren/.arduino15/packages/adafruit/tools/arm-none-eabi-gcc/9-2019q4/bin/../lib/gcc/arm-none-eabi/9.2.1/thumb/v8-m.main/nofp/crtbegin.o

.bss            0x0000000020000070      0x608 load address 0x0000000000005b0c
                0x0000000020000070                . = ALIGN (0x4)
                0x0000000020000070                _sbss = .
                0x0000000020000070                __bss_start__ = _sbss
 *(.bss)
 .bss           0x0000000020000070       0x1c /home/lolren/.arduino15/packages/adafruit/tools/arm-none-eabi-gcc/9-2019q4/bin/../lib/gcc/arm-none-eabi/9.2.1/thumb/v8-m.main/nofp/crtbegin.o
 *(.bss*)
 .bss._ZL10g_bleReady
                0x000000002000008c        0x1 /home/lolren/.cache/arduino/sketches/B2331C0E26E6ACE6E48102A02F83FF1E/sketch/BlePairingEncryptionStatus.ino.cpp.o
 *fill*         0x000000002000008d        0x3 
 .bss._ZL14g_lastAdvLogMs
                0x0000000020000090        0x4 /home/lolren/.cache/arduino/sketches/B2331C0E26E6ACE6E48102A02F83FF1E/sketch/BlePairingEncryptionStatus.ino.cpp.o
 .bss._ZL15g_prevConnected
                0x0000000020000094        0x1 /home/lolren/.cache/arduino/sketches/B2331C0E26E6ACE6E48102A02F83FF1E/sketch/BlePairingEncryptionStatus.ino.cpp.o
 .bss._ZL15g_prevEncrypted
                0x0000000020000095        0x1 /home/lolren/.cache/arduino/sketches/B2331C0E26E6ACE6E48102A02F83FF1E/sketch/BlePairingEncryptionStatus.ino.cpp.o
 *fill*         0x0000000020000096        0x2 
 .bss._ZL20g_lastInitErrorLogMs
                0x0000000020000098        0x4 /home/lolren/.cache/arduino/sketches/B2331C0E26E6ACE6E48102A02F83FF1E/sketch/BlePairingEncryptionStatus.ino.cpp.o
 .bss._ZL21g_connectionAnnounced
                0x000000002000009c        0x1 /home/lolren/.cache/arduino/sketches/B2331C0E26E6ACE6E48102A02F83FF1E/sketch/BlePairingEncryptionStatus.ino.cpp.o
 *fill*         0x000000002000009d        0x3 
 .bss._ZL5g_ble
                0x00000000200000a0      0x548 /home/lolren/.cache/arduino/sketches/B2331C0E26E6ACE6E48102A02F83FF1E/sketch/BlePairingEncryptionStatus.ino.cpp.o
 .bss._ZL7g_power
                0x00000000200005e8        0xc /home/lolren/.cache/arduino/sketches/B2331C0E26E6ACE6E48102A02F83FF1E/sketch/BlePairingEncryptionStatus.ino.cpp.o
 .bss._ZN12_GLOBAL__N_1L9g_antennaE
                0x00000000200005f4        0x1 /home/lolren/.cache/arduino/sketches/B2331C0E26E6ACE6E48102A02F83FF1E/core/variant.cpp.o
 *fill*         0x00000000200005f5        0x3 
 .bss.Serial    0x00000000200005f8       0x14 /home/lolren/.cache/arduino/sketches/B2331C0E26E6ACE6E48102A02F83FF1E/core/core.a(HardwareSerial.cpp.o)
                0x00000000200005f8                Serial
 .bss.Serial1   0x000000002000060c       0x14 /home/lolren/.cache/arduino/sketches/B2331C0E26E6ACE6E48102A02F83FF1E/core/core.a(HardwareSerial.cpp.o)
                0x000000002000060c                Serial1
 .bss.g_irq_channels
                0x0000000020000620       0x40 /home/lolren/.cache/arduino/sketches/B2331C0E26E6ACE6E48102A02F83FF1E/core/core.a(wiring_digital.c.o)
 .bss.g_irq_state_initialized
                0x0000000020000660        0x1 /home/lolren/.cache/arduino/sketches/B2331C0E26E6ACE6E48102A02F83FF1E/core/core.a(wiring_digital.c.o)
 *fill*         0x0000000020000661        0x3 
 .bss.g_millis_ticks
                0x0000000020000664        0x4 /home/lolren/.cache/arduino/sketches/B2331C0E26E6ACE6E48102A02F83FF1E/core/core.a(wiring_time.c.o)
 .bss.__malloc_free_list
                0x0000000020000668        0x4 /home/lolren/.arduino15/packages/adafruit/tools/arm-none-eabi-gcc/9-2019q4/bin/../lib/gcc/arm-none-eabi/9.2.1/../../../../arm-none-eabi/lib/thumb/v8-m.main/nofp/libc_nano.a(lib_a-nano-mallocr.o)
                0x0000000020000668                __malloc_free_list
 *(COMMON)
 COMMON         0x000000002000066c        0x9 /home/lolren/.arduino15/packages/adafruit/tools/arm-none-eabi-gcc/9-2019q4/bin/../lib/gcc/arm-none-eabi/9.2.1/../../../../arm-none-eabi/lib/thumb/v8-m.main/nofp/libc_nano.a(lib_a-lock.o)
                0x000000002000066c                __lock___atexit_recursive_mutex
                0x000000002000066d                __lock___arc4random_mutex
                0x000000002000066e                __lock___env_recursive_mutex
                0x000000002000066f                __lock___sinit_recursive_mutex
                0x0000000020000670                __lock___malloc_recursive_mutex
                0x0000000020000671                __lock___at_quick_exit_mutex
                0x0000000020000672                __lock___dd_hash_mutex
                0x0000000020000673                __lock___tz_mutex
                0x0000000020000674                __lock___sfp_recursive_mutex
                0x0000000020000678                . = ALIGN (0x4)
 *fill*         0x0000000020000675        0x3 
                0x0000000020000678                _ebss = .
                0x0000000020000678                __bss_end__ = _ebss

.noinit         0x0000000020000678       0x38 load address 0x0000000000005b0c
                0x0000000020000678                . = ALIGN (0x4)
                0x0000000020000678                _snoinit = .
 *(.noinit)
 .noinit        0x0000000020000678       0x38 /home/lolren/.cache/arduino/sketches/B2331C0E26E6ACE6E48102A02F83FF1E/libraries/Nrf54L15-Clean-Implementation/nrf54l15_hal.cpp.o
 *(.noinit*)
                0x00000000200006b0                . = ALIGN (0x4)
                0x00000000200006b0                _enoinit = .

._user_heap_stack
                0x00000000200006b0     0x2000 load address 0x0000000000005b0c
                0x00000000200006b0                . = ALIGN (0x8)
                [!provide]                        PROVIDE (__heap_start__ = .)
                0x00000000200006b0                PROVIDE (end = .)
                [!provide]                        PROVIDE (_end = .)
                0x00000000200016b0                . = (. + __heap_size__)
 *fill*         0x00000000200006b0     0x1000 
                [!provide]                        PROVIDE (__heap_end__ = .)
                0x00000000200026b0                . = (. + __stack_size__)
 *fill*         0x00000000200016b0     0x1000 
                0x00000000200026b0                . = ALIGN (0x8)
                0x0000000020010000                __stack_start__ = (ORIGIN (RAM) + LENGTH (RAM))
                0x000000002000f000                __stack_end__ = (__stack_start__ - __stack_size__)
                0x00000000200026b0                . = ALIGN (0x4)
OUTPUT(/home/lolren/.cache/arduino/sketches/B2331C0E26E6ACE6E48102A02F83FF1E/BlePairingEncryptionStatus.ino.elf elf32-littlearm)

.ARM.attributes
                0x0000000000000000       0x30
 .ARM.attributes
                0x0000000000000000       0x22 /home/lolren/.arduino15/packages/adafruit/tools/arm-none-eabi-gcc/9-2019q4/bin/../lib/gcc/arm-none-eabi/9.2.1/thumb/v8-m.main/nofp/crti.o
 .ARM.attributes
                0x0000000000000022       0x32 /home/lolren/.arduino15/packages/adafruit/tools/arm-none-eabi-gcc/9-2019q4/bin/../lib/gcc/arm-none-eabi/9.2.1/thumb/v8-m.main/nofp/crtbegin.o
 .ARM.attributes
                0x0000000000000054       0x34 /home/lolren/.cache/arduino/sketches/B2331C0E26E6ACE6E48102A02F83FF1E/sketch/BlePairingEncryptionStatus.ino.cpp.o
 .ARM.attributes
                0x0000000000000088       0x34 /home/lolren/.cache/arduino/sketches/B2331C0E26E6ACE6E48102A02F83FF1E/libraries/Nrf54L15-Clean-Implementation/nrf54l15_hal.cpp.o
 .ARM.attributes
                0x00000000000000bc       0x34 /home/lolren/.cache/arduino/sketches/B2331C0E26E6ACE6E48102A02F83FF1E/core/variant.cpp.o
 .ARM.attributes
                0x00000000000000f0       0x34 /home/lolren/.cache/arduino/sketches/B2331C0E26E6ACE6E48102A02F83FF1E/core/core.a(HardwareSerial.cpp.o)
 .ARM.attributes
                0x0000000000000124       0x34 /home/lolren/.cache/arduino/sketches/B2331C0E26E6ACE6E48102A02F83FF1E/core/core.a(Print.cpp.o)
 .ARM.attributes
                0x0000000000000158       0x34 /home/lolren/.cache/arduino/sketches/B2331C0E26E6ACE6E48102A02F83FF1E/core/core.a(main.cpp.o)
 .ARM.attributes
                0x000000000000018c       0x34 /home/lolren/.cache/arduino/sketches/B2331C0E26E6ACE6E48102A02F83FF1E/core/core.a(new.cpp.o)
 .ARM.attributes
                0x00000000000001c0       0x24 /home/lolren/.cache/arduino/sketches/B2331C0E26E6ACE6E48102A02F83FF1E/core/core.a(startup_nrf54l15.S.o)
 .ARM.attributes
                0x00000000000001e4       0x34 /home/lolren/.cache/arduino/sketches/B2331C0E26E6ACE6E48102A02F83FF1E/core/core.a(wiring_digital.c.o)
 .ARM.attributes
                0x0000000000000218       0x34 /home/lolren/.cache/arduino/sketches/B2331C0E26E6ACE6E48102A02F83FF1E/core/core.a(wiring_time.c.o)
 .ARM.attributes
                0x000000000000024c       0x34 /home/lolren/.cache/arduino/sketches/B2331C0E26E6ACE6E48102A02F83FF1E/core/core.a(idle_service.cpp.o)
 .ARM.attributes
                0x0000000000000280       0x34 /home/lolren/.cache/arduino/sketches/B2331C0E26E6ACE6E48102A02F83FF1E/core/core.a(system_nrf54l15.c.o)
 .ARM.attributes
                0x00000000000002b4       0x32 /home/lolren/.arduino15/packages/adafruit/tools/arm-none-eabi-gcc/9-2019q4/bin/../lib/gcc/arm-none-eabi/9.2.1/../../../../arm-none-eabi/lib/thumb/v8-m.main/nofp/libc_nano.a(lib_a-impure.o)
 .ARM.attributes
                0x00000000000002e6       0x32 /home/lolren/.arduino15/packages/adafruit/tools/arm-none-eabi-gcc/9-2019q4/bin/../lib/gcc/arm-none-eabi/9.2.1/../../../../arm-none-eabi/lib/thumb/v8-m.main/nofp/libc_nano.a(lib_a-init.o)
 .ARM.attributes
                0x0000000000000318       0x32 /home/lolren/.arduino15/packages/adafruit/tools/arm-none-eabi-gcc/9-2019q4/bin/../lib/gcc/arm-none-eabi/9.2.1/../../../../arm-none-eabi/lib/thumb/v8-m.main/nofp/libc_nano.a(lib_a-malloc.o)
 .ARM.attributes
                0x000000000000034a       0x32 /home/lolren/.arduino15/packages/adafruit/tools/arm-none-eabi-gcc/9-2019q4/bin/../lib/gcc/arm-none-eabi/9.2.1/../../../../arm-none-eabi/lib/thumb/v8-m.main/nofp/libc_nano.a(lib_a-memcmp.o)
 .ARM.attributes
                0x000000000000037c       0x32 /home/lolren/.arduino15/packages/adafruit/tools/arm-none-eabi-gcc/9-2019q4/bin/../lib/gcc/arm-none-eabi/9.2.1/../../../../arm-none-eabi/lib/thumb/v8-m.main/nofp/libc_nano.a(lib_a-memcpy-stub.o)
 .ARM.attributes
                0x00000000000003ae       0x32 /home/lolren/.arduino15/packages/adafruit/tools/arm-none-eabi-gcc/9-2019q4/bin/../lib/gcc/arm-none-eabi/9.2.1/../../../../arm-none-eabi/lib/thumb/v8-m.main/nofp/libc_nano.a(lib_a-memset.o)
 .ARM.attributes
                0x00000000000003e0       0x32 /home/lolren/.arduino15/packages/adafruit/tools/arm-none-eabi-gcc/9-2019q4/bin/../lib/gcc/arm-none-eabi/9.2.1/../../../../arm-none-eabi/lib/thumb/v8-m.main/nofp/libc_nano.a(lib_a-nano-freer.o)
 .ARM.attributes
                0x0000000000000412       0x32 /home/lolren/.arduino15/packages/adafruit/tools/arm-none-eabi-gcc/9-2019q4/bin/../lib/gcc/arm-none-eabi/9.2.1/../../../../arm-none-eabi/lib/thumb/v8-m.main/nofp/libc_nano.a(lib_a-nano-mallocr.o)
 .ARM.attributes
                0x0000000000000444       0x17 /home/lolren/.arduino15/packages/adafruit/tools/arm-none-eabi-gcc/9-2019q4/bin/../lib/gcc/arm-none-eabi/9.2.1/../../../../arm-none-eabi/lib/thumb/v8-m.main/nofp/libc_nano.a(lib_a-strlen.o)
 .ARM.attributes
                0x000000000000045b       0x32 /home/lolren/.arduino15/packages/adafruit/tools/arm-none-eabi-gcc/9-2019q4/bin/../lib/gcc/arm-none-eabi/9.2.1/../../../../arm-none-eabi/lib/thumb/v8-m.main/nofp/libc_nano.a(lib_a-mlock.o)
 .ARM.attributes
                0x000000000000048d       0x32 /home/lolren/.arduino15/packages/adafruit/tools/arm-none-eabi-gcc/9-2019q4/bin/../lib/gcc/arm-none-eabi/9.2.1/../../../../arm-none-eabi/lib/thumb/v8-m.main/nofp/libc_nano.a(lib_a-lock.o)
 .ARM.attributes
                0x00000000000004bf       0x22 /home/lolren/.arduino15/packages/adafruit/tools/arm-none-eabi-gcc/9-2019q4/bin/../lib/gcc/arm-none-eabi/9.2.1/thumb/v8-m.main/nofp/crtn.o

.comment        0x0000000000000000       0x79
 .comment       0x0000000000000000       0x79 /home/lolren/.cache/arduino/sketches/B2331C0E26E6ACE6E48102A02F83FF1E/sketch/BlePairingEncryptionStatus.ino.cpp.o
                                         0x7a (size before relaxing)
 .comment       0x0000000000000079       0x7a /home/lolren/.cache/arduino/sketches/B2331C0E26E6ACE6E48102A02F83FF1E/libraries/Nrf54L15-Clean-Implementation/nrf54l15_hal.cpp.o
 .comment       0x0000000000000079       0x7a /home/lolren/.cache/arduino/sketches/B2331C0E26E6ACE6E48102A02F83FF1E/core/variant.cpp.o
 .comment       0x0000000000000079       0x7a /home/lolren/.cache/arduino/sketches/B2331C0E26E6ACE6E48102A02F83FF1E/core/core.a(HardwareSerial.cpp.o)
 .comment       0x0000000000000079       0x7a /home/lolren/.cache/arduino/sketches/B2331C0E26E6ACE6E48102A02F83FF1E/core/core.a(Print.cpp.o)
 .comment       0x0000000000000079       0x7a /home/lolren/.cache/arduino/sketches/B2331C0E26E6ACE6E48102A02F83FF1E/core/core.a(main.cpp.o)
 .comment       0x0000000000000079       0x7a /home/lolren/.cache/arduino/sketches/B2331C0E26E6ACE6E48102A02F83FF1E/core/core.a(new.cpp.o)
 .comment       0x0000000000000079       0x7a /home/lolren/.cache/arduino/sketches/B2331C0E26E6ACE6E48102A02F83FF1E/core/core.a(wiring_digital.c.o)
 .comment       0x0000000000000079       0x7a /home/lolren/.cache/arduino/sketches/B2331C0E26E6ACE6E48102A02F83FF1E/core/core.a(wiring_time.c.o)
 .comment       0x0000000000000079       0x7a /home/lolren/.cache/arduino/sketches/B2331C0E26E6ACE6E48102A02F83FF1E/core/core.a(idle_service.cpp.o)
 .comment       0x0000000000000079       0x7a /home/lolren/.cache/arduino/sketches/B2331C0E26E6ACE6E48102A02F83FF1E/core/core.a(system_nrf54l15.c.o)

.debug_info     0x0000000000000000    0x559d8
 .debug_info    0x0000000000000000     0xc676 /home/lolren/.cache/arduino/sketches/B2331C0E26E6ACE6E48102A02F83FF1E/sketch/BlePairingEncryptionStatus.ino.cpp.o
 .debug_info    0x000000000000c676    0x219b8 /home/lolren/.cache/arduino/sketches/B2331C0E26E6ACE6E48102A02F83FF1E/libraries/Nrf54L15-Clean-Implementation/nrf54l15_hal.cpp.o
 .debug_info    0x000000000002e02e     0x83e3 /home/lolren/.cache/arduino/sketches/B2331C0E26E6ACE6E48102A02F83FF1E/core/variant.cpp.o
 .debug_info    0x0000000000036411     0xa1b2 /home/lolren/.cache/arduino/sketches/B2331C0E26E6ACE6E48102A02F83FF1E/core/core.a(HardwareSerial.cpp.o)
 .debug_info    0x00000000000405c3     0x2a06 /home/lolren/.cache/arduino/sketches/B2331C0E26E6ACE6E48102A02F83FF1E/core/core.a(Print.cpp.o)
 .debug_info    0x0000000000042fc9     0x771e /home/lolren/.cache/arduino/sketches/B2331C0E26E6ACE6E48102A02F83FF1E/core/core.a(main.cpp.o)
 .debug_info    0x000000000004a6e7     0x1062 /home/lolren/.cache/arduino/sketches/B2331C0E26E6ACE6E48102A02F83FF1E/core/core.a(new.cpp.o)
 .debug_info    0x000000000004b749       0x26 /home/lolren/.cache/arduino/sketches/B2331C0E26E6ACE6E48102A02F83FF1E/core/core.a(startup_nrf54l15.S.o)
 .debug_info    0x000000000004b76f     0x1c8b /home/lolren/.cache/arduino/sketches/B2331C0E26E6ACE6E48102A02F83FF1E/core/core.a(wiring_digital.c.o)
 .debug_info    0x000000000004d3fa      0xc7e /home/lolren/.cache/arduino/sketches/B2331C0E26E6ACE6E48102A02F83FF1E/core/core.a(wiring_time.c.o)
 .debug_info    0x000000000004e078     0x7666 /home/lolren/.cache/arduino/sketches/B2331C0E26E6ACE6E48102A02F83FF1E/core/core.a(idle_service.cpp.o)
 .debug_info    0x00000000000556de      0x2fa /home/lolren/.cache/arduino/sketches/B2331C0E26E6ACE6E48102A02F83FF1E/core/core.a(system_nrf54l15.c.o)

.debug_abbrev   0x0000000000000000     0x4da4
 .debug_abbrev  0x0000000000000000      0xa76 /home/lolren/.cache/arduino/sketches/B2331C0E26E6ACE6E48102A02F83FF1E/sketch/BlePairingEncryptionStatus.ino.cpp.o
 .debug_abbrev  0x0000000000000a76     0x1036 /home/lolren/.cache/arduino/sketches/B2331C0E26E6ACE6E48102A02F83FF1E/libraries/Nrf54L15-Clean-Implementation/nrf54l15_hal.cpp.o
 .debug_abbrev  0x0000000000001aac      0x7b1 /home/lolren/.cache/arduino/sketches/B2331C0E26E6ACE6E48102A02F83FF1E/core/variant.cpp.o
 .debug_abbrev  0x000000000000225d      0xb2a /home/lolren/.cache/arduino/sketches/B2331C0E26E6ACE6E48102A02F83FF1E/core/core.a(HardwareSerial.cpp.o)
 .debug_abbrev  0x0000000000002d87      0x538 /home/lolren/.cache/arduino/sketches/B2331C0E26E6ACE6E48102A02F83FF1E/core/core.a(Print.cpp.o)
 .debug_abbrev  0x00000000000032bf      0x6b7 /home/lolren/.cache/arduino/sketches/B2331C0E26E6ACE6E48102A02F83FF1E/core/core.a(main.cpp.o)
 .debug_abbrev  0x0000000000003976      0x3b5 /home/lolren/.cache/arduino/sketches/B2331C0E26E6ACE6E48102A02F83FF1E/core/core.a(new.cpp.o)
 .debug_abbrev  0x0000000000003d2b       0x14 /home/lolren/.cache/arduino/sketches/B2331C0E26E6ACE6E48102A02F83FF1E/core/core.a(startup_nrf54l15.S.o)
 .debug_abbrev  0x0000000000003d3f      0x5ac /home/lolren/.cache/arduino/sketches/B2331C0E26E6ACE6E48102A02F83FF1E/core/core.a(wiring_digital.c.o)
 .debug_abbrev  0x00000000000042eb      0x327 /home/lolren/.cache/arduino/sketches/B2331C0E26E6ACE6E48102A02F83FF1E/core/core.a(wiring_time.c.o)
 .debug_abbrev  0x0000000000004612      0x655 /home/lolren/.cache/arduino/sketches/B2331C0E26E6ACE6E48102A02F83FF1E/core/core.a(idle_service.cpp.o)
 .debug_abbrev  0x0000000000004c67      0x13d /home/lolren/.cache/arduino/sketches/B2331C0E26E6ACE6E48102A02F83FF1E/core/core.a(system_nrf54l15.c.o)

.debug_loc      0x0000000000000000    0x16b9d
 .debug_loc     0x0000000000000000      0x262 /home/lolren/.cache/arduino/sketches/B2331C0E26E6ACE6E48102A02F83FF1E/sketch/BlePairingEncryptionStatus.ino.cpp.o
 .debug_loc     0x0000000000000262    0x1356f /home/lolren/.cache/arduino/sketches/B2331C0E26E6ACE6E48102A02F83FF1E/libraries/Nrf54L15-Clean-Implementation/nrf54l15_hal.cpp.o
 .debug_loc     0x00000000000137d1      0x137 /home/lolren/.cache/arduino/sketches/B2331C0E26E6ACE6E48102A02F83FF1E/core/variant.cpp.o
 .debug_loc     0x0000000000013908      0xf6e /home/lolren/.cache/arduino/sketches/B2331C0E26E6ACE6E48102A02F83FF1E/core/core.a(HardwareSerial.cpp.o)
 .debug_loc     0x0000000000014876     0x1448 /home/lolren/.cache/arduino/sketches/B2331C0E26E6ACE6E48102A02F83FF1E/core/core.a(Print.cpp.o)
 .debug_loc     0x0000000000015cbe       0xa2 /home/lolren/.cache/arduino/sketches/B2331C0E26E6ACE6E48102A02F83FF1E/core/core.a(new.cpp.o)
 .debug_loc     0x0000000000015d60      0xc56 /home/lolren/.cache/arduino/sketches/B2331C0E26E6ACE6E48102A02F83FF1E/core/core.a(wiring_digital.c.o)
 .debug_loc     0x00000000000169b6      0x157 /home/lolren/.cache/arduino/sketches/B2331C0E26E6ACE6E48102A02F83FF1E/core/core.a(wiring_time.c.o)
 .debug_loc     0x0000000000016b0d       0x90 /home/lolren/.cache/arduino/sketches/B2331C0E26E6ACE6E48102A02F83FF1E/core/core.a(system_nrf54l15.c.o)

.debug_aranges  0x0000000000000000      0xa20
 .debug_aranges
                0x0000000000000000       0x38 /home/lolren/.cache/arduino/sketches/B2331C0E26E6ACE6E48102A02F83FF1E/sketch/BlePairingEncryptionStatus.ino.cpp.o
 .debug_aranges
                0x0000000000000038      0x690 /home/lolren/.cache/arduino/sketches/B2331C0E26E6ACE6E48102A02F83FF1E/libraries/Nrf54L15-Clean-Implementation/nrf54l15_hal.cpp.o
 .debug_aranges
                0x00000000000006c8       0x30 /home/lolren/.cache/arduino/sketches/B2331C0E26E6ACE6E48102A02F83FF1E/core/variant.cpp.o
 .debug_aranges
                0x00000000000006f8       0x98 /home/lolren/.cache/arduino/sketches/B2331C0E26E6ACE6E48102A02F83FF1E/core/core.a(HardwareSerial.cpp.o)
 .debug_aranges
                0x0000000000000790       0xe0 /home/lolren/.cache/arduino/sketches/B2331C0E26E6ACE6E48102A02F83FF1E/core/core.a(Print.cpp.o)
 .debug_aranges
                0x0000000000000870       0x38 /home/lolren/.cache/arduino/sketches/B2331C0E26E6ACE6E48102A02F83FF1E/core/core.a(main.cpp.o)
 .debug_aranges
                0x00000000000008a8       0x38 /home/lolren/.cache/arduino/sketches/B2331C0E26E6ACE6E48102A02F83FF1E/core/core.a(new.cpp.o)
 .debug_aranges
                0x00000000000008e0       0x20 /home/lolren/.cache/arduino/sketches/B2331C0E26E6ACE6E48102A02F83FF1E/core/core.a(startup_nrf54l15.S.o)
 .debug_aranges
                0x0000000000000900       0x90 /home/lolren/.cache/arduino/sketches/B2331C0E26E6ACE6E48102A02F83FF1E/core/core.a(wiring_digital.c.o)
 .debug_aranges
                0x0000000000000990       0x48 /home/lolren/.cache/arduino/sketches/B2331C0E26E6ACE6E48102A02F83FF1E/core/core.a(wiring_time.c.o)
 .debug_aranges
                0x00000000000009d8       0x20 /home/lolren/.cache/arduino/sketches/B2331C0E26E6ACE6E48102A02F83FF1E/core/core.a(idle_service.cpp.o)
 .debug_aranges
                0x00000000000009f8       0x28 /home/lolren/.cache/arduino/sketches/B2331C0E26E6ACE6E48102A02F83FF1E/core/core.a(system_nrf54l15.c.o)

.debug_ranges   0x0000000000000000     0x2c68
 .debug_ranges  0x0000000000000000       0xb0 /home/lolren/.cache/arduino/sketches/B2331C0E26E6ACE6E48102A02F83FF1E/sketch/BlePairingEncryptionStatus.ino.cpp.o
 .debug_ranges  0x00000000000000b0     0x2418 /home/lolren/.cache/arduino/sketches/B2331C0E26E6ACE6E48102A02F83FF1E/libraries/Nrf54L15-Clean-Implementation/nrf54l15_hal.cpp.o
 .debug_ranges  0x00000000000024c8       0x88 /home/lolren/.cache/arduino/sketches/B2331C0E26E6ACE6E48102A02F83FF1E/core/variant.cpp.o
 .debug_ranges  0x0000000000002550      0x1a8 /home/lolren/.cache/arduino/sketches/B2331C0E26E6ACE6E48102A02F83FF1E/core/core.a(HardwareSerial.cpp.o)
 .debug_ranges  0x00000000000026f8      0x220 /home/lolren/.cache/arduino/sketches/B2331C0E26E6ACE6E48102A02F83FF1E/core/core.a(Print.cpp.o)
 .debug_ranges  0x0000000000002918       0x28 /home/lolren/.cache/arduino/sketches/B2331C0E26E6ACE6E48102A02F83FF1E/core/core.a(main.cpp.o)
 .debug_ranges  0x0000000000002940       0x28 /home/lolren/.cache/arduino/sketches/B2331C0E26E6ACE6E48102A02F83FF1E/core/core.a(new.cpp.o)
 .debug_ranges  0x0000000000002968      0x288 /home/lolren/.cache/arduino/sketches/B2331C0E26E6ACE6E48102A02F83FF1E/core/core.a(wiring_digital.c.o)
 .debug_ranges  0x0000000000002bf0       0x50 /home/lolren/.cache/arduino/sketches/B2331C0E26E6ACE6E48102A02F83FF1E/core/core.a(wiring_time.c.o)
 .debug_ranges  0x0000000000002c40       0x10 /home/lolren/.cache/arduino/sketches/B2331C0E26E6ACE6E48102A02F83FF1E/core/core.a(idle_service.cpp.o)
 .debug_ranges  0x0000000000002c50       0x18 /home/lolren/.cache/arduino/sketches/B2331C0E26E6ACE6E48102A02F83FF1E/core/core.a(system_nrf54l15.c.o)

.debug_macro    0x0000000000000000    0x6ecf1
 .debug_macro   0x0000000000000000      0x49d /home/lolren/.cache/arduino/sketches/B2331C0E26E6ACE6E48102A02F83FF1E/sketch/BlePairingEncryptionStatus.ino.cpp.o
 .debug_macro   0x000000000000049d      0xc1c /home/lolren/.cache/arduino/sketches/B2331C0E26E6ACE6E48102A02F83FF1E/sketch/BlePairingEncryptionStatus.ino.cpp.o
 .debug_macro   0x00000000000010b9      0x17c /home/lolren/.cache/arduino/sketches/B2331C0E26E6ACE6E48102A02F83FF1E/sketch/BlePairingEncryptionStatus.ino.cpp.o
 .debug_macro   0x0000000000001235       0x10 /home/lolren/.cache/arduino/sketches/B2331C0E26E6ACE6E48102A02F83FF1E/sketch/BlePairingEncryptionStatus.ino.cpp.o
 .debug_macro   0x0000000000001245       0x9e /home/lolren/.cache/arduino/sketches/B2331C0E26E6ACE6E48102A02F83FF1E/sketch/BlePairingEncryptionStatus.ino.cpp.o
 .debug_macro   0x00000000000012e3       0xfd /home/lolren/.cache/arduino/sketches/B2331C0E26E6ACE6E48102A02F83FF1E/sketch/BlePairingEncryptionStatus.ino.cpp.o
 .debug_macro   0x00000000000013e0      0x38b /home/lolren/.cache/arduino/sketches/B2331C0E26E6ACE6E48102A02F83FF1E/sketch/BlePairingEncryptionStatus.ino.cpp.o
 .debug_macro   0x000000000000176b       0x18 /home/lolren/.cache/arduino/sketches/B2331C0E26E6ACE6E48102A02F83FF1E/sketch/BlePairingEncryptionStatus.ino.cpp.o
 .debug_macro   0x0000000000001783       0x22 /home/lolren/.cache/arduino/sketches/B2331C0E26E6ACE6E48102A02F83FF1E/sketch/BlePairingEncryptionStatus.ino.cpp.o
 .debug_macro   0x00000000000017a5       0x58 /home/lolren/.cache/arduino/sketches/B2331C0E26E6ACE6E48102A02F83FF1E/sketch/BlePairingEncryptionStatus.ino.cpp.o
 .debug_macro   0x00000000000017fd       0x18 /home/lolren/.cache/arduino/sketches/B2331C0E26E6ACE6E48102A02F83FF1E/sketch/BlePairingEncryptionStatus.ino.cpp.o
 .debug_macro   0x0000000000001815       0x94 /home/lolren/.cache/arduino/sketches/B2331C0E26E6ACE6E48102A02F83FF1E/sketch/BlePairingEncryptionStatus.ino.cpp.o
 .debug_macro   0x00000000000018a9       0x35 /home/lolren/.cache/arduino/sketches/B2331C0E26E6ACE6E48102A02F83FF1E/sketch/BlePairingEncryptionStatus.ino.cpp.o
 .debug_macro   0x00000000000018de       0x34 /home/lolren/.cache/arduino/sketches/B2331C0E26E6ACE6E48102A02F83FF1E/sketch/BlePairingEncryptionStatus.ino.cpp.o
 .debug_macro   0x0000000000001912      0x17b /home/lolren/.cache/arduino/sketches/B2331C0E26E6ACE6E48102A02F83FF1E/sketch/BlePairingEncryptionStatus.ino.cpp.o
 .debug_macro   0x0000000000001a8d       0x57 /home/lolren/.cache/arduino/sketches/B2331C0E26E6ACE6E48102A02F83FF1E/sketch/BlePairingEncryptionStatus.ino.cpp.o
 .debug_macro   0x0000000000001ae4       0x58 /home/lolren/.cache/arduino/sketches/B2331C0E26E6ACE6E48102A02F83FF1E/sketch/BlePairingEncryptionStatus.ino.cpp.o
 .debug_macro   0x0000000000001b3c       0x1f /home/lolren/.cache/arduino/sketches/B2331C0E26E6ACE6E48102A02F83FF1E/sketch/BlePairingEncryptionStatus.ino.cpp.o
 .debug_macro   0x0000000000001b5b       0x43 /home/lolren/.cache/arduino/sketches/B2331C0E26E6ACE6E48102A02F83FF1E/sketch/BlePairingEncryptionStatus.ino.cpp.o
 .debug_macro   0x0000000000001b9e       0x20 /home/lolren/.cache/arduino/sketches/B2331C0E26E6ACE6E48102A02F83FF1E/sketch/BlePairingEncryptionStatus.ino.cpp.o
 .debug_macro   0x0000000000001bbe      0x18e /home/lolren/.cache/arduino/sketches/B2331C0E26E6ACE6E48102A02F83FF1E/sketch/BlePairingEncryptionStatus.ino.cpp.o
 .debug_macro   0x0000000000001d4c      0x35c /home/lolren/.cache/arduino/sketches/B2331C0E26E6ACE6E48102A02F83FF1E/sketch/BlePairingEncryptionStatus.ino.cpp.o
 .debug_macro   0x00000000000020a8      0x1da /home/lolren/.cache/arduino/sketches/B2331C0E26E6ACE6E48102A02F83FF1E/sketch/BlePairingEncryptionStatus.ino.cpp.o
 .debug_macro   0x0000000000002282       0x10 /home/lolren/.cache/arduino/sketches/B2331C0E26E6ACE6E48102A02F83FF1E/sketch/BlePairingEncryptionStatus.ino.cpp.o
 .debug_macro   0x0000000000002292       0x16 /home/lolren/.cache/arduino/sketches/B2331C0E26E6ACE6E48102A02F83FF1E/sketch/BlePairingEncryptionStatus.ino.cpp.o
 .debug_macro   0x00000000000022a8       0x35 /home/lolren/.cache/arduino/sketches/B2331C0E26E6ACE6E48102A02F83FF1E/sketch/BlePairingEncryptionStatus.ino.cpp.o
 .debug_macro   0x00000000000022dd       0x16 /home/lolren/.cache/arduino/sketches/B2331C0E26E6ACE6E48102A02F83FF1E/sketch/BlePairingEncryptionStatus.ino.cpp.o
 .debug_macro   0x00000000000022f3       0x29 /home/lolren/.cache/arduino/sketches/B2331C0E26E6ACE6E48102A02F83FF1E/sketch/BlePairingEncryptionStatus.ino.cpp.o
 .debug_macro   0x000000000000231c       0x10 /home/lolren/.cache/arduino/sketches/B2331C0E26E6ACE6E48102A02F83FF1E/sketch/BlePairingEncryptionStatus.ino.cpp.o
 .debug_macro   0x000000000000232c      0x3ce /home/lolren/.cache/arduino/sketches/B2331C0E26E6ACE6E48102A02F83FF1E/sketch/BlePairingEncryptionStatus.ino.cpp.o
 .debug_macro   0x00000000000026fa       0x16 /home/lolren/.cache/arduino/sketches/B2331C0E26E6ACE6E48102A02F83FF1E/sketch/BlePairingEncryptionStatus.ino.cpp.o
 .debug_macro   0x0000000000002710       0x1c /home/lolren/.cache/arduino/sketches/B2331C0E26E6ACE6E48102A02F83FF1E/sketch/BlePairingEncryptionStatus.ino.cpp.o
 .debug_macro   0x000000000000272c       0x6e /home/lolren/.cache/arduino/sketches/B2331C0E26E6ACE6E48102A02F83FF1E/sketch/BlePairingEncryptionStatus.ino.cpp.o
 .debug_macro   0x000000000000279a       0x28 /home/lolren/.cache/arduino/sketches/B2331C0E26E6ACE6E48102A02F83FF1E/sketch/BlePairingEncryptionStatus.ino.cpp.o
 .debug_macro   0x00000000000027c2       0x6a /home/lolren/.cache/arduino/sketches/B2331C0E26E6ACE6E48102A02F83FF1E/sketch/BlePairingEncryptionStatus.ino.cpp.o
 .debug_macro   0x000000000000282c       0x18 /home/lolren/.cache/arduino/sketches/B2331C0E26E6ACE6E48102A02F83FF1E/sketch/BlePairingEncryptionStatus.ino.cpp.o
 .debug_macro   0x0000000000002844       0x2e /home/lolren/.cache/arduino/sketches/B2331C0E26E6ACE6E48102A02F83FF1E/sketch/BlePairingEncryptionStatus.ino.cpp.o
 .debug_macro   0x0000000000002872       0x1f /home/lolren/.cache/arduino/sketches/B2331C0E26E6ACE6E48102A02F83FF1E/sketch/BlePairingEncryptionStatus.ino.cpp.o
 .debug_macro   0x0000000000002891       0x88 /home/lolren/.cache/arduino/sketches/B2331C0E26E6ACE6E48102A02F83FF1E/sketch/BlePairingEncryptionStatus.ino.cpp.o
 .debug_macro   0x0000000000002919       0x19 /home/lolren/.cache/arduino/sketches/B2331C0E26E6ACE6E48102A02F83FF1E/sketch/BlePairingEncryptionStatus.ino.cpp.o
 .debug_macro   0x0000000000002932      0x120 /home/lolren/.cache/arduino/sketches/B2331C0E26E6ACE6E48102A02F83FF1E/sketch/BlePairingEncryptionStatus.ino.cpp.o
 .debug_macro   0x0000000000002a52       0x11 /home/lolren/.cache/arduino/sketches/B2331C0E26E6ACE6E48102A02F83FF1E/sketch/BlePairingEncryptionStatus.ino.cpp.o
 .debug_macro   0x0000000000002a63       0x17 /home/lolren/.cache/arduino/sketches/B2331C0E26E6ACE6E48102A02F83FF1E/sketch/BlePairingEncryptionStatus.ino.cpp.o
 .debug_macro   0x0000000000002a7a       0x17 /home/lolren/.cache/arduino/sketches/B2331C0E26E6ACE6E48102A02F83FF1E/sketch/BlePairingEncryptionStatus.ino.cpp.o
 .debug_macro   0x0000000000002a91       0x17 /home/lolren/.cache/arduino/sketches/B2331C0E26E6ACE6E48102A02F83FF1E/sketch/BlePairingEncryptionStatus.ino.cpp.o
 .debug_macro   0x0000000000002aa8       0x17 /home/lolren/.cache/arduino/sketches/B2331C0E26E6ACE6E48102A02F83FF1E/sketch/BlePairingEncryptionStatus.ino.cpp.o
 .debug_macro   0x0000000000002abf       0x17 /home/lolren/.cache/arduino/sketches/B2331C0E26E6ACE6E48102A02F83FF1E/sketch/BlePairingEncryptionStatus.ino.cpp.o
 .debug_macro   0x0000000000002ad6       0x17 /home/lolren/.cache/arduino/sketches/B2331C0E26E6ACE6E48102A02F83FF1E/sketch/BlePairingEncryptionStatus.ino.cpp.o
 .debug_macro   0x0000000000002aed       0x16 /home/lolren/.cache/arduino/sketches/B2331C0E26E6ACE6E48102A02F83FF1E/sketch/BlePairingEncryptionStatus.ino.cpp.o
 .debug_macro   0x0000000000002b03       0x1c /home/lolren/.cache/arduino/sketches/B2331C0E26E6ACE6E48102A02F83FF1E/sketch/BlePairingEncryptionStatus.ino.cpp.o
 .debug_macro   0x0000000000002b1f       0xef /home/lolren/.cache/arduino/sketches/B2331C0E26E6ACE6E48102A02F83FF1E/sketch/BlePairingEncryptionStatus.ino.cpp.o
 .debug_macro   0x0000000000002c0e       0x6a /home/lolren/.cache/arduino/sketches/B2331C0E26E6ACE6E48102A02F83FF1E/sketch/BlePairingEncryptionStatus.ino.cpp.o
 .debug_macro   0x0000000000002c78      0x1df /home/lolren/.cache/arduino/sketches/B2331C0E26E6ACE6E48102A02F83FF1E/sketch/BlePairingEncryptionStatus.ino.cpp.o
 .debug_macro   0x0000000000002e57       0xf0 /home/lolren/.cache/arduino/sketches/B2331C0E26E6ACE6E48102A02F83FF1E/sketch/BlePairingEncryptionStatus.ino.cpp.o
 .debug_macro   0x0000000000002f47       0x16 /home/lolren/.cache/arduino/sketches/B2331C0E26E6ACE6E48102A02F83FF1E/sketch/BlePairingEncryptionStatus.ino.cpp.o
 .debug_macro   0x0000000000002f5d      0x1b2 /home/lolren/.cache/arduino/sketches/B2331C0E26E6ACE6E48102A02F83FF1E/sketch/BlePairingEncryptionStatus.ino.cpp.o
 .debug_macro   0x000000000000310f      0x142 /home/lolren/.cache/arduino/sketches/B2331C0E26E6ACE6E48102A02F83FF1E/sketch/BlePairingEncryptionStatus.ino.cpp.o
 .debug_macro   0x0000000000003251       0x52 /home/lolren/.cache/arduino/sketches/B2331C0E26E6ACE6E48102A02F83FF1E/sketch/BlePairingEncryptionStatus.ino.cpp.o
 .debug_macro   0x00000000000032a3       0x1c /home/lolren/.cache/arduino/sketches/B2331C0E26E6ACE6E48102A02F83FF1E/sketch/BlePairingEncryptionStatus.ino.cpp.o
 .debug_macro   0x00000000000032bf       0x10 /home/lolren/.cache/arduino/sketches/B2331C0E26E6ACE6E48102A02F83FF1E/sketch/BlePairingEncryptionStatus.ino.cpp.o
 .debug_macro   0x00000000000032cf       0x10 /home/lolren/.cache/arduino/sketches/B2331C0E26E6ACE6E48102A02F83FF1E/sketch/BlePairingEncryptionStatus.ino.cpp.o
 .debug_macro   0x00000000000032df       0x1c /home/lolren/.cache/arduino/sketches/B2331C0E26E6ACE6E48102A02F83FF1E/sketch/BlePairingEncryptionStatus.ino.cpp.o
 .debug_macro   0x00000000000032fb       0x52 /home/lolren/.cache/arduino/sketches/B2331C0E26E6ACE6E48102A02F83FF1E/sketch/BlePairingEncryptionStatus.ino.cpp.o
 .debug_macro   0x000000000000334d       0x40 /home/lolren/.cache/arduino/sketches/B2331C0E26E6ACE6E48102A02F83FF1E/sketch/BlePairingEncryptionStatus.ino.cpp.o
 .debug_macro   0x000000000000338d       0x10 /home/lolren/.cache/arduino/sketches/B2331C0E26E6ACE6E48102A02F83FF1E/sketch/BlePairingEncryptionStatus.ino.cpp.o
 .debug_macro   0x000000000000339d       0x40 /home/lolren/.cache/arduino/sketches/B2331C0E26E6ACE6E48102A02F83FF1E/sketch/BlePairingEncryptionStatus.ino.cpp.o
 .debug_macro   0x00000000000033dd       0xd7 /home/lolren/.cache/arduino/sketches/B2331C0E26E6ACE6E48102A02F83FF1E/sketch/BlePairingEncryptionStatus.ino.cpp.o
 .debug_macro   0x00000000000034b4       0x1c /home/lolren/.cache/arduino/sketches/B2331C0E26E6ACE6E48102A02F83FF1E/sketch/BlePairingEncryptionStatus.ino.cpp.o
 .debug_macro   0x00000000000034d0       0x3d /home/lolren/.cache/arduino/sketches/B2331C0E26E6ACE6E48102A02F83FF1E/sketch/BlePairingEncryptionStatus.ino.cpp.o
 .debug_macro   0x000000000000350d       0x16 /home/lolren/.cache/arduino/sketches/B2331C0E26E6ACE6E48102A02F83FF1E/sketch/BlePairingEncryptionStatus.ino.cpp.o
 .debug_macro   0x0000000000003523      0x137 /home/lolren/.cache/arduino/sketches/B2331C0E26E6ACE6E48102A02F83FF1E/sketch/BlePairingEncryptionStatus.ino.cpp.o
 .debug_macro   0x000000000000365a       0x16 /home/lolren/.cache/arduino/sketches/B2331C0E26E6ACE6E48102A02F83FF1E/sketch/BlePairingEncryptionStatus.ino.cpp.o
 .debug_macro   0x0000000000003670       0xa9 /home/lolren/.cache/arduino/sketches/B2331C0E26E6ACE6E48102A02F83FF1E/sketch/BlePairingEncryptionStatus.ino.cpp.o
 .debug_macro   0x0000000000003719    0x33c56 /home/lolren/.cache/arduino/sketches/B2331C0E26E6ACE6E48102A02F83FF1E/sketch/BlePairingEncryptionStatus.ino.cpp.o
 .debug_macro   0x000000000003736f      0x314 /home/lolren/.cache/arduino/sketches/B2331C0E26E6ACE6E48102A02F83FF1E/sketch/BlePairingEncryptionStatus.ino.cpp.o
 .debug_macro   0x0000000000037683       0x52 /home/lolren/.cache/arduino/sketches/B2331C0E26E6ACE6E48102A02F83FF1E/sketch/BlePairingEncryptionStatus.ino.cpp.o
 .debug_macro   0x00000000000376d5       0x10 /home/lolren/.cache/arduino/sketches/B2331C0E26E6ACE6E48102A02F83FF1E/sketch/BlePairingEncryptionStatus.ino.cpp.o
 .debug_macro   0x00000000000376e5      0x4b2 /home/lolren/.cache/arduino/sketches/B2331C0E26E6ACE6E48102A02F83FF1E/libraries/Nrf54L15-Clean-Implementation/nrf54l15_hal.cpp.o
 .debug_macro   0x0000000000037b97       0x8e /home/lolren/.cache/arduino/sketches/B2331C0E26E6ACE6E48102A02F83FF1E/libraries/Nrf54L15-Clean-Implementation/nrf54l15_hal.cpp.o
 .debug_macro   0x0000000000037c25       0x51 /home/lolren/.cache/arduino/sketches/B2331C0E26E6ACE6E48102A02F83FF1E/libraries/Nrf54L15-Clean-Implementation/nrf54l15_hal.cpp.o