Archive member included to satisfy reference by file (symbol)

/home/lolren/.cache/arduino/cores/nrf54l15clean_nrf54l15clean_xiao_nrf54l15_clean_ble_trace_on_6dbf84b1ed5f75b0beb79bb4e88de263/core.a(HardwareSerial.cpp.o)
                              /home/lolren/.cache/arduino/sketches/B2331C0E26E6ACE6E48102A02F83FF1E/sketch/BlePairingEncryptionStatus.ino.cpp.o (HardwareSerial::begin(unsigned long))
/home/lolren/.cache/arduino/cores/nrf54l15clean_nrf54l15clean_xiao_nrf54l15_clean_ble_trace_on_6dbf84b1ed5f75b0beb79bb4e88de263/core.a(Print.cpp.o)
                              /home/lolren/.cache/arduino/sketches/B2331C0E26E6ACE6E48102A02F83FF1E/sketch/BlePairingEncryptionStatus.ino.cpp.o (Print::print(char const*))
/home/lolren/.cache/arduino/cores/nrf54l15clean_nrf54l15clean_xiao_nrf54l15_clean_ble_trace_on_6dbf84b1ed5f75b0beb79bb4e88de263/core.a(main.cpp.o)
                              /home/lolren/.arduino15/packages/adafruit/tools/arm-none-eabi-gcc/9-2019q4/bin/../lib/gcc/arm-none-eabi/9.2.1/../../../../arm-none-eabi/lib/thumb/v8-m.main/nofp/crt0.o (main)
/home/lolren/.cache/arduino/cores/nrf54l15clean_nrf54l15clean_xiao_nrf54l15_clean_ble_trace_on_6dbf84b1ed5f75b0beb79bb4e88de263/core.a(new.cpp.o)
                              /home/lolren/.cache/arduino/cores/nrf54l15clean_nrf54l15clean_xiao_nrf54l15_clean_ble_trace_on_6dbf84b1ed5f75b0beb79bb4e88de263/core.a(HardwareSerial.cpp.o) (operator delete(void*))
/home/lolren/.cache/arduino/cores/nrf54l15clean_nrf54l15clean_xiao_nrf54l15_clean_ble_trace_on_6dbf84b1ed5f75b0beb79bb4e88de263/core.a(startup_nrf54l15.S.o)
                              (Reset_Handler)
/home/lolren/.cache/arduino/cores/nrf54l15clean_nrf54l15clean_xiao_nrf54l15_clean_ble_trace_on_6dbf84b1ed5f75b0beb79bb4e88de263/core.a(wiring_digital.c.o)
                              /home/lolren/.cache/arduino/cores/nrf54l15clean_nrf54l15clean_xiao_nrf54l15_clean_ble_trace_on_6dbf84b1ed5f75b0beb79bb4e88de263/core.a(startup_nrf54l15.S.o) (GPIOTE20_0_IRQHandler)
/home/lolren/.cache/arduino/cores/nrf54l15clean_nrf54l15clean_xiao_nrf54l15_clean_ble_trace_on_6dbf84b1ed5f75b0beb79bb4e88de263/core.a(wiring_time.c.o)
                              /home/lolren/.cache/arduino/cores/nrf54l15clean_nrf54l15clean_xiao_nrf54l15_clean_ble_trace_on_6dbf84b1ed5f75b0beb79bb4e88de263/core.a(startup_nrf54l15.S.o) (SysTick_Handler)
/home/lolren/.cache/arduino/cores/nrf54l15clean_nrf54l15clean_xiao_nrf54l15_clean_ble_trace_on_6dbf84b1ed5f75b0beb79bb4e88de263/core.a(idle_service.cpp.o)
                              /home/lolren/.cache/arduino/cores/nrf54l15clean_nrf54l15clean_xiao_nrf54l15_clean_ble_trace_on_6dbf84b1ed5f75b0beb79bb4e88de263/core.a(main.cpp.o) (nrf54l15_clean_idle_service)
/home/lolren/.cache/arduino/cores/nrf54l15clean_nrf54l15clean_xiao_nrf54l15_clean_ble_trace_on_6dbf84b1ed5f75b0beb79bb4e88de263/core.a(system_nrf54l15.c.o)
                              /home/lolren/.cache/arduino/cores/nrf54l15clean_nrf54l15clean_xiao_nrf54l15_clean_ble_trace_on_6dbf84b1ed5f75b0beb79bb4e88de263/core.a(wiring_time.c.o) (SystemCoreClockUpdate)
/home/lolren/.arduino15/packages/adafruit/tools/arm-none-eabi-gcc/9-2019q4/bin/../lib/gcc/arm-none-eabi/9.2.1/thumb/v8-m.main/nofp/libgcc.a(_arm_muldf3.o)
                              /home/lolren/.cache/arduino/sketches/B2331C0E26E6ACE6E48102A02F83FF1E/libraries/Nrf54L15-Clean-Implementation/nrf54l15_hal.cpp.o (__aeabi_dmul)
/home/lolren/.arduino15/packages/adafruit/tools/arm-none-eabi-gcc/9-2019q4/bin/../lib/gcc/arm-none-eabi/9.2.1/thumb/v8-m.main/nofp/libgcc.a(_arm_addsubdf3.o)
                              /home/lolren/.cache/arduino/sketches/B2331C0E26E6ACE6E48102A02F83FF1E/libraries/Nrf54L15-Clean-Implementation/nrf54l15_hal.cpp.o (__aeabi_dadd)
/home/lolren/.arduino15/packages/adafruit/tools/arm-none-eabi-gcc/9-2019q4/bin/../lib/gcc/arm-none-eabi/9.2.1/thumb/v8-m.main/nofp/libgcc.a(_arm_muldivdf3.o)
                              /home/lolren/.cache/arduino/sketches/B2331C0E26E6ACE6E48102A02F83FF1E/libraries/Nrf54L15-Clean-Implementation/nrf54l15_hal.cpp.o (__aeabi_ddiv)
/home/lolren/.arduino15/packages/adafruit/tools/arm-none-eabi-gcc/9-2019q4/bin/../lib/gcc/arm-none-eabi/9.2.1/thumb/v8-m.main/nofp/libgcc.a(_arm_fixdfsi.o)
                              /home/lolren/.cache/arduino/sketches/B2331C0E26E6ACE6E48102A02F83FF1E/libraries/Nrf54L15-Clean-Implementation/nrf54l15_hal.cpp.o (__aeabi_d2iz)
/home/lolren/.arduino15/packages/adafruit/tools/arm-none-eabi-gcc/9-2019q4/bin/../lib/gcc/arm-none-eabi/9.2.1/thumb/v8-m.main/nofp/libgcc.a(_aeabi_ldivmod.o)
                              /home/lolren/.cache/arduino/sketches/B2331C0E26E6ACE6E48102A02F83FF1E/libraries/Nrf54L15-Clean-Implementation/nrf54l15_hal.cpp.o (__aeabi_ldivmod)
/home/lolren/.arduino15/packages/adafruit/tools/arm-none-eabi-gcc/9-2019q4/bin/../lib/gcc/arm-none-eabi/9.2.1/thumb/v8-m.main/nofp/libgcc.a(_aeabi_uldivmod.o)
[...]
Memory Configuration

Name             Origin             Length             Attributes
FLASH            0x0000000000000000 0x0000000000080000 xr
RAM              0x0000000020000000 0x0000000000010000 xrw
*default*        0x0000000000000000 0xffffffffffffffff

Linker script and memory map

LOAD /home/lolren/.arduino15/packages/adafruit/tools/arm-none-eabi-gcc/9-2019q4/bin/../lib/gcc/arm-none-eabi/9.2.1/thumb/v8-m.main/nofp/crti.o
LOAD /home/lolren/.arduino15/packages/adafruit/tools/arm-none-eabi-gcc/9-2019q4/bin/../lib/gcc/arm-none-eabi/9.2.1/thumb/v8-m.main/nofp/crtbegin.o
LOAD /home/lolren/.arduino15/packages/adafruit/tools/arm-none-eabi-gcc/9-2019q4/bin/../lib/gcc/arm-none-eabi/9.2.1/../../../../arm-none-eabi/lib/thumb/v8-m.main/nofp/crt0.o
LOAD /home/lolren/.cache/arduino/sketches/B2331C0E26E6ACE6E48102A02F83FF1E/sketch/BlePairingEncryptionStatus.ino.cpp.o
LOAD /home/lolren/.cache/arduino/sketches/B2331C0E26E6ACE6E48102A02F83FF1E/libraries/Nrf54L15-Clean-Implementation/nrf54l15_hal.cpp.o
LOAD /home/lolren/.cache/arduino/sketches/B2331C0E26E6ACE6E48102A02F83FF1E/core/variant.cpp.o
START GROUP
LOAD /home/lolren/.cache/arduino/cores/nrf54l15clean_nrf54l15clean_xiao_nrf54l15_clean_ble_trace_on_6dbf84b1ed5f75b0beb79bb4e88de263/core.a
LOAD /home/lolren/.arduino15/packages/adafruit/tools/arm-none-eabi-gcc/9-2019q4/bin/../lib/gcc/arm-none-eabi/9.2.1/../../../../arm-none-eabi/lib/thumb/v8-m.main/nofp/libm.a
END GROUP
START GROUP
LOAD /home/lolren/.arduino15/packages/adafruit/tools/arm-none-eabi-gcc/9-2019q4/bin/../lib/gcc/arm-none-eabi/9.2.1/thumb/v8-m.main/nofp/libgcc.a
LOAD /home/lolren/.arduino15/packages/adafruit/tools/arm-none-eabi-gcc/9-2019q4/bin/../lib/gcc/arm-none-eabi/9.2.1/../../../../arm-none-eabi/lib/thumb/v8-m.main/nofp/libc_nano.a
END GROUP
START GROUP
LOAD /home/lolren/.arduino15/packages/adafruit/tools/arm-none-eabi-gcc/9-2019q4/bin/../lib/gcc/arm-none-eabi/9.2.1/thumb/v8-m.main/nofp/libgcc.a
LOAD /home/lolren/.arduino15/packages/adafruit/tools/arm-none-eabi-gcc/9-2019q4/bin/../lib/gcc/arm-none-eabi/9.2.1/../../../../arm-none-eabi/lib/thumb/v8-m.main/nofp/libc_nano.a
LOAD /home/lolren/.arduino15/packages/adafruit/tools/arm-none-eabi-gcc/9-2019q4/bin/../lib/gcc/arm-none-eabi/9.2.1/../../../../arm-none-eabi/lib/thumb/v8-m.main/nofp/libnosys.a
END GROUP
START GROUP
LOAD /home/lolren/.arduino15/packages/adafruit/tools/arm-none-eabi-gcc/9-2019q4/bin/../lib/gcc/arm-none-eabi/9.2.1/thumb/v8-m.main/nofp/libgcc.a
LOAD /home/lolren/.arduino15/packages/adafruit/tools/arm-none-eabi-gcc/9-2019q4/bin/../lib/gcc/arm-none-eabi/9.2.1/../../../../arm-none-eabi/lib/thumb/v8-m.main/nofp/libc_nano.a
LOAD /home/lolren/.arduino15/packages/adafruit/tools/arm-none-eabi-gcc/9-2019q4/bin/../lib/gcc/arm-none-eabi/9.2.1/../../../../arm-none-eabi/lib/thumb/v8-m.main/nofp/libnosys.a
END GROUP
LOAD /home/lolren/.arduino15/packages/adafruit/tools/arm-none-eabi-gcc/9-2019q4/bin/../lib/gcc/arm-none-eabi/9.2.1/thumb/v8-m.main/nofp/crtend.o
LOAD /home/lolren/.arduino15/packages/adafruit/tools/arm-none-eabi-gcc/9-2019q4/bin/../lib/gcc/arm-none-eabi/9.2.1/thumb/v8-m.main/nofp/crtn.o
                0x0000000000001000                __stack_size__ = 0x1000
                0x0000000000001000                __heap_size__ = 0x1000

.isr_vector     0x0000000000000000      0x400
                0x0000000000000000                . = ALIGN (0x4)
 *(.isr_vector)
 .isr_vector    0x0000000000000000      0x400 /home/lolren/.cache/arduino/cores/nrf54l15clean_nrf54l15clean_xiao_nrf54l15_clean_ble_trace_on_6dbf84b1ed5f75b0beb79bb4e88de263/core.a(startup_nrf54l15.S.o)
                0x0000000000000000                g_pfnVectors
                0x0000000000000400                . = ALIGN (0x4)

.text           0x0000000000000400     0x5064
                0x0000000000000400                . = ALIGN (0x4)
 *(.text)
 .text          0x0000000000000400       0x40 /home/lolren/.arduino15/packages/adafruit/tools/arm-none-eabi-gcc/9-2019q4/bin/../lib/gcc/arm-none-eabi/9.2.1/thumb/v8-m.main/nofp/crtbegin.o
 .text          0x0000000000000440       0x10 /home/lolren/.arduino15/packages/adafruit/tools/arm-none-eabi-gcc/9-2019q4/bin/../lib/gcc/arm-none-eabi/9.2.1/../../../../arm-none-eabi/lib/thumb/v8-m.main/nofp/libc_nano.a(lib_a-strlen.o)
                0x0000000000000440                strlen
 *(.text*)
 .text._ZL10onBleTracePKcPv
                0x0000000000000450       0x30 /home/lolren/.cache/arduino/sketches/B2331C0E26E6ACE6E48102A02F83FF1E/sketch/BlePairingEncryptionStatus.ino.cpp.o
 .text.setup    0x0000000000000480      0x154 /home/lolren/.cache/arduino/sketches/B2331C0E26E6ACE6E48102A02F83FF1E/sketch/BlePairingEncryptionStatus.ino.cpp.o
                0x0000000000000480                setup
 .text.loop     0x00000000000005d4      0x324 /home/lolren/.cache/arduino/sketches/B2331C0E26E6ACE6E48102A02F83FF1E/sketch/BlePairingEncryptionStatus.ino.cpp.o
                0x00000000000005d4                loop
 .text.startup._GLOBAL__sub_I_setup
                0x00000000000008f8       0x34 /home/lolren/.cache/arduino/sketches/B2331C0E26E6ACE6E48102A02F83FF1E/sketch/BlePairingEncryptionStatus.ino.cpp.o
 .text._ZN12_GLOBAL__N_18readLe32EPKh
                0x000000000000092c        0x4 /home/lolren/.cache/arduino/sketches/B2331C0E26E6ACE6E48102A02F83FF1E/libraries/Nrf54L15-Clean-Implementation/nrf54l15_hal.cpp.o
 .text._ZN12_GLOBAL__N_19writeLe16EPht
                0x0000000000000930        0xa /home/lolren/.cache/arduino/sketches/B2331C0E26E6ACE6E48102A02F83FF1E/libraries/Nrf54L15-Clean-Implementation/nrf54l15_hal.cpp.o
 .text._ZN12_GLOBAL__N_114aesAddRoundKeyEhPA4_A4_hPKh
                0x000000000000093a       0x2e /home/lolren/.cache/arduino/sketches/B2331C0E26E6ACE6E48102A02F83FF1E/libraries/Nrf54L15-Clean-Implementation/nrf54l15_hal.cpp.o
 .text._ZN12_GLOBAL__N_119remapChannelByIndexEPKhh
                0x0000000000000968       0x36 /home/lolren/.cache/arduino/sketches/B2331C0E26E6ACE6E48102A02F83FF1E/libraries/Nrf54L15-Clean-Implementation/nrf54l15_hal.cpp.o
 .text._ZN12_GLOBAL__N_111bleReverse8Eh
                0x000000000000099e       0x26 /home/lolren/.cache/arduino/sketches/B2331C0E26E6ACE6E48102A02F83FF1E/libraries/Nrf54L15-Clean-Implementation/nrf54l15_hal.cpp.o
 .text._ZN12_GLOBAL__N_120clearRadioCoreEventsEP14NRF_RADIO_Type
                0x00000000000009c4       0x32 /home/lolren/.cache/arduino/sketches/B2331C0E26E6ACE6E48102A02F83FF1E/libraries/Nrf54L15-Clean-Implementation/nrf54l15_hal.cpp.o
 *fill*         0x00000000000009f6        0x2 
 .text._ZN12_GLOBAL__N_121fillPseudoRandomBytesEPhhm.part.0
                0x00000000000009f8       0x2c /home/lolren/.cache/arduino/sketches/B2331C0E26E6ACE6E48102A02F83FF1E/libraries/Nrf54L15-Clean-Implementation/nrf54l15_hal.cpp.o
 .text._ZN12_GLOBAL__N_122bleBondRecordLooksSaneERKN13xiao_nrf54l1513BleBondRecordE
                0x0000000000000a24       0x2e /home/lolren/.cache/arduino/sketches/B2331C0E26E6ACE6E48102A02F83FF1E/libraries/Nrf54L15-Clean-Implementation/nrf54l15_hal.cpp.o
 .text._ZN12_GLOBAL__N_15xor16EPKhS1_Ph.part.0
                0x0000000000000a52       0x20 /home/lolren/.cache/arduino/sketches/B2331C0E26E6ACE6E48102A02F83FF1E/libraries/Nrf54L15-Clean-Implementation/nrf54l15_hal.cpp.o
 .text._ZN12_GLOBAL__N_110bitCount37EPKh.part.0
                0x0000000000000a72       0x26 /home/lolren/.cache/arduino/sketches/B2331C0E26E6ACE6E48102A02F83FF1E/libraries/Nrf54L15-Clean-Implementation/nrf54l15_hal.cpp.o
 .text._ZZN13xiao_nrf54l158BleRadio16buildAttResponseEPKhtPhPtENKUlvE_clEv.isra.0
                0x0000000000000a98       0x1e /home/lolren/.cache/arduino/sketches/B2331C0E26E6ACE6E48102A02F83FF1E/libraries/Nrf54L15-Clean-Implementation/nrf54l15_hal.cpp.o
 .text._ZZN13xiao_nrf54l158BleRadio16buildAttResponseEPKhtPhPtENKUlttE0_clEtt.isra.0
                0x0000000000000ab6       0x58 /home/lolren/.cache/arduino/sketches/B2331C0E26E6ACE6E48102A02F83FF1E/libraries/Nrf54L15-Clean-Implementation/nrf54l15_hal.cpp.o
 .text._ZZN13xiao_nrf54l158BleRadio21buildL2capSmpResponseEPKhhPhS3_ENKUlS2_hE_clES2_h.part.0
                0x0000000000000b0e       0x38 /home/lolren/.cache/arduino/sketches/B2331C0E26E6ACE6E48102A02F83FF1E/libraries/Nrf54L15-Clean-Implementation/nrf54l15_hal.cpp.o
 .text._ZN12_GLOBAL__N_116buildCcmCtrBlockEPKhtPh.part.0
                0x0000000000000b46       0x3e /home/lolren/.cache/arduino/sketches/B2331C0E26E6ACE6E48102A02F83FF1E/libraries/Nrf54L15-Clean-Implementation/nrf54l15_hal.cpp.o
 .text._ZN12_GLOBAL__N_120waitRadioEndBudgetedEP14NRF_RADIO_Typemm
                0x0000000000000b84       0x5a /home/lolren/.cache/arduino/sketches/B2331C0E26E6ACE6E48102A02F83FF1E/libraries/Nrf54L15-Clean-Implementation/nrf54l15_hal.cpp.o
 .text._ZN12_GLOBAL__N_125waitRadioDisabledBudgetedEP14NRF_RADIO_Typemm.constprop.0
                0x0000000000000bde       0x58 /home/lolren/.cache/arduino/sketches/B2331C0E26E6ACE6E48102A02F83FF1E/libraries/Nrf54L15-Clean-Implementation/nrf54l15_hal.cpp.o
 .text._ZN12_GLOBAL__N_112reverseBytesEPKhPhh.part.0.constprop.0
                0x0000000000000c36       0x14 /home/lolren/.cache/arduino/sketches/B2331C0E26E6ACE6E48102A02F83FF1E/libraries/Nrf54L15-Clean-Implementation/nrf54l15_hal.cpp.o
 *fill*         0x0000000000000c4a        0x2 
 .text._ZN12_GLOBAL__N_15crc32EPKhj.part.0.constprop.0
                0x0000000000000c4c       0x38 /home/lolren/.cache/arduino/sketches/B2331C0E26E6ACE6E48102A02F83FF1E/libraries/Nrf54L15-Clean-Implementation/nrf54l15_hal.cpp.o
 .text._ZNK13xiao_nrf54l158BleRadio21buildAttErrorResponseEhthPhPt.constprop.0
                0x0000000000000c84       0x26 /home/lolren/.cache/arduino/sketches/B2331C0E26E6ACE6E48102A02F83FF1E/libraries/Nrf54L15-Clean-Implementation/nrf54l15_hal.cpp.o
 .text._ZZN13xiao_nrf54l158BleRadio27buildL2capSignalingResponseEPKhhPhS3_ENKUltE_clEt.constprop.0
                0x0000000000000caa       0x2e /home/lolren/.cache/arduino/sketches/B2331C0E26E6ACE6E48102A02F83FF1E/libraries/Nrf54L15-Clean-Implementation/nrf54l15_hal.cpp.o
 .text._ZN12_GLOBAL__N_112aesEncryptLeEPKhS1_Ph
                0x0000000000000cd8      0x2d8 /home/lolren/.cache/arduino/sketches/B2331C0E26E6ACE6E48102A02F83FF1E/libraries/Nrf54L15-Clean-Implementation/nrf54l15_hal.cpp.o
 .text._ZN12_GLOBAL__N_116bleComputeCcmMicEPKhS1_hS1_hPh.part.0
                0x0000000000000fb0      0x134 /home/lolren/.cache/arduino/sketches/B2331C0E26E6ACE6E48102A02F83FF1E/libraries/Nrf54L15-Clean-Implementation/nrf54l15_hal.cpp.o
 .text._ZN12_GLOBAL__N_15smpC1EPKhS1_S1_S1_hS1_hS1_Ph
                0x00000000000010e4       0x96 /home/lolren/.cache/arduino/sketches/B2331C0E26E6ACE6E48102A02F83FF1E/libraries/Nrf54L15-Clean-Implementation/nrf54l15_hal.cpp.o
 .text._ZN12_GLOBAL__N_120bleCcmDecryptPayloadEPKhS1_yhhS1_hPhS2_.constprop.0
                0x000000000000117a       0xea /home/lolren/.cache/arduino/sketches/B2331C0E26E6ACE6E48102A02F83FF1E/libraries/Nrf54L15-Clean-Implementation/nrf54l15_hal.cpp.o
 .text._ZN13xiao_nrf54l1511isConnectedERKNS_3PinE
                0x0000000000001264       0x16 /home/lolren/.cache/arduino/sketches/B2331C0E26E6ACE6E48102A02F83FF1E/libraries/Nrf54L15-Clean-Implementation/nrf54l15_hal.cpp.o
                0x0000000000001264                xiao_nrf54l15::isConnected(xiao_nrf54l15::Pin const&)
 *fill*         0x000000000000127a        0x2 
 .text._ZN13xiao_nrf54l1512ClockControl9startHfxoEbm
                0x000000000000127c       0x68 /home/lolren/.cache/arduino/sketches/B2331C0E26E6ACE6E48102A02F83FF1E/libraries/Nrf54L15-Clean-Implementation/nrf54l15_hal.cpp.o
                0x000000000000127c                xiao_nrf54l15::ClockControl::startHfxo(bool, unsigned long)
 .text._ZN13xiao_nrf54l154Gpio9configureERKNS_3PinENS_13GpioDirectionENS_8GpioPullE
                0x00000000000012e4       0x5c /home/lolren/.cache/arduino/sketches/B2331C0E26E6ACE6E48102A02F83FF1E/libraries/Nrf54L15-Clean-Implementation/nrf54l15_hal.cpp.o
                0x00000000000012e4                xiao_nrf54l15::Gpio::configure(xiao_nrf54l15::Pin const&, xiao_nrf54l15::GpioDirection, xiao_nrf54l15::GpioPull)
 .text._ZN13xiao_nrf54l154Gpio5writeERKNS_3PinEb
                0x0000000000001340       0x3c /home/lolren/.cache/arduino/sketches/B2331C0E26E6ACE6E48102A02F83FF1E/libraries/Nrf54L15-Clean-Implementation/nrf54l15_hal.cpp.o
                0x0000000000001340                xiao_nrf54l15::Gpio::write(xiao_nrf54l15::Pin const&, bool)
 .text._ZN13xiao_nrf54l1512BoardControl14setAntennaPathENS_16BoardAntennaPathE
                0x000000000000137c       0x20 /home/lolren/.cache/arduino/sketches/B2331C0E26E6ACE6E48102A02F83FF1E/libraries/Nrf54L15-Clean-Implementation/nrf54l15_hal.cpp.o
                0x000000000000137c                xiao_nrf54l15::BoardControl::setAntennaPath(xiao_nrf54l15::BoardAntennaPath)
 .text._ZN13xiao_nrf54l1512PowerManagerC2Emmm
                0x000000000000139c        0xa /home/lolren/.cache/arduino/sketches/B2331C0E26E6ACE6E48102A02F83FF1E/libraries/Nrf54L15-Clean-Implementation/nrf54l15_hal.cpp.o
                0x000000000000139c                xiao_nrf54l15::PowerManager::PowerManager(unsigned long, unsigned long, unsigned long)
                0x000000000000139c                xiao_nrf54l15::PowerManager::PowerManager(unsigned long, unsigned long, unsigned long)
 .text._ZN13xiao_nrf54l1512PowerManager14setLatencyModeENS_16PowerLatencyModeE
                0x00000000000013a6       0x10 /home/lolren/.cache/arduino/sketches/B2331C0E26E6ACE6E48102A02F83FF1E/libraries/Nrf54L15-Clean-Implementation/nrf54l15_hal.cpp.o
                0x00000000000013a6                xiao_nrf54l15::PowerManager::setLatencyMode(xiao_nrf54l15::PowerLatencyMode)
 *fill*         0x00000000000013b6        0x2 
 .text._ZN13xiao_nrf54l158BleRadioC2Emm
                0x00000000000013b8      0x200 /home/lolren/.cache/arduino/sketches/B2331C0E26E6ACE6E48102A02F83FF1E/libraries/Nrf54L15-Clean-Implementation/nrf54l15_hal.cpp.o
                0x00000000000013b8                xiao_nrf54l15::BleRadio::BleRadio(unsigned long, unsigned long)
                0x00000000000013b8                xiao_nrf54l15::BleRadio::BleRadio(unsigned long, unsigned long)
 .text._ZN13xiao_nrf54l158BleRadio17setGattDeviceNameEPKc
                0x00000000000015b8       0x2e /home/lolren/.cache/arduino/sketches/B2331C0E26E6ACE6E48102A02F83FF1E/libraries/Nrf54L15-Clean-Implementation/nrf54l15_hal.cpp.o
                0x00000000000015b8                xiao_nrf54l15::BleRadio::setGattDeviceName(char const*)
 .text._ZN13xiao_nrf54l158BleRadio19setGattBatteryLevelEh
                0x00000000000015e6       0x32 /home/lolren/.cache/arduino/sketches/B2331C0E26E6ACE6E48102A02F83FF1E/libraries/Nrf54L15-Clean-Implementation/nrf54l15_hal.cpp.o
                0x00000000000015e6                xiao_nrf54l15::BleRadio::setGattBatteryLevel(unsigned char)
 .text._ZN13xiao_nrf54l158BleRadio22buildAdvertisingPacketEv
                0x0000000000001618       0x4e /home/lolren/.cache/arduino/sketches/B2331C0E26E6ACE6E48102A02F83FF1E/libraries/Nrf54L15-Clean-Implementation/nrf54l15_hal.cpp.o
                0x0000000000001618                xiao_nrf54l15::BleRadio::buildAdvertisingPacket()
 .text._ZN13xiao_nrf54l158BleRadio21setAdvertisingPduTypeENS_13BleAdvPduTypeE
                0x0000000000001666        0xe /home/lolren/.cache/arduino/sketches/B2331C0E26E6ACE6E48102A02F83FF1E/libraries/Nrf54L15-Clean-Implementation/nrf54l15_hal.cpp.o
                0x0000000000001666                xiao_nrf54l15::BleRadio::setAdvertisingPduType(xiao_nrf54l15::BleAdvPduType)
 .text._ZN13xiao_nrf54l158BleRadio18setAdvertisingDataEPKhj
                0x0000000000001674       0x24 /home/lolren/.cache/arduino/sketches/B2331C0E26E6ACE6E48102A02F83FF1E/libraries/Nrf54L15-Clean-Implementation/nrf54l15_hal.cpp.o
                0x0000000000001674                xiao_nrf54l15::BleRadio::setAdvertisingData(unsigned char const*, unsigned int)
 .text._ZN13xiao_nrf54l158BleRadio18setAdvertisingNameEPKcb
                0x0000000000001698       0x82 /home/lolren/.cache/arduino/sketches/B2331C0E26E6ACE6E48102A02F83FF1E/libraries/Nrf54L15-Clean-Implementation/nrf54l15_hal.cpp.o
                0x0000000000001698                xiao_nrf54l15::BleRadio::setAdvertisingName(char const*, bool)
 .text._ZN13xiao_nrf54l158BleRadio23buildScanResponsePacketEv
                0x000000000000171a       0x40 /home/lolren/.cache/arduino/sketches/B2331C0E26E6ACE6E48102A02F83FF1E/libraries/Nrf54L15-Clean-Implementation/nrf54l15_hal.cpp.o
                0x000000000000171a                xiao_nrf54l15::BleRadio::buildScanResponsePacket()
 .text._ZN13xiao_nrf54l158BleRadio16setDeviceAddressEPKhNS_14BleAddressTypeE
                0x000000000000175a       0x34 /home/lolren/.cache/arduino/sketches/B2331C0E26E6ACE6E48102A02F83FF1E/libraries/Nrf54L15-Clean-Implementation/nrf54l15_hal.cpp.o
                0x000000000000175a                xiao_nrf54l15::BleRadio::setDeviceAddress(unsigned char const*, xiao_nrf54l15::BleAddressType)
 .text._ZN13xiao_nrf54l158BleRadio19loadAddressFromFicrEb
                0x000000000000178e       0x30 /home/lolren/.cache/arduino/sketches/B2331C0E26E6ACE6E48102A02F83FF1E/libraries/Nrf54L15-Clean-Implementation/nrf54l15_hal.cpp.o
                0x000000000000178e                xiao_nrf54l15::BleRadio::loadAddressFromFicr(bool)
 .text._ZN13xiao_nrf54l158BleRadio19setScanResponseDataEPKhj
                0x00000000000017be       0x24 /home/lolren/.cache/arduino/sketches/B2331C0E26E6ACE6E48102A02F83FF1E/libraries/Nrf54L15-Clean-Implementation/nrf54l15_hal.cpp.o
                0x00000000000017be                xiao_nrf54l15::BleRadio::setScanResponseData(unsigned char const*, unsigned int)
 .text._ZN13xiao_nrf54l158BleRadio19setScanResponseNameEPKc
                0x00000000000017e2       0x60 /home/lolren/.cache/arduino/sketches/B2331C0E26E6ACE6E48102A02F83FF1E/libraries/Nrf54L15-Clean-Implementation/nrf54l15_hal.cpp.o
                0x00000000000017e2                xiao_nrf54l15::BleRadio::setScanResponseName(char const*)
 .text._ZNK13xiao_nrf54l158BleRadio11isConnectedEv
                0x0000000000001842        0x6 /home/lolren/.cache/arduino/sketches/B2331C0E26E6ACE6E48102A02F83FF1E/libraries/Nrf54L15-Clean-Implementation/nrf54l15_hal.cpp.o
                0x0000000000001842                xiao_nrf54l15::BleRadio::isConnected() const
 .text._ZNK13xiao_nrf54l158BleRadio21isConnectionEncryptedEv
                0x0000000000001848       0x1a /home/lolren/.cache/arduino/sketches/B2331C0E26E6ACE6E48102A02F83FF1E/libraries/Nrf54L15-Clean-Implementation/nrf54l15_hal.cpp.o
                0x0000000000001848                xiao_nrf54l15::BleRadio::isConnectionEncrypted() const
 .text._ZNK13xiao_nrf54l158BleRadio17getConnectionInfoEPNS_17BleConnectionInfoE
                0x0000000000001862       0x60 /home/lolren/.cache/arduino/sketches/B2331C0E26E6ACE6E48102A02F83FF1E/libraries/Nrf54L15-Clean-Implementation/nrf54l15_hal.cpp.o
                0x0000000000001862                xiao_nrf54l15::BleRadio::getConnectionInfo(xiao_nrf54l15::BleConnectionInfo*) const
 .text._ZN13xiao_nrf54l158BleRadio16setTraceCallbackEPFvPKcPvES3_
                0x00000000000018c2        0xa /home/lolren/.cache/arduino/sketches/B2331C0E26E6ACE6E48102A02F83FF1E/libraries/Nrf54L15-Clean-Implementation/nrf54l15_hal.cpp.o
                0x00000000000018c2                xiao_nrf54l15::BleRadio::setTraceCallback(void (*)(char const*, void*), void*)
 .text._ZNK13xiao_nrf54l158BleRadio18readAttributeValueEttPhh
                0x00000000000018cc      0x120 /home/lolren/.cache/arduino/sketches/B2331C0E26E6ACE6E48102A02F83FF1E/libraries/Nrf54L15-Clean-Implementation/nrf54l15_hal.cpp.o
                0x00000000000018cc                xiao_nrf54l15::BleRadio::readAttributeValue(unsigned short, unsigned short, unsigned char*, unsigned char) const
 .text._ZN13xiao_nrf54l158BleRadio16buildAttResponseEPKhtPhPt
                0x00000000000019ec      0x840 /home/lolren/.cache/arduino/sketches/B2331C0E26E6ACE6E48102A02F83FF1E/libraries/Nrf54L15-Clean-Implementation/nrf54l15_hal.cpp.o
                0x00000000000019ec                xiao_nrf54l15::BleRadio::buildAttResponse(unsigned char const*, unsigned short, unsigned char*, unsigned short*)
 .text._ZN13xiao_nrf54l158BleRadio27buildL2capSignalingResponseEPKhhPhS3_
                0x000000000000222c      0x150 /home/lolren/.cache/arduino/sketches/B2331C0E26E6ACE6E48102A02F83FF1E/libraries/Nrf54L15-Clean-Implementation/nrf54l15_hal.cpp.o
                0x000000000000222c                xiao_nrf54l15::BleRadio::buildL2capSignalingResponse(unsigned char const*, unsigned char, unsigned char*, unsigned char*)
 .text._ZN13xiao_nrf54l158BleRadio21buildL2capAttResponseEPKhhPhS3_
                0x000000000000237c       0x78 /home/lolren/.cache/arduino/sketches/B2331C0E26E6ACE6E48102A02F83FF1E/libraries/Nrf54L15-Clean-Implementation/nrf54l15_hal.cpp.o
                0x000000000000237c                xiao_nrf54l15::BleRadio::buildL2capAttResponse(unsigned char const*, unsigned char, unsigned char*, unsigned char*)
 .text._ZN13xiao_nrf54l158BleRadio20clearSmpPairingStateEv
                0x00000000000023f4       0x76 /home/lolren/.cache/arduino/sketches/B2331C0E26E6ACE6E48102A02F83FF1E/libraries/Nrf54L15-Clean-Implementation/nrf54l15_hal.cpp.o
                0x00000000000023f4                xiao_nrf54l15::BleRadio::clearSmpPairingState()
 .text._ZN13xiao_nrf54l158BleRadio20clearEncryptionStateEv
                0x000000000000246a       0x4e /home/lolren/.cache/arduino/sketches/B2331C0E26E6ACE6E48102A02F83FF1E/libraries/Nrf54L15-Clean-Implementation/nrf54l15_hal.cpp.o
                0x000000000000246a                xiao_nrf54l15::BleRadio::clearEncryptionState()
 .text._ZN13xiao_nrf54l158BleRadio28clearConnectionSecurityStateEv
                0x00000000000024b8       0x12 /home/lolren/.cache/arduino/sketches/B2331C0E26E6ACE6E48102A02F83FF1E/libraries/Nrf54L15-Clean-Implementation/nrf54l15_hal.cpp.o
                0x00000000000024b8                xiao_nrf54l15::BleRadio::clearConnectionSecurityState()
 *fill*         0x00000000000024ca        0x2 
 .text._ZNK13xiao_nrf54l158BleRadio12emitBleTraceEPKc
                0x00000000000024cc       0x38 /home/lolren/.cache/arduino/sketches/B2331C0E26E6ACE6E48102A02F83FF1E/libraries/Nrf54L15-Clean-Implementation/nrf54l15_hal.cpp.o
                0x00000000000024cc                xiao_nrf54l15::BleRadio::emitBleTrace(char const*) const
 .text._ZZN13xiao_nrf54l158BleRadio21buildL2capSmpResponseEPKhhPhS3_ENKUlhE0_clEh
                0x0000000000002504       0x30 /home/lolren/.cache/arduino/sketches/B2331C0E26E6ACE6E48102A02F83FF1E/libraries/Nrf54L15-Clean-Implementation/nrf54l15_hal.cpp.o
 .text._ZZN13xiao_nrf54l158BleRadio22buildLlControlResponseEPKhhPhS3_PbENKUlvE1_clEv
                0x0000000000002534       0x34 /home/lolren/.cache/arduino/sketches/B2331C0E26E6ACE6E48102A02F83FF1E/libraries/Nrf54L15-Clean-Implementation/nrf54l15_hal.cpp.o
 .text._ZZN13xiao_nrf54l158BleRadio22buildLlControlResponseEPKhhPhS3_PbENKUlvE3_clEv
                0x0000000000002568       0x34 /home/lolren/.cache/arduino/sketches/B2331C0E26E6ACE6E48102A02F83FF1E/libraries/Nrf54L15-Clean-Implementation/nrf54l15_hal.cpp.o
 .text._ZZN13xiao_nrf54l158BleRadio22buildLlControlResponseEPKhhPhS3_PbENKUlvE2_clEv
                0x000000000000259c       0x34 /home/lolren/.cache/arduino/sketches/B2331C0E26E6ACE6E48102A02F83FF1E/libraries/Nrf54L15-Clean-Implementation/nrf54l15_hal.cpp.o
 .text._ZZN13xiao_nrf54l158BleRadio22buildLlControlResponseEPKhhPhS3_PbENKUlvE0_clEv
                0x00000000000025d0       0x34 /home/lolren/.cache/arduino/sketches/B2331C0E26E6ACE6E48102A02F83FF1E/libraries/Nrf54L15-Clean-Implementation/nrf54l15_hal.cpp.o
 .text._ZZN13xiao_nrf54l158BleRadio22buildLlControlResponseEPKhhPhS3_PbENKUlvE_clEv
                0x0000000000002604       0x34 /home/lolren/.cache/arduino/sketches/B2331C0E26E6ACE6E48102A02F83FF1E/libraries/Nrf54L15-Clean-Implementation/nrf54l15_hal.cpp.o
 .text._ZN13xiao_nrf54l158BleRadio29loadBondRecordFromPersistenceEv
                0x0000000000002638       0xdc /home/lolren/.cache/arduino/sketches/B2331C0E26E6ACE6E48102A02F83FF1E/libraries/Nrf54L15-Clean-Implementation/nrf54l15_hal.cpp.o
                0x0000000000002638                xiao_nrf54l15::BleRadio::loadBondRecordFromPersistence()
 .text._ZN13xiao_nrf54l158BleRadio23primeBondForCurrentPeerEv
                0x0000000000002714       0xd6 /home/lolren/.cache/arduino/sketches/B2331C0E26E6ACE6E48102A02F83FF1E/libraries/Nrf54L15-Clean-Implementation/nrf54l15_hal.cpp.o
                0x0000000000002714                xiao_nrf54l15::BleRadio::primeBondForCurrentPeer()
 *fill*         0x00000000000027ea        0x2 
 .text._ZN13xiao_nrf54l158BleRadio29startConnectionFromConnectIndEPKhhbbm
                0x00000000000027ec      0x20c /home/lolren/.cache/arduino/sketches/B2331C0E26E6ACE6E48102A02F83FF1E/libraries/Nrf54L15-Clean-Implementation/nrf54l15_hal.cpp.o
                0x00000000000027ec                xiao_nrf54l15::BleRadio::startConnectionFromConnectInd(unsigned char const*, unsigned char, bool, bool, unsigned long)
 .text._ZN13xiao_nrf54l158BleRadio17persistBondRecordERKNS_13BleBondRecordE
                0x00000000000029f8       0x88 /home/lolren/.cache/arduino/sketches/B2331C0E26E6ACE6E48102A02F83FF1E/libraries/Nrf54L15-Clean-Implementation/nrf54l15_hal.cpp.o
                0x00000000000029f8                xiao_nrf54l15::BleRadio::persistBondRecord(xiao_nrf54l15::BleBondRecord const&)
 .text._ZN13xiao_nrf54l158BleRadio21buildL2capSmpResponseEPKhhPhS3_
                0x0000000000002a80      0x424 /home/lolren/.cache/arduino/sketches/B2331C0E26E6ACE6E48102A02F83FF1E/libraries/Nrf54L15-Clean-Implementation/nrf54l15_hal.cpp.o
                0x0000000000002a80                xiao_nrf54l15::BleRadio::buildL2capSmpResponse(unsigned char const*, unsigned char, unsigned char*, unsigned char*)
 .text._ZN13xiao_nrf54l158BleRadio18buildL2capResponseEPKhhPhS3_
                0x0000000000002ea4       0x34 /home/lolren/.cache/arduino/sketches/B2331C0E26E6ACE6E48102A02F83FF1E/libraries/Nrf54L15-Clean-Implementation/nrf54l15_hal.cpp.o
                0x0000000000002ea4                xiao_nrf54l15::BleRadio::buildL2capResponse(unsigned char const*, unsigned char, unsigned char*, unsigned char*)
 .text._ZN13xiao_nrf54l158BleRadio22buildLlControlResponseEPKhhPhS3_Pb
                0x0000000000002ed8      0x680 /home/lolren/.cache/arduino/sketches/B2331C0E26E6ACE6E48102A02F83FF1E/libraries/Nrf54L15-Clean-Implementation/nrf54l15_hal.cpp.o
                0x0000000000002ed8                xiao_nrf54l15::BleRadio::buildLlControlResponse(unsigned char const*, unsigned char, unsigned char*, unsigned char*, bool*)
 .text._ZN13xiao_nrf54l158BleRadio29updateNextConnectionEventTimeEv
                0x0000000000003558       0x66 /home/lolren/.cache/arduino/sketches/B2331C0E26E6ACE6E48102A02F83FF1E/libraries/Nrf54L15-Clean-Implementation/nrf54l15_hal.cpp.o
                0x0000000000003558                xiao_nrf54l15::BleRadio::updateNextConnectionEventTime()
 .text._ZN13xiao_nrf54l158BleRadio21selectNextDataChannelEb
                0x00000000000035be       0xd4 /home/lolren/.cache/arduino/sketches/B2331C0E26E6ACE6E48102A02F83FF1E/libraries/Nrf54L15-Clean-Implementation/nrf54l15_hal.cpp.o
                0x00000000000035be                xiao_nrf54l15::BleRadio::selectNextDataChannel(bool)
 .text._ZN13xiao_nrf54l158BleRadio14setDataChannelEh
                0x0000000000003692       0x2c /home/lolren/.cache/arduino/sketches/B2331C0E26E6ACE6E48102A02F83FF1E/libraries/Nrf54L15-Clean-Implementation/nrf54l15_hal.cpp.o
                0x0000000000003692                xiao_nrf54l15::BleRadio::setDataChannel(unsigned char)
 .text._ZN13xiao_nrf54l158BleRadio12waitDisabledEm
                0x00000000000036be       0x1e /home/lolren/.cache/arduino/sketches/B2331C0E26E6ACE6E48102A02F83FF1E/libraries/Nrf54L15-Clean-Implementation/nrf54l15_hal.cpp.o
                0x00000000000036be                xiao_nrf54l15::BleRadio::waitDisabled(unsigned long)
 .text._ZN13xiao_nrf54l158BleRadio14configureBle1MEv
                0x00000000000036dc       0x9c /home/lolren/.cache/arduino/sketches/B2331C0E26E6ACE6E48102A02F83FF1E/libraries/Nrf54L15-Clean-Implementation/nrf54l15_hal.cpp.o
                0x00000000000036dc                xiao_nrf54l15::BleRadio::configureBle1M()
 .text._ZN13xiao_nrf54l158BleRadio10waitForEndEm
                0x0000000000003778       0x1e /home/lolren/.cache/arduino/sketches/B2331C0E26E6ACE6E48102A02F83FF1E/libraries/Nrf54L15-Clean-Implementation/nrf54l15_hal.cpp.o
                0x0000000000003778                xiao_nrf54l15::BleRadio::waitForEnd(unsigned long)
 .text._ZN13xiao_nrf54l158BleRadio21setAdvertisingChannelENS_21BleAdvertisingChannelE
                0x0000000000003796       0x2c /home/lolren/.cache/arduino/sketches/B2331C0E26E6ACE6E48102A02F83FF1E/libraries/Nrf54L15-Clean-Implementation/nrf54l15_hal.cpp.o
                0x0000000000003796                xiao_nrf54l15::BleRadio::setAdvertisingChannel(xiao_nrf54l15::BleAdvertisingChannel)
 *fill*         0x00000000000037c2        0x2 
 .text._ZN13xiao_nrf54l158BleRadio21advertiseInteractOnceENS_21BleAdvertisingChannelEPNS_17BleAdvInteractionEmm
                0x00000000000037c4      0x2b8 /home/lolren/.cache/arduino/sketches/B2331C0E26E6ACE6E48102A02F83FF1E/libraries/Nrf54L15-Clean-Implementation/nrf54l15_hal.cpp.o
                0x00000000000037c4                xiao_nrf54l15::BleRadio::advertiseInteractOnce(xiao_nrf54l15::BleAdvertisingChannel, xiao_nrf54l15::BleAdvInteraction*, unsigned long, unsigned long)
 .text._ZN13xiao_nrf54l158BleRadio22advertiseInteractEventEPNS_17BleAdvInteractionEmmm
                0x0000000000003a7c      0x10e /home/lolren/.cache/arduino/sketches/B2331C0E26E6ACE6E48102A02F83FF1E/libraries/Nrf54L15-Clean-Implementation/nrf54l15_hal.cpp.o
                0x0000000000003a7c                xiao_nrf54l15::BleRadio::advertiseInteractEvent(xiao_nrf54l15::BleAdvInteraction*, unsigned long, unsigned long, unsigned long)
 *fill*         0x0000000000003b8a        0x2 
 .text._ZN13xiao_nrf54l158BleRadio30restoreAdvertisingLinkDefaultsEv
                0x0000000000003b8c       0xa4 /home/lolren/.cache/arduino/sketches/B2331C0E26E6ACE6E48102A02F83FF1E/libraries/Nrf54L15-Clean-Implementation/nrf54l15_hal.cpp.o
                0x0000000000003b8c                xiao_nrf54l15::BleRadio::restoreAdvertisingLinkDefaults()
 .text._ZN13xiao_nrf54l158BleRadio10disconnectEm
                0x0000000000003c30       0xb0 /home/lolren/.cache/arduino/sketches/B2331C0E26E6ACE6E48102A02F83FF1E/libraries/Nrf54L15-Clean-Implementation/nrf54l15_hal.cpp.o
                0x0000000000003c30                xiao_nrf54l15::BleRadio::disconnect(unsigned long)
 .text._ZN13xiao_nrf54l158BleRadio19pollConnectionEventEPNS_18BleConnectionEventEm
                0x0000000000003ce0      0xd28 /home/lolren/.cache/arduino/sketches/B2331C0E26E6ACE6E48102A02F83FF1E/libraries/Nrf54L15-Clean-Implementation/nrf54l15_hal.cpp.o
                0x0000000000003ce0                xiao_nrf54l15::BleRadio::pollConnectionEvent(xiao_nrf54l15::BleConnectionEvent*, unsigned long)
 .text._ZN13xiao_nrf54l158BleRadio17txPowerRegFromDbmEa
                0x0000000000004a08       0xe8 /home/lolren/.cache/arduino/sketches/B2331C0E26E6ACE6E48102A02F83FF1E/libraries/Nrf54L15-Clean-Implementation/nrf54l15_hal.cpp.o
                0x0000000000004a08                xiao_nrf54l15::BleRadio::txPowerRegFromDbm(signed char)
 .text._ZN13xiao_nrf54l158BleRadio13setTxPowerDbmEa
                0x0000000000004af0       0x1c /home/lolren/.cache/arduino/sketches/B2331C0E26E6ACE6E48102A02F83FF1E/libraries/Nrf54L15-Clean-Implementation/nrf54l15_hal.cpp.o
                0x0000000000004af0                xiao_nrf54l15::BleRadio::setTxPowerDbm(signed char)
 .text._ZN13xiao_nrf54l158BleRadio5beginEa
                0x0000000000004b0c       0xd8 /home/lolren/.cache/arduino/sketches/B2331C0E26E6ACE6E48102A02F83FF1E/libraries/Nrf54L15-Clean-Implementation/nrf54l15_hal.cpp.o
                0x0000000000004b0c                xiao_nrf54l15::BleRadio::begin(signed char)
 .text.xiaoNrf54l15SetAntenna.part.0
                0x0000000000004be4       0x18 /home/lolren/.cache/arduino/sketches/B2331C0E26E6ACE6E48102A02F83FF1E/core/variant.cpp.o
 .text.xiaoNrf54l15SetAntenna
                0x0000000000004bfc       0x44 /home/lolren/.cache/arduino/sketches/B2331C0E26E6ACE6E48102A02F83FF1E/core/variant.cpp.o
                0x0000000000004bfc                xiaoNrf54l15SetAntenna
 .text.initVariant
                0x0000000000004c40        0x4 /home/lolren/.cache/arduino/sketches/B2331C0E26E6ACE6E48102A02F83FF1E/core/variant.cpp.o
                0x0000000000004c40                initVariant
 .text._ZN14HardwareSerial4peekEv
                0x0000000000004c44        0xe /home/lolren/.cache/arduino/cores/nrf54l15clean_nrf54l15clean_xiao_nrf54l15_clean_ble_trace_on_6dbf84b1ed5f75b0beb79bb4e88de263/core.a(HardwareSerial.cpp.o)
                0x0000000000004c44                HardwareSerial::peek()
 .text._ZN14HardwareSerial5flushEv
                0x0000000000004c52        0x2 /home/lolren/.cache/arduino/cores/nrf54l15clean_nrf54l15clean_xiao_nrf54l15_clean_ble_trace_on_6dbf84b1ed5f75b0beb79bb4e88de263/core.a(HardwareSerial.cpp.o)
                0x0000000000004c52                HardwareSerial::flush()
 .text._ZN14HardwareSerialD2Ev
                0x0000000000004c54        0x2 /home/lolren/.cache/arduino/cores/nrf54l15clean_nrf54l15clean_xiao_nrf54l15_clean_ble_trace_on_6dbf84b1ed5f75b0beb79bb4e88de263/core.a(HardwareSerial.cpp.o)
                0x0000000000004c54                HardwareSerial::~HardwareSerial()
                0x0000000000004c54                HardwareSerial::~HardwareSerial()
 .text._ZN14HardwareSerialD0Ev
                0x0000000000004c56        0xc /home/lolren/.cache/arduino/cores/nrf54l15clean_nrf54l15clean_xiao_nrf54l15_clean_ble_trace_on_6dbf84b1ed5f75b0beb79bb4e88de263/core.a(HardwareSerial.cpp.o)
                0x0000000000004c56                HardwareSerial::~HardwareSerial()
 .text._ZN12_GLOBAL__N_1L10decode_pinEhPhS0_.part.0
                0x0000000000004c62       0xbe /home/lolren/.cache/arduino/cores/nrf54l15clean_nrf54l15clean_xiao_nrf54l15_clean_ble_trace_on_6dbf84b1ed5f75b0beb79bb4e88de263/core.a(HardwareSerial.cpp.o)
 .text._ZN12_GLOBAL__N_1L10wait_eventEjmm.constprop.0
                0x0000000000004d20       0x1c /home/lolren/.cache/arduino/cores/nrf54l15clean_nrf54l15clean_xiao_nrf54l15_clean_ble_trace_on_6dbf84b1ed5f75b0beb79bb4e88de263/core.a(HardwareSerial.cpp.o)
 .text._ZN14HardwareSerial5writeEh
                0x0000000000004d3c       0x4c /home/lolren/.cache/arduino/cores/nrf54l15clean_nrf54l15clean_xiao_nrf54l15_clean_ble_trace_on_6dbf84b1ed5f75b0beb79bb4e88de263/core.a(HardwareSerial.cpp.o)
                0x0000000000004d3c                HardwareSerial::write(unsigned char)
 .text._ZN14HardwareSerial5beginEmt
                0x0000000000004d88      0x170 /home/lolren/.cache/arduino/cores/nrf54l15clean_nrf54l15clean_xiao_nrf54l15_clean_ble_trace_on_6dbf84b1ed5f75b0beb79bb4e88de263/core.a(HardwareSerial.cpp.o)
                0x0000000000004d88                HardwareSerial::begin(unsigned long, unsigned short)
 .text._ZN14HardwareSerial5beginEm
                0x0000000000004ef8        0x6 /home/lolren/.cache/arduino/cores/nrf54l15clean_nrf54l15clean_xiao_nrf54l15_clean_ble_trace_on_6dbf84b1ed5f75b0beb79bb4e88de263/core.a(HardwareSerial.cpp.o)
                0x0000000000004ef8                HardwareSerial::begin(unsigned long)
 .text._ZN14HardwareSerial11beginRxByteEv
                0x0000000000004efe       0x4c /home/lolren/.cache/arduino/cores/nrf54l15clean_nrf54l15clean_xiao_nrf54l15_clean_ble_trace_on_6dbf84b1ed5f75b0beb79bb4e88de263/core.a(HardwareSerial.cpp.o)
                0x0000000000004efe                HardwareSerial::beginRxByte()
 .text._ZN14HardwareSerial9availableEv
                0x0000000000004f4a       0x1c /home/lolren/.cache/arduino/cores/nrf54l15clean_nrf54l15clean_xiao_nrf54l15_clean_ble_trace_on_6dbf84b1ed5f75b0beb79bb4e88de263/core.a(HardwareSerial.cpp.o)
                0x0000000000004f4a                HardwareSerial::available()
 .text._ZN14HardwareSerial4readEv
                0x0000000000004f66       0x28 /home/lolren/.cache/arduino/cores/nrf54l15clean_nrf54l15clean_xiao_nrf54l15_clean_ble_trace_on_6dbf84b1ed5f75b0beb79bb4e88de263/core.a(HardwareSerial.cpp.o)
                0x0000000000004f66                HardwareSerial::read()
 *fill*         0x0000000000004f8e        0x2 
 .text.startup._GLOBAL__sub_I__ZN14HardwareSerialC2EP14NRF_UARTE_Typehh
                0x0000000000004f90       0x48 /home/lolren/.cache/arduino/cores/nrf54l15clean_nrf54l15clean_xiao_nrf54l15_clean_ble_trace_on_6dbf84b1ed5f75b0beb79bb4e88de263/core.a(HardwareSerial.cpp.o)
 .text._ZN5Print5writeEPKhj.part.0
                0x0000000000004fd8       0x22 /home/lolren/.cache/arduino/cores/nrf54l15clean_nrf54l15clean_xiao_nrf54l15_clean_ble_trace_on_6dbf84b1ed5f75b0beb79bb4e88de263/core.a(Print.cpp.o)
 .text._ZN5Print5writeEPKhj
                0x0000000000004ffa        0xa /home/lolren/.cache/arduino/cores/nrf54l15clean_nrf54l15clean_xiao_nrf54l15_clean_ble_trace_on_6dbf84b1ed5f75b0beb79bb4e88de263/core.a(Print.cpp.o)
                0x0000000000004ffa                Print::write(unsigned char const*, unsigned int)
 .text._ZN5Print5writeEPKc
                0x0000000000005004       0x1e /home/lolren/.cache/arduino/cores/nrf54l15clean_nrf54l15clean_xiao_nrf54l15_clean_ble_trace_on_6dbf84b1ed5f75b0beb79bb4e88de263/core.a(Print.cpp.o)
                0x0000000000005004                Print::write(char const*)
 .text._ZN5Print5printEPKc
                0x0000000000005022        0x4 /home/lolren/.cache/arduino/cores/nrf54l15clean_nrf54l15clean_xiao_nrf54l15_clean_ble_trace_on_6dbf84b1ed5f75b0beb79bb4e88de263/core.a(Print.cpp.o)
                0x0000000000005022                Print::print(char const*)
 .text._ZN5Print5printEc
                0x0000000000005026        0x6 /home/lolren/.cache/arduino/cores/nrf54l15clean_nrf54l15clean_xiao_nrf54l15_clean_ble_trace_on_6dbf84b1ed5f75b0beb79bb4e88de263/core.a(Print.cpp.o)
                0x0000000000005026                Print::print(char)
 .text._ZN5Print7printlnEv
                0x000000000000502c        0x8 /home/lolren/.cache/arduino/cores/nrf54l15clean_nrf54l15clean_xiao_nrf54l15_clean_ble_trace_on_6dbf84b1ed5f75b0beb79bb4e88de263/core.a(Print.cpp.o)
                0x000000000000502c                Print::println()
 .text._ZN5Print7printlnEPKc
                0x0000000000005034       0x14 /home/lolren/.cache/arduino/cores/nrf54l15clean_nrf54l15clean_xiao_nrf54l15_clean_ble_trace_on_6dbf84b1ed5f75b0beb79bb4e88de263/core.a(Print.cpp.o)
                0x0000000000005034                Print::println(char const*)
 .text._ZN5Print11printNumberEmh
                0x0000000000005048       0x3c /home/lolren/.cache/arduino/cores/nrf54l15clean_nrf54l15clean_xiao_nrf54l15_clean_ble_trace_on_6dbf84b1ed5f75b0beb79bb4e88de263/core.a(Print.cpp.o)
                0x0000000000005048                Print::printNumber(unsigned long, unsigned char)
 .text._ZN5Print5printEhi
                0x0000000000005084        0x6 /home/lolren/.cache/arduino/cores/nrf54l15clean_nrf54l15clean_xiao_nrf54l15_clean_ble_trace_on_6dbf84b1ed5f75b0beb79bb4e88de263/core.a(Print.cpp.o)
                0x0000000000005084                Print::print(unsigned char, int)
 .text._ZN5Print11printSignedElh
                0x000000000000508a       0x36 /home/lolren/.cache/arduino/cores/nrf54l15clean_nrf54l15clean_xiao_nrf54l15_clean_ble_trace_on_6dbf84b1ed5f75b0beb79bb4e88de263/core.a(Print.cpp.o)
                0x000000000000508a                Print::printSigned(long, unsigned char)
 .text._ZN5Print5printEii
                0x00000000000050c0        0x6 /home/lolren/.cache/arduino/cores/nrf54l15clean_nrf54l15clean_xiao_nrf54l15_clean_ble_trace_on_6dbf84b1ed5f75b0beb79bb4e88de263/core.a(Print.cpp.o)
                0x00000000000050c0                Print::print(int, int)
 .text.init     0x00000000000050c6        0x4 /home/lolren/.cache/arduino/cores/nrf54l15clean_nrf54l15clean_xiao_nrf54l15_clean_ble_trace_on_6dbf84b1ed5f75b0beb79bb4e88de263/core.a(main.cpp.o)
                0x00000000000050c6                init
 .text.yield    0x00000000000050ca        0xa /home/lolren/.cache/arduino/cores/nrf54l15clean_nrf54l15clean_xiao_nrf54l15_clean_ble_trace_on_6dbf84b1ed5f75b0beb79bb4e88de263/core.a(main.cpp.o)
                0x00000000000050ca                yield
 .text.startup.main
                0x00000000000050d4       0x28 /home/lolren/.cache/arduino/cores/nrf54l15clean_nrf54l15clean_xiao_nrf54l15_clean_ble_trace_on_6dbf84b1ed5f75b0beb79bb4e88de263/core.a(main.cpp.o)
                0x00000000000050d4                main
 .text._ZdlPv   0x00000000000050fc        0x4 /home/lolren/.cache/arduino/cores/nrf54l15clean_nrf54l15clean_xiao_nrf54l15_clean_ble_trace_on_6dbf84b1ed5f75b0beb79bb4e88de263/core.a(new.cpp.o)
                0x00000000000050fc                operator delete(void*)
 .text.Reset_Handler
                0x0000000000005100       0x68 /home/lolren/.cache/arduino/cores/nrf54l15clean_nrf54l15clean_xiao_nrf54l15_clean_ble_trace_on_6dbf84b1ed5f75b0beb79bb4e88de263/core.a(startup_nrf54l15.S.o)
                0x0000000000005100                Reset_Handler
                0x0000000000005138                NMI_Handler
                0x000000000000513a                HardFault_Handler
                0x000000000000513c                MemManage_Handler
                0x000000000000513e                BusFault_Handler
                0x0000000000005140                UsageFault_Handler
                0x0000000000005142                SecureFault_Handler
                0x0000000000005144                SVC_Handler
                0x0000000000005146                DebugMon_Handler
                0x0000000000005148                PendSV_Handler
                0x000000000000514a                TWIM20_IRQHandler
                0x000000000000514c                TWIM21_IRQHandler
                0x000000000000514e                Default_Handler
 .text.gpiote_irq_service.part.0
                0x0000000000005168       0x38 /home/lolren/.cache/arduino/cores/nrf54l15clean_nrf54l15clean_xiao_nrf54l15_clean_ble_trace_on_6dbf84b1ed5f75b0beb79bb4e88de263/core.a(wiring_digital.c.o)
 .text.GPIOTE20_0_IRQHandler
                0x00000000000051a0       0x10 /home/lolren/.cache/arduino/cores/nrf54l15clean_nrf54l15clean_xiao_nrf54l15_clean_ble_trace_on_6dbf84b1ed5f75b0beb79bb4e88de263/core.a(wiring_digital.c.o)
                0x00000000000051a0                GPIOTE20_0_IRQHandler
 .text.GPIOTE20_1_IRQHandler
                0x00000000000051b0       0x10 /home/lolren/.cache/arduino/cores/nrf54l15clean_nrf54l15clean_xiao_nrf54l15_clean_ble_trace_on_6dbf84b1ed5f75b0beb79bb4e88de263/core.a(wiring_digital.c.o)
                0x00000000000051b0                GPIOTE20_1_IRQHandler
 .text.SysTick_Handler
                0x00000000000051c0       0x10 /home/lolren/.cache/arduino/cores/nrf54l15clean_nrf54l15clean_xiao_nrf54l15_clean_ble_trace_on_6dbf84b1ed5f75b0beb79bb4e88de263/core.a(wiring_time.c.o)
                0x00000000000051c0                SysTick_Handler
 .text.initSysTick
                0x00000000000051d0       0x38 /home/lolren/.cache/arduino/cores/nrf54l15clean_nrf54l15clean_xiao_nrf54l15_clean_ble_trace_on_6dbf84b1ed5f75b0beb79bb4e88de263/core.a(wiring_time.c.o)
                0x00000000000051d0                initSysTick
 .text.millis   0x0000000000005208        0xc /home/lolren/.cache/arduino/cores/nrf54l15clean_nrf54l15clean_xiao_nrf54l15_clean_ble_trace_on_6dbf84b1ed5f75b0beb79bb4e88de263/core.a(wiring_time.c.o)
                0x0000000000005208                millis
 .text.micros   0x0000000000005214       0x4c /home/lolren/.cache/arduino/cores/nrf54l15clean_nrf54l15clean_xiao_nrf54l15_clean_ble_trace_on_6dbf84b1ed5f75b0beb79bb4e88de263/core.a(wiring_time.c.o)
                0x0000000000005214                micros
 .text.delay    0x0000000000005260       0x20 /home/lolren/.cache/arduino/cores/nrf54l15clean_nrf54l15clean_xiao_nrf54l15_clean_ble_trace_on_6dbf84b1ed5f75b0beb79bb4e88de263/core.a(wiring_time.c.o)
                0x0000000000005260                delay
 .text.delayMicroseconds
                0x0000000000005280       0x1a /home/lolren/.cache/arduino/cores/nrf54l15clean_nrf54l15clean_xiao_nrf54l15_clean_ble_trace_on_6dbf84b1ed5f75b0beb79bb4e88de263/core.a(wiring_time.c.o)
                0x0000000000005280                delayMicroseconds
 .text.nrf54l15_clean_idle_service
                0x000000000000529a        0x2 /home/lolren/.cache/arduino/cores/nrf54l15clean_nrf54l15clean_xiao_nrf54l15_clean_ble_trace_on_6dbf84b1ed5f75b0beb79bb4e88de263/core.a(idle_service.cpp.o)
                0x000000000000529a                nrf54l15_clean_idle_service
 .text.SystemCoreClockUpdate
                0x000000000000529c       0x2c /home/lolren/.cache/arduino/cores/nrf54l15clean_nrf54l15clean_xiao_nrf54l15_clean_ble_trace_on_6dbf84b1ed5f75b0beb79bb4e88de263/core.a(system_nrf54l15.c.o)
                0x000000000000529c                SystemCoreClockUpdate
 .text.SystemInit
                0x00000000000052c8       0x2c /home/lolren/.cache/arduino/cores/nrf54l15clean_nrf54l15clean_xiao_nrf54l15_clean_ble_trace_on_6dbf84b1ed5f75b0beb79bb4e88de263/core.a(system_nrf54l15.c.o)
                0x00000000000052c8                SystemInit
 .text.__libc_init_array
                0x00000000000052f4       0x48 /home/lolren/.arduino15/packages/adafruit/tools/arm-none-eabi-gcc/9-2019q4/bin/../lib/gcc/arm-none-eabi/9.2.1/../../../../arm-none-eabi/lib/thumb/v8-m.main/nofp/libc_nano.a(lib_a-init.o)
                0x00000000000052f4                __libc_init_array
 .text.free     0x000000000000533c       0x10 /home/lolren/.arduino15/packages/adafruit/tools/arm-none-eabi-gcc/9-2019q4/bin/../lib/gcc/arm-none-eabi/9.2.1/../../../../arm-none-eabi/lib/thumb/v8-m.main/nofp/libc_nano.a(lib_a-malloc.o)
                0x000000000000533c                free
 .text.memcmp   0x000000000000534c       0x1c /home/lolren/.arduino15/packages/adafruit/tools/arm-none-eabi-gcc/9-2019q4/bin/../lib/gcc/arm-none-eabi/9.2.1/../../../../arm-none-eabi/lib/thumb/v8-m.main/nofp/libc_nano.a(lib_a-memcmp.o)
                0x000000000000534c                memcmp
 .text.memcpy   0x0000000000005368       0x1a /home/lolren/.arduino15/packages/adafruit/tools/arm-none-eabi-gcc/9-2019q4/bin/../lib/gcc/arm-none-eabi/9.2.1/../../../../arm-none-eabi/lib/thumb/v8-m.main/nofp/libc_nano.a(lib_a-memcpy-stub.o)
                0x0000000000005368                memcpy
 .text.memset   0x0000000000005382       0x10 /home/lolren/.arduino15/packages/adafruit/tools/arm-none-eabi-gcc/9-2019q4/bin/../lib/gcc/arm-none-eabi/9.2.1/../../../../arm-none-eabi/lib/thumb/v8-m.main/nofp/libc_nano.a(lib_a-memset.o)
                0x0000000000005382                memset
 *fill*         0x0000000000005392        0x2 
 .text._free_r  0x0000000000005394       0x9c /home/lolren/.arduino15/packages/adafruit/tools/arm-none-eabi-gcc/9-2019q4/bin/../lib/gcc/arm-none-eabi/9.2.1/../../../../arm-none-eabi/lib/thumb/v8-m.main/nofp/libc_nano.a(lib_a-nano-freer.o)
                0x0000000000005394                _free_r
 .text.__malloc_lock
                0x0000000000005430        0xc /home/lolren/.arduino15/packages/adafruit/tools/arm-none-eabi-gcc/9-2019q4/bin/../lib/gcc/arm-none-eabi/9.2.1/../../../../arm-none-eabi/lib/thumb/v8-m.main/nofp/libc_nano.a(lib_a-mlock.o)
                0x0000000000005430                __malloc_lock
 .text.__malloc_unlock
                0x000000000000543c        0xc /home/lolren/.arduino15/packages/adafruit/tools/arm-none-eabi-gcc/9-2019q4/bin/../lib/gcc/arm-none-eabi/9.2.1/../../../../arm-none-eabi/lib/thumb/v8-m.main/nofp/libc_nano.a(lib_a-mlock.o)
                0x000000000000543c                __malloc_unlock
 .text.__retarget_lock_acquire_recursive
                0x0000000000005448        0x2 /home/lolren/.arduino15/packages/adafruit/tools/arm-none-eabi-gcc/9-2019q4/bin/../lib/gcc/arm-none-eabi/9.2.1/../../../../arm-none-eabi/lib/thumb/v8-m.main/nofp/libc_nano.a(lib_a-lock.o)
                0x0000000000005448                __retarget_lock_acquire_recursive
 .text.__retarget_lock_release_recursive
                0x000000000000544a        0x2 /home/lolren/.arduino15/packages/adafruit/tools/arm-none-eabi-gcc/9-2019q4/bin/../lib/gcc/arm-none-eabi/9.2.1/../../../../arm-none-eabi/lib/thumb/v8-m.main/nofp/libc_nano.a(lib_a-lock.o)
                0x000000000000544a                __retarget_lock_release_recursive
 *(.glue_7)
 .glue_7        0x000000000000544c        0x0 linker stubs
 *(.glue_7t)
 .glue_7t       0x000000000000544c        0x0 linker stubs
 *(.eh_frame)
 .eh_frame      0x000000000000544c        0x0 /home/lolren/.arduino15/packages/adafruit/tools/arm-none-eabi-gcc/9-2019q4/bin/../lib/gcc/arm-none-eabi/9.2.1/thumb/v8-m.main/nofp/crtbegin.o
 *(.init)
 .init          0x000000000000544c        0x4 /home/lolren/.arduino15/packages/adafruit/tools/arm-none-eabi-gcc/9-2019q4/bin/../lib/gcc/arm-none-eabi/9.2.1/thumb/v8-m.main/nofp/crti.o
                0x000000000000544c                _init
 .init          0x0000000000005450        0x8 /home/lolren/.arduino15/packages/adafruit/tools/arm-none-eabi-gcc/9-2019q4/bin/../lib/gcc/arm-none-eabi/9.2.1/thumb/v8-m.main/nofp/crtn.o
 *(.fini)
 .fini          0x0000000000005458        0x4 /home/lolren/.arduino15/packages/adafruit/tools/arm-none-eabi-gcc/9-2019q4/bin/../lib/gcc/arm-none-eabi/9.2.1/thumb/v8-m.main/nofp/crti.o
                0x0000000000005458                _fini
 .fini          0x000000000000545c        0x8 /home/lolren/.arduino15/packages/adafruit/tools/arm-none-eabi-gcc/9-2019q4/bin/../lib/gcc/arm-none-eabi/9.2.1/thumb/v8-m.main/nofp/crtn.o
                0x0000000000005464                . = ALIGN (0x4)
                0x0000000000005464                _etext = .

.vfp11_veneer   0x0000000000005464        0x0
 .vfp11_veneer  0x0000000000005464        0x0 linker stubs

.v4_bx          0x0000000000005464        0x0
 .v4_bx         0x0000000000005464        0x0 linker stubs

.iplt           0x0000000000005464        0x0
 .iplt          0x0000000000005464        0x0 /home/lolren/.arduino15/packages/adafruit/tools/arm-none-eabi-gcc/9-2019q4/bin/../lib/gcc/arm-none-eabi/9.2.1/thumb/v8-m.main/nofp/crtbegin.o

.preinit_array  0x0000000000005464        0x0
                0x0000000000005464                . = ALIGN (0x4)
                0x0000000000005464                PROVIDE (__preinit_array_start = .)
 *(.preinit_array)
 *(.preinit_array*)
                0x0000000000005464                PROVIDE (__preinit_array_end = .)
                0x0000000000005464                . = ALIGN (0x4)

.init_array     0x0000000000005464        0xc
                0x0000000000005464                . = ALIGN (0x4)
                0x0000000000005464                PROVIDE (__init_array_start = .)
 *(SORT_BY_NAME(.init_array.*))
 *(.init_array)
 .init_array    0x0000000000005464        0x4 /home/lolren/.arduino15/packages/adafruit/tools/arm-none-eabi-gcc/9-2019q4/bin/../lib/gcc/arm-none-eabi/9.2.1/thumb/v8-m.main/nofp/crtbegin.o
 .init_array    0x0000000000005468        0x4 /home/lolren/.cache/arduino/sketches/B2331C0E26E6ACE6E48102A02F83FF1E/sketch/BlePairingEncryptionStatus.ino.cpp.o
 .init_array    0x000000000000546c        0x4 /home/lolren/.cache/arduino/cores/nrf54l15clean_nrf54l15clean_xiao_nrf54l15_clean_ble_trace_on_6dbf84b1ed5f75b0beb79bb4e88de263/core.a(HardwareSerial.cpp.o)
                0x0000000000005470                PROVIDE (__init_array_end = .)
                0x0000000000005470                . = ALIGN (0x4)

.fini_array     0x0000000000005470        0x4
                0x0000000000005470                . = ALIGN (0x4)
                [!provide]                        PROVIDE (__fini_array_start = .)
 *(SORT_BY_NAME(.fini_array.*))
 *(.fini_array)
 .fini_array    0x0000000000005470        0x4 /home/lolren/.arduino15/packages/adafruit/tools/arm-none-eabi-gcc/9-2019q4/bin/../lib/gcc/arm-none-eabi/9.2.1/thumb/v8-m.main/nofp/crtbegin.o
                [!provide]                        PROVIDE (__fini_array_end = .)
                0x0000000000005474                . = ALIGN (0x4)

.rodata         0x0000000000005474      0x63c
                0x0000000000005474                . = ALIGN (0x4)
 *(.rodata)
 *(.rodata*)
 .rodata._ZL10onBleTracePKcPv.str1.1
                0x0000000000005474        0x9 /home/lolren/.cache/arduino/sketches/B2331C0E26E6ACE6E48102A02F83FF1E/sketch/BlePairingEncryptionStatus.ino.cpp.o
                                          0xc (size before relaxing)
 .rodata.setup.str1.1
                0x000000000000547d      0x195 /home/lolren/.cache/arduino/sketches/B2331C0E26E6ACE6E48102A02F83FF1E/sketch/BlePairingEncryptionStatus.ino.cpp.o
                                        0x19a (size before relaxing)
 .rodata.loop.str1.1
                0x0000000000005612       0xbc /home/lolren/.cache/arduino/sketches/B2331C0E26E6ACE6E48102A02F83FF1E/sketch/BlePairingEncryptionStatus.ino.cpp.o
                                         0xcb (size before relaxing)
 .rodata._ZN13xiao_nrf54l15L11kPinUserLedE
                0x00000000000056ce        0x2 /home/lolren/.cache/arduino/sketches/B2331C0E26E6ACE6E48102A02F83FF1E/sketch/BlePairingEncryptionStatus.ino.cpp.o
 .rodata._ZZ5setupE8kAddress
                0x00000000000056d0        0x6 /home/lolren/.cache/arduino/sketches/B2331C0E26E6ACE6E48102A02F83FF1E/sketch/BlePairingEncryptionStatus.ino.cpp.o
 .rodata._ZNK13xiao_nrf54l158BleRadio12emitBleTraceEPKc.str1.1
                0x00000000000056d6        0x7 /home/lolren/.cache/arduino/sketches/B2331C0E26E6ACE6E48102A02F83FF1E/libraries/Nrf54L15-Clean-Implementation/nrf54l15_hal.cpp.o
 .rodata._ZZN13xiao_nrf54l158BleRadio21buildL2capSmpResponseEPKhhPhS3_ENKUlhE0_clEh.str1.1
                0x00000000000056dd       0x13 /home/lolren/.cache/arduino/sketches/B2331C0E26E6ACE6E48102A02F83FF1E/libraries/Nrf54L15-Clean-Implementation/nrf54l15_hal.cpp.o
 .rodata._ZZN13xiao_nrf54l158BleRadio22buildLlControlResponseEPKhhPhS3_PbENKUlvE1_clEv.str1.1
                0x00000000000056f0       0x1d /home/lolren/.cache/arduino/sketches/B2331C0E26E6ACE6E48102A02F83FF1E/libraries/Nrf54L15-Clean-Implementation/nrf54l15_hal.cpp.o
 .rodata._ZZN13xiao_nrf54l158BleRadio22buildLlControlResponseEPKhhPhS3_PbENKUlvE3_clEv.str1.1
                0x000000000000570d       0x1e /home/lolren/.cache/arduino/sketches/B2331C0E26E6ACE6E48102A02F83FF1E/libraries/Nrf54L15-Clean-Implementation/nrf54l15_hal.cpp.o
 .rodata._ZZN13xiao_nrf54l158BleRadio22buildLlControlResponseEPKhhPhS3_PbENKUlvE2_clEv.str1.1
                0x000000000000572b       0x1d /home/lolren/.cache/arduino/sketches/B2331C0E26E6ACE6E48102A02F83FF1E/libraries/Nrf54L15-Clean-Implementation/nrf54l15_hal.cpp.o
 .rodata._ZZN13xiao_nrf54l158BleRadio22buildLlControlResponseEPKhhPhS3_PbENKUlvE0_clEv.str1.1
                0x0000000000005748       0x1e /home/lolren/.cache/arduino/sketches/B2331C0E26E6ACE6E48102A02F83FF1E/libraries/Nrf54L15-Clean-Implementation/nrf54l15_hal.cpp.o
 .rodata._ZZN13xiao_nrf54l158BleRadio22buildLlControlResponseEPKhhPhS3_PbENKUlvE_clEv.str1.1
                0x0000000000005766       0x14 /home/lolren/.cache/arduino/sketches/B2331C0E26E6ACE6E48102A02F83FF1E/libraries/Nrf54L15-Clean-Implementation/nrf54l15_hal.cpp.o
 .rodata._ZN13xiao_nrf54l158BleRadio29loadBondRecordFromPersistenceEv.str1.1
                0x000000000000577a        0xc /home/lolren/.cache/arduino/sketches/B2331C0E26E6ACE6E48102A02F83FF1E/libraries/Nrf54L15-Clean-Implementation/nrf54l15_hal.cpp.o
 .rodata._ZN13xiao_nrf54l158BleRadio29startConnectionFromConnectIndEPKhhbbm.str1.1
                0x0000000000005786       0x16 /home/lolren/.cache/arduino/sketches/B2331C0E26E6ACE6E48102A02F83FF1E/libraries/Nrf54L15-Clean-Implementation/nrf54l15_hal.cpp.o
 .rodata._ZN13xiao_nrf54l158BleRadio17persistBondRecordERKNS_13BleBondRecordE.str1.1
                0x000000000000579c        0xb /home/lolren/.cache/arduino/sketches/B2331C0E26E6ACE6E48102A02F83FF1E/libraries/Nrf54L15-Clean-Implementation/nrf54l15_hal.cpp.o
 .rodata._ZN13xiao_nrf54l158BleRadio21buildL2capSmpResponseEPKhhPhS3_.str1.1
                0x00000000000057a7       0x6b /home/lolren/.cache/arduino/sketches/B2331C0E26E6ACE6E48102A02F83FF1E/libraries/Nrf54L15-Clean-Implementation/nrf54l15_hal.cpp.o
 .rodata._ZN13xiao_nrf54l158BleRadio22buildLlControlResponseEPKhhPhS3_Pb.str1.1
                0x0000000000005812       0x70 /home/lolren/.cache/arduino/sketches/B2331C0E26E6ACE6E48102A02F83FF1E/libraries/Nrf54L15-Clean-Implementation/nrf54l15_hal.cpp.o
 .rodata._ZN13xiao_nrf54l158BleRadio10disconnectEm.str1.1
                0x0000000000005882        0xb /home/lolren/.cache/arduino/sketches/B2331C0E26E6ACE6E48102A02F83FF1E/libraries/Nrf54L15-Clean-Implementation/nrf54l15_hal.cpp.o
 .rodata._ZN13xiao_nrf54l158BleRadio19pollConnectionEventEPNS_18BleConnectionEventEm.str1.1
                0x000000000000588d       0x53 /home/lolren/.cache/arduino/sketches/B2331C0E26E6ACE6E48102A02F83FF1E/libraries/Nrf54L15-Clean-Implementation/nrf54l15_hal.cpp.o
 .rodata._ZN13xiao_nrf54l158BleRadio5beginEa.str1.1
                0x00000000000058e0        0xe /home/lolren/.cache/arduino/sketches/B2331C0E26E6ACE6E48102A02F83FF1E/libraries/Nrf54L15-Clean-Implementation/nrf54l15_hal.cpp.o
 *fill*         0x00000000000058ee        0x2 
 .rodata.CSWTCH.447
                0x00000000000058f0        0xc /home/lolren/.cache/arduino/sketches/B2331C0E26E6ACE6E48102A02F83FF1E/libraries/Nrf54L15-Clean-Implementation/nrf54l15_hal.cpp.o
 .rodata._ZN12_GLOBAL__N_1L18kBleAttributeUuidsE
                0x00000000000058fc       0x3c /home/lolren/.cache/arduino/sketches/B2331C0E26E6ACE6E48102A02F83FF1E/libraries/Nrf54L15-Clean-Implementation/nrf54l15_hal.cpp.o
 .rodata._ZN12_GLOBAL__N_1L19kBleCharacteristicsE
                0x0000000000005938       0x28 /home/lolren/.cache/arduino/sketches/B2331C0E26E6ACE6E48102A02F83FF1E/libraries/Nrf54L15-Clean-Implementation/nrf54l15_hal.cpp.o
 .rodata._ZN12_GLOBAL__N_1L19kBlePrimaryServicesE
                0x0000000000005960       0x12 /home/lolren/.cache/arduino/sketches/B2331C0E26E6ACE6E48102A02F83FF1E/libraries/Nrf54L15-Clean-Implementation/nrf54l15_hal.cpp.o
 .rodata._ZN12_GLOBAL__N_1L8kAesRconE
                0x0000000000005972        0xb /home/lolren/.cache/arduino/sketches/B2331C0E26E6ACE6E48102A02F83FF1E/libraries/Nrf54L15-Clean-Implementation/nrf54l15_hal.cpp.o
 .rodata._ZN12_GLOBAL__N_1L8kAesSboxE
                0x000000000000597d      0x100 /home/lolren/.cache/arduino/sketches/B2331C0E26E6ACE6E48102A02F83FF1E/libraries/Nrf54L15-Clean-Implementation/nrf54l15_hal.cpp.o
 *fill*         0x0000000000005a7d        0x3 
 .rodata.CSWTCH.23
                0x0000000000005a80        0xc /home/lolren/.cache/arduino/cores/nrf54l15clean_nrf54l15clean_xiao_nrf54l15_clean_ble_trace_on_6dbf84b1ed5f75b0beb79bb4e88de263/core.a(HardwareSerial.cpp.o)
 .rodata._ZTV14HardwareSerial
                0x0000000000005a8c       0x24 /home/lolren/.cache/arduino/cores/nrf54l15clean_nrf54l15clean_xiao_nrf54l15_clean_ble_trace_on_6dbf84b1ed5f75b0beb79bb4e88de263/core.a(HardwareSerial.cpp.o)
                0x0000000000005a8c                vtable for HardwareSerial
                0x0000000000005ab0                . = ALIGN (0x4)

.rel.dyn        0x0000000000005ab0        0x0
 .rel.iplt      0x0000000000005ab0        0x0 /home/lolren/.arduino15/packages/adafruit/tools/arm-none-eabi-gcc/9-2019q4/bin/../lib/gcc/arm-none-eabi/9.2.1/thumb/v8-m.main/nofp/crtbegin.o

.ARM.extab
 *(.ARM.extab* .gnu.linkonce.armextab.*)

.ARM            0x0000000000005ab0        0x0
                0x0000000000005ab0                __exidx_start = .
 *(.ARM.exidx*)
                0x0000000000005ab0                __exidx_end = .

.data           0x0000000020000000       0x68 load address 0x0000000000005ab0
                0x0000000020000000                . = ALIGN (0x4)
                0x0000000020000000                _sdata = .
 *(.data)
 *(.data*)
 .data.SystemCoreClock
                0x0000000020000000        0x4 /home/lolren/.cache/arduino/cores/nrf54l15clean_nrf54l15clean_xiao_nrf54l15_clean_ble_trace_on_6dbf84b1ed5f75b0beb79bb4e88de263/core.a(system_nrf54l15.c.o)
                0x0000000020000000                SystemCoreClock
 .data._impure_ptr
                0x0000000020000004        0x4 /home/lolren/.arduino15/packages/adafruit/tools/arm-none-eabi-gcc/9-2019q4/bin/../lib/gcc/arm-none-eabi/9.2.1/../../../../arm-none-eabi/lib/thumb/v8-m.main/nofp/libc_nano.a(lib_a-impure.o)
                0x0000000020000004                _impure_ptr
 .data.impure_data
                0x0000000020000008       0x60 /home/lolren/.arduino15/packages/adafruit/tools/arm-none-eabi-gcc/9-2019q4/bin/../lib/gcc/arm-none-eabi/9.2.1/../../../../arm-none-eabi/lib/thumb/v8-m.main/nofp/libc_nano.a(lib_a-impure.o)
                0x0000000020000068                . = ALIGN (0x4)
                0x0000000020000068                _edata = .
                0x0000000000005ab0                _sidata = LOADADDR (.data)

.igot.plt       0x0000000020000068        0x0 load address 0x0000000000005b18
 .igot.plt      0x0000000020000068        0x0 /home/lolren/.arduino15/packages/adafruit/tools/arm-none-eabi-gcc/9-2019q4/bin/../lib/gcc/arm-none-eabi/9.2.1/thumb/v8-m.main/nofp/crtbegin.o

.bss            0x0000000020000068      0x608 load address 0x0000000000005b18
                0x0000000020000068                . = ALIGN (0x4)
                0x0000000020000068                _sbss = .
                0x0000000020000068                __bss_start__ = _sbss
 *(.bss)
 .bss           0x0000000020000068       0x1c /home/lolren/.arduino15/packages/adafruit/tools/arm-none-eabi-gcc/9-2019q4/bin/../lib/gcc/arm-none-eabi/9.2.1/thumb/v8-m.main/nofp/crtbegin.o
 *(.bss*)
 .bss._ZL10g_bleReady
                0x0000000020000084        0x1 /home/lolren/.cache/arduino/sketches/B2331C0E26E6ACE6E48102A02F83FF1E/sketch/BlePairingEncryptionStatus.ino.cpp.o
 *fill*         0x0000000020000085        0x3 
 .bss._ZL14g_lastAdvLogMs
                0x0000000020000088        0x4 /home/lolren/.cache/arduino/sketches/B2331C0E26E6ACE6E48102A02F83FF1E/sketch/BlePairingEncryptionStatus.ino.cpp.o
 .bss._ZL15g_prevConnected
                0x000000002000008c        0x1 /home/lolren/.cache/arduino/sketches/B2331C0E26E6ACE6E48102A02F83FF1E/sketch/BlePairingEncryptionStatus.ino.cpp.o
 .bss._ZL15g_prevEncrypted
                0x000000002000008d        0x1 /home/lolren/.cache/arduino/sketches/B2331C0E26E6ACE6E48102A02F83FF1E/sketch/BlePairingEncryptionStatus.ino.cpp.o
 *fill*         0x000000002000008e        0x2 
 .bss._ZL20g_lastInitErrorLogMs
                0x0000000020000090        0x4 /home/lolren/.cache/arduino/sketches/B2331C0E26E6ACE6E48102A02F83FF1E/sketch/BlePairingEncryptionStatus.ino.cpp.o
 .bss._ZL21g_connectionAnnounced
                0x0000000020000094        0x1 /home/lolren/.cache/arduino/sketches/B2331C0E26E6ACE6E48102A02F83FF1E/sketch/BlePairingEncryptionStatus.ino.cpp.o
 *fill*         0x0000000020000095        0x3 
 .bss._ZL5g_ble
                0x0000000020000098      0x548 /home/lolren/.cache/arduino/sketches/B2331C0E26E6ACE6E48102A02F83FF1E/sketch/BlePairingEncryptionStatus.ino.cpp.o
 .bss._ZL7g_power
                0x00000000200005e0        0xc /home/lolren/.cache/arduino/sketches/B2331C0E26E6ACE6E48102A02F83FF1E/sketch/BlePairingEncryptionStatus.ino.cpp.o
 .bss._ZN12_GLOBAL__N_118g_boardAntennaPathE
                0x00000000200005ec        0x1 /home/lolren/.cache/arduino/sketches/B2331C0E26E6ACE6E48102A02F83FF1E/libraries/Nrf54L15-Clean-Implementation/nrf54l15_hal.cpp.o
 .bss._ZN12_GLOBAL__N_1L9g_antennaE
                0x00000000200005ed        0x1 /home/lolren/.cache/arduino/sketches/B2331C0E26E6ACE6E48102A02F83FF1E/core/variant.cpp.o
 *fill*         0x00000000200005ee        0x2 
 .bss.Serial    0x00000000200005f0       0x14 /home/lolren/.cache/arduino/cores/nrf54l15clean_nrf54l15clean_xiao_nrf54l15_clean_ble_trace_on_6dbf84b1ed5f75b0beb79bb4e88de263/core.a(HardwareSerial.cpp.o)
                0x00000000200005f0                Serial
 .bss.Serial1   0x0000000020000604       0x14 /home/lolren/.cache/arduino/cores/nrf54l15clean_nrf54l15clean_xiao_nrf54l15_clean_ble_trace_on_6dbf84b1ed5f75b0beb79bb4e88de263/core.a(HardwareSerial.cpp.o)
                0x0000000020000604                Serial1
 .bss.g_irq_channels
                0x0000000020000618       0x40 /home/lolren/.cache/arduino/cores/nrf54l15clean_nrf54l15clean_xiao_nrf54l15_clean_ble_trace_on_6dbf84b1ed5f75b0beb79bb4e88de263/core.a(wiring_digital.c.o)
 .bss.g_irq_state_initialized
                0x0000000020000658        0x1 /home/lolren/.cache/arduino/cores/nrf54l15clean_nrf54l15clean_xiao_nrf54l15_clean_ble_trace_on_6dbf84b1ed5f75b0beb79bb4e88de263/core.a(wiring_digital.c.o)
 *fill*         0x0000000020000659        0x3 
 .bss.g_millis_ticks
                0x000000002000065c        0x4 /home/lolren/.cache/arduino/cores/nrf54l15clean_nrf54l15clean_xiao_nrf54l15_clean_ble_trace_on_6dbf84b1ed5f75b0beb79bb4e88de263/core.a(wiring_time.c.o)
 .bss.__malloc_free_list
                0x0000000020000660        0x4 /home/lolren/.arduino15/packages/adafruit/tools/arm-none-eabi-gcc/9-2019q4/bin/../lib/gcc/arm-none-eabi/9.2.1/../../../../arm-none-eabi/lib/thumb/v8-m.main/nofp/libc_nano.a(lib_a-nano-mallocr.o)
                0x0000000020000660                __malloc_free_list
 *(COMMON)
 COMMON         0x0000000020000664        0x9 /home/lolren/.arduino15/packages/adafruit/tools/arm-none-eabi-gcc/9-2019q4/bin/../lib/gcc/arm-none-eabi/9.2.1/../../../../arm-none-eabi/lib/thumb/v8-m.main/nofp/libc_nano.a(lib_a-lock.o)
                0x0000000020000664                __lock___atexit_recursive_mutex
                0x0000000020000665                __lock___arc4random_mutex
                0x0000000020000666                __lock___env_recursive_mutex
                0x0000000020000667                __lock___sinit_recursive_mutex
                0x0000000020000668                __lock___malloc_recursive_mutex
                0x0000000020000669                __lock___at_quick_exit_mutex
                0x000000002000066a                __lock___dd_hash_mutex
                0x000000002000066b                __lock___tz_mutex
                0x000000002000066c                __lock___sfp_recursive_mutex
                0x0000000020000670                . = ALIGN (0x4)
 *fill*         0x000000002000066d        0x3 
                0x0000000020000670                _ebss = .
                0x0000000020000670                __bss_end__ = _ebss

.noinit         0x0000000020000670       0x38 load address 0x0000000000005b18
                0x0000000020000670                . = ALIGN (0x4)
                0x0000000020000670                _snoinit = .
 *(.noinit)
 .noinit        0x0000000020000670       0x38 /home/lolren/.cache/arduino/sketches/B2331C0E26E6ACE6E48102A02F83FF1E/libraries/Nrf54L15-Clean-Implementation/nrf54l15_hal.cpp.o
 *(.noinit*)
                0x00000000200006a8                . = ALIGN (0x4)
                0x00000000200006a8                _enoinit = .

._user_heap_stack
                0x00000000200006a8     0x2000 load address 0x0000000000005b18
                0x00000000200006a8                . = ALIGN (0x8)
                [!provide]                        PROVIDE (__heap_start__ = .)
                0x00000000200006a8                PROVIDE (end = .)
                [!provide]                        PROVIDE (_end = .)
                0x00000000200016a8                . = (. + __heap_size__)
 *fill*         0x00000000200006a8     0x1000 
                [!provide]                        PROVIDE (__heap_end__ = .)
                0x00000000200026a8                . = (. + __stack_size__)
 *fill*         0x00000000200016a8     0x1000 
                0x00000000200026a8                . = ALIGN (0x8)
                0x0000000020010000                __stack_start__ = (ORIGIN (RAM) + LENGTH (RAM))
                0x000000002000f000                __stack_end__ = (__stack_start__ - __stack_size__)
                0x00000000200026a8                . = ALIGN (0x4)
OUTPUT(/home/lolren/.cache/arduino/sketches/B2331C0E26E6ACE6E48102A02F83FF1E/BlePairingEncryptionStatus.ino.elf elf32-littlearm)

.ARM.attributes
                0x0000000000000000       0x30
 .ARM.attributes
                0x0000000000000000       0x22 /home/lolren/.arduino15/packages/adafruit/tools/arm-none-eabi-gcc/9-2019q4/bin/../lib/gcc/arm-none-eabi/9.2.1/thumb/v8-m.main/nofp/crti.o
 .ARM.attributes
                0x0000000000000022       0x32 /home/lolren/.arduino15/packages/adafruit/tools/arm-none-eabi-gcc/9-2019q4/bin/../lib/gcc/arm-none-eabi/9.2.1/thumb/v8-m.main/nofp/crtbegin.o
 .ARM.attributes
                0x0000000000000054       0x34 /home/lolren/.cache/arduino/sketches/B2331C0E26E6ACE6E48102A02F83FF1E/sketch/BlePairingEncryptionStatus.ino.cpp.o
 .ARM.attributes
                0x0000000000000088       0x34 /home/lolren/.cache/arduino/sketches/B2331C0E26E6ACE6E48102A02F83FF1E/libraries/Nrf54L15-Clean-Implementation/nrf54l15_hal.cpp.o
 .ARM.attributes
                0x00000000000000bc       0x34 /home/lolren/.cache/arduino/sketches/B2331C0E26E6ACE6E48102A02F83FF1E/core/variant.cpp.o
 .ARM.attributes
                0x00000000000000f0       0x34 /home/lolren/.cache/arduino/cores/nrf54l15clean_nrf54l15clean_xiao_nrf54l15_clean_ble_trace_on_6dbf84b1ed5f75b0beb79bb4e88de263/core.a(HardwareSerial.cpp.o)
 .ARM.attributes
                0x0000000000000124       0x34 /home/lolren/.cache/arduino/cores/nrf54l15clean_nrf54l15clean_xiao_nrf54l15_clean_ble_trace_on_6dbf84b1ed5f75b0beb79bb4e88de263/core.a(Print.cpp.o)
 .ARM.attributes
                0x0000000000000158       0x34 /home/lolren/.cache/arduino/cores/nrf54l15clean_nrf54l15clean_xiao_nrf54l15_clean_ble_trace_on_6dbf84b1ed5f75b0beb79bb4e88de263/core.a(main.cpp.o)
 .ARM.attributes
                0x000000000000018c       0x34 /home/lolren/.cache/arduino/cores/nrf54l15clean_nrf54l15clean_xiao_nrf54l15_clean_ble_trace_on_6dbf84b1ed5f75b0beb79bb4e88de263/core.a(new.cpp.o)
 .ARM.attributes
                0x00000000000001c0       0x24 /home/lolren/.cache/arduino/cores/nrf54l15clean_nrf54l15clean_xiao_nrf54l15_clean_ble_trace_on_6dbf84b1ed5f75b0beb79bb4e88de263/core.a(startup_nrf54l15.S.o)
 .ARM.attributes
                0x00000000000001e4       0x34 /home/lolren/.cache/arduino/cores/nrf54l15clean_nrf54l15clean_xiao_nrf54l15_clean_ble_trace_on_6dbf84b1ed5f75b0beb79bb4e88de263/core.a(wiring_digital.c.o)
 .ARM.attributes
                0x0000000000000218       0x34 /home/lolren/.cache/arduino/cores/nrf54l15clean_nrf54l15clean_xiao_nrf54l15_clean_ble_trace_on_6dbf84b1ed5f75b0beb79bb4e88de263/core.a(wiring_time.c.o)
 .ARM.attributes
                0x000000000000024c       0x34 /home/lolren/.cache/arduino/cores/nrf54l15clean_nrf54l15clean_xiao_nrf54l15_clean_ble_trace_on_6dbf84b1ed5f75b0beb79bb4e88de263/core.a(idle_service.cpp.o)
 .ARM.attributes
                0x0000000000000280       0x34 /home/lolren/.cache/arduino/cores/nrf54l15clean_nrf54l15clean_xiao_nrf54l15_clean_ble_trace_on_6dbf84b1ed5f75b0beb79bb4e88de263/core.a(system_nrf54l15.c.o)
 .ARM.attributes
                0x00000000000002b4       0x32 /home/lolren/.arduino15/packages/adafruit/tools/arm-none-eabi-gcc/9-2019q4/bin/../lib/gcc/arm-none-eabi/9.2.1/../../../../arm-none-eabi/lib/thumb/v8-m.main/nofp/libc_nano.a(lib_a-impure.o)
 .ARM.attributes
                0x00000000000002e6       0x32 /home/lolren/.arduino15/packages/adafruit/tools/arm-none-eabi-gcc/9-2019q4/bin/../lib/gcc/arm-none-eabi/9.2.1/../../../../arm-none-eabi/lib/thumb/v8-m.main/nofp/libc_nano.a(lib_a-init.o)
 .ARM.attributes
                0x0000000000000318       0x32 /home/lolren/.arduino15/packages/adafruit/tools/arm-none-eabi-gcc/9-2019q4/bin/../lib/gcc/arm-none-eabi/9.2.1/../../../../arm-none-eabi/lib/thumb/v8-m.main/nofp/libc_nano.a(lib_a-malloc.o)
 .ARM.attributes
                0x000000000000034a       0x32 /home/lolren/.arduino15/packages/adafruit/tools/arm-none-eabi-gcc/9-2019q4/bin/../lib/gcc/arm-none-eabi/9.2.1/../../../../arm-none-eabi/lib/thumb/v8-m.main/nofp/libc_nano.a(lib_a-memcmp.o)
 .ARM.attributes
                0x000000000000037c       0x32 /home/lolren/.arduino15/packages/adafruit/tools/arm-none-eabi-gcc/9-2019q4/bin/../lib/gcc/arm-none-eabi/9.2.1/../../../../arm-none-eabi/lib/thumb/v8-m.main/nofp/libc_nano.a(lib_a-memcpy-stub.o)
 .ARM.attributes
                0x00000000000003ae       0x32 /home/lolren/.arduino15/packages/adafruit/tools/arm-none-eabi-gcc/9-2019q4/bin/../lib/gcc/arm-none-eabi/9.2.1/../../../../arm-none-eabi/lib/thumb/v8-m.main/nofp/libc_nano.a(lib_a-memset.o)
 .ARM.attributes
                0x00000000000003e0       0x32 /home/lolren/.arduino15/packages/adafruit/tools/arm-none-eabi-gcc/9-2019q4/bin/../lib/gcc/arm-none-eabi/9.2.1/../../../../arm-none-eabi/lib/thumb/v8-m.main/nofp/libc_nano.a(lib_a-nano-freer.o)
 .ARM.attributes
                0x0000000000000412       0x32 /home/lolren/.arduino15/packages/adafruit/tools/arm-none-eabi-gcc/9-2019q4/bin/../lib/gcc/arm-none-eabi/9.2.1/../../../../arm-none-eabi/lib/thumb/v8-m.main/nofp/libc_nano.a(lib_a-nano-mallocr.o)
 .ARM.attributes
                0x0000000000000444       0x17 /home/lolren/.arduino15/packages/adafruit/tools/arm-none-eabi-gcc/9-2019q4/bin/../lib/gcc/arm-none-eabi/9.2.1/../../../../arm-none-eabi/lib/thumb/v8-m.main/nofp/libc_nano.a(lib_a-strlen.o)
 .ARM.attributes
                0x000000000000045b       0x32 /home/lolren/.arduino15/packages/adafruit/tools/arm-none-eabi-gcc/9-2019q4/bin/../lib/gcc/arm-none-eabi/9.2.1/../../../../arm-none-eabi/lib/thumb/v8-m.main/nofp/libc_nano.a(lib_a-mlock.o)
 .ARM.attributes
                0x000000000000048d       0x32 /home/lolren/.arduino15/packages/adafruit/tools/arm-none-eabi-gcc/9-2019q4/bin/../lib/gcc/arm-none-eabi/9.2.1/../../../../arm-none-eabi/lib/thumb/v8-m.main/nofp/libc_nano.a(lib_a-lock.o)
 .ARM.attributes
                0x00000000000004bf       0x22 /home/lolren/.arduino15/packages/adafruit/tools/arm-none-eabi-gcc/9-2019q4/bin/../lib/gcc/arm-none-eabi/9.2.1/thumb/v8-m.main/nofp/crtn.o

.comment        0x0000000000000000       0x79
 .comment       0x0000000000000000       0x79 /home/lolren/.cache/arduino/sketches/B2331C0E26E6ACE6E48102A02F83FF1E/sketch/BlePairingEncryptionStatus.ino.cpp.o
                                         0x7a (size before relaxing)
 .comment       0x0000000000000079       0x7a /home/lolren/.cache/arduino/sketches/B2331C0E26E6ACE6E48102A02F83FF1E/libraries/Nrf54L15-Clean-Implementation/nrf54l15_hal.cpp.o
 .comment       0x0000000000000079       0x7a /home/lolren/.cache/arduino/sketches/B2331C0E26E6ACE6E48102A02F83FF1E/core/variant.cpp.o
 .comment       0x0000000000000079       0x7a /home/lolren/.cache/arduino/cores/nrf54l15clean_nrf54l15clean_xiao_nrf54l15_clean_ble_trace_on_6dbf84b1ed5f75b0beb79bb4e88de263/core.a(HardwareSerial.cpp.o)
 .comment       0x0000000000000079       0x7a /home/lolren/.cache/arduino/cores/nrf54l15clean_nrf54l15clean_xiao_nrf54l15_clean_ble_trace_on_6dbf84b1ed5f75b0beb79bb4e88de263/core.a(Print.cpp.o)
 .comment       0x0000000000000079       0x7a /home/lolren/.cache/arduino/cores/nrf54l15clean_nrf54l15clean_xiao_nrf54l15_clean_ble_trace_on_6dbf84b1ed5f75b0beb79bb4e88de263/core.a(main.cpp.o)
 .comment       0x0000000000000079       0x7a /home/lolren/.cache/arduino/cores/nrf54l15clean_nrf54l15clean_xiao_nrf54l15_clean_ble_trace_on_6dbf84b1ed5f75b0beb79bb4e88de263/core.a(new.cpp.o)
 .comment       0x0000000000000079       0x7a /home/lolren/.cache/arduino/cores/nrf54l15clean_nrf54l15clean_xiao_nrf54l15_clean_ble_trace_on_6dbf84b1ed5f75b0beb79bb4e88de263/core.a(wiring_digital.c.o)
 .comment       0x0000000000000079       0x7a /home/lolren/.cache/arduino/cores/nrf54l15clean_nrf54l15clean_xiao_nrf54l15_clean_ble_trace_on_6dbf84b1ed5f75b0beb79bb4e88de263/core.a(wiring_time.c.o)
 .comment       0x0000000000000079       0x7a /home/lolren/.cache/arduino/cores/nrf54l15clean_nrf54l15clean_xiao_nrf54l15_clean_ble_trace_on_6dbf84b1ed5f75b0beb79bb4e88de263/core.a(idle_service.cpp.o)
 .comment       0x0000000000000079       0x7a /home/lolren/.cache/arduino/cores/nrf54l15clean_nrf54l15clean_xiao_nrf54l15_clean_ble_trace_on_6dbf84b1ed5f75b0beb79bb4e88de263/core.a(system_nrf54l15.c.o)

.debug_info     0x0000000000000000    0x55a09
 .debug_info    0x0000000000000000     0xc676 /home/lolren/.cache/arduino/sketches/B2331C0E26E6ACE6E48102A02F83FF1E/sketch/BlePairingEncryptionStatus.ino.cpp.o
 .debug_info    0x000000000000c676    0x219b8 /home/lolren/.cache/arduino/sketches/B2331C0E26E6ACE6E48102A02F83FF1E/libraries/Nrf54L15-Clean-Implementation/nrf54l15_hal.cpp.o
 .debug_info    0x000000000002e02e     0x8414 /home/lolren/.cache/arduino/sketches/B2331C0E26E6ACE6E48102A02F83FF1E/core/variant.cpp.o
 .debug_info    0x0000000000036442     0xa1b2 /home/lolren/.cache/arduino/cores/nrf54l15clean_nrf54l15clean_xiao_nrf54l15_clean_ble_trace_on_6dbf84b1ed5f75b0beb79bb4e88de263/core.a(HardwareSerial.cpp.o)
 .debug_info    0x00000000000405f4     0x2a06 /home/lolren/.cache/arduino/cores/nrf54l15clean_nrf54l15clean_xiao_nrf54l15_clean_ble_trace_on_6dbf84b1ed5f75b0beb79bb4e88de263/core.a(Print.cpp.o)
 .debug_info    0x0000000000042ffa     0x771e /home/lolren/.cache/arduino/cores/nrf54l15clean_nrf54l15clean_xiao_nrf54l15_clean_ble_trace_on_6dbf84b1ed5f75b0beb79bb4e88de263/core.a(main.cpp.o)
 .debug_info    0x000000000004a718     0x1062 /home/lolren/.cache/arduino/cores/nrf54l15clean_nrf54l15clean_xiao_nrf54l15_clean_ble_trace_on_6dbf84b1ed5f75b0beb79bb4e88de263/core.a(new.cpp.o)
 .debug_info    0x000000000004b77a       0x26 /home/lolren/.cache/arduino/cores/nrf54l15clean_nrf54l15clean_xiao_nrf54l15_clean_ble_trace_on_6dbf84b1ed5f75b0beb79bb4e88de263/core.a(startup_nrf54l15.S.o)
 .debug_info    0x000000000004b7a0     0x1c8b /home/lolren/.cache/arduino/cores/nrf54l15clean_nrf54l15clean_xiao_nrf54l15_clean_ble_trace_on_6dbf84b1ed5f75b0beb79bb4e88de263/core.a(wiring_digital.c.o)
 .debug_info    0x000000000004d42b      0xc7e /home/lolren/.cache/arduino/cores/nrf54l15clean_nrf54l15clean_xiao_nrf54l15_clean_ble_trace_on_6dbf84b1ed5f75b0beb79bb4e88de263/core.a(wiring_time.c.o)
 .debug_info    0x000000000004e0a9     0x7666 /home/lolren/.cache/arduino/cores/nrf54l15clean_nrf54l15clean_xiao_nrf54l15_clean_ble_trace_on_6dbf84b1ed5f75b0beb79bb4e88de263/core.a(idle_service.cpp.o)
 .debug_info    0x000000000005570f      0x2fa /home/lolren/.cache/arduino/cores/nrf54l15clean_nrf54l15clean_xiao_nrf54l15_clean_ble_trace_on_6dbf84b1ed5f75b0beb79bb4e88de263/core.a(system_nrf54l15.c.o)

.debug_abbrev   0x0000000000000000     0x4dcc
 .debug_abbrev  0x0000000000000000      0xa76 /home/lolren/.cache/arduino/sketches/B2331C0E26E6ACE6E48102A02F83FF1E/sketch/BlePairingEncryptionStatus.ino.cpp.o
 .debug_abbrev  0x0000000000000a76     0x1036 /home/lolren/.cache/arduino/sketches/B2331C0E26E6ACE6E48102A02F83FF1E/libraries/Nrf54L15-Clean-Implementation/nrf54l15_hal.cpp.o
 .debug_abbrev  0x0000000000001aac      0x7d9 /home/lolren/.cache/arduino/sketches/B2331C0E26E6ACE6E48102A02F83FF1E/core/variant.cpp.o
 .debug_abbrev  0x0000000000002285      0xb2a /home/lolren/.cache/arduino/cores/nrf54l15clean_nrf54l15clean_xiao_nrf54l15_clean_ble_trace_on_6dbf84b1ed5f75b0beb79bb4e88de263/core.a(HardwareSerial.cpp.o)
 .debug_abbrev  0x0000000000002daf      0x538 /home/lolren/.cache/arduino/cores/nrf54l15clean_nrf54l15clean_xiao_nrf54l15_clean_ble_trace_on_6dbf84b1ed5f75b0beb79bb4e88de263/core.a(Print.cpp.o)
 .debug_abbrev  0x00000000000032e7      0x6b7 /home/lolren/.cache/arduino/cores/nrf54l15clean_nrf54l15clean_xiao_nrf54l15_clean_ble_trace_on_6dbf84b1ed5f75b0beb79bb4e88de263/core.a(main.cpp.o)
 .debug_abbrev  0x000000000000399e      0x3b5 /home/lolren/.cache/arduino/cores/nrf54l15clean_nrf54l15clean_xiao_nrf54l15_clean_ble_trace_on_6dbf84b1ed5f75b0beb79bb4e88de263/core.a(new.cpp.o)
 .debug_abbrev  0x0000000000003d53       0x14 /home/lolren/.cache/arduino/cores/nrf54l15clean_nrf54l15clean_xiao_nrf54l15_clean_ble_trace_on_6dbf84b1ed5f75b0beb79bb4e88de263/core.a(startup_nrf54l15.S.o)
 .debug_abbrev  0x0000000000003d67      0x5ac /home/lolren/.cache/arduino/cores/nrf54l15clean_nrf54l15clean_xiao_nrf54l15_clean_ble_trace_on_6dbf84b1ed5f75b0beb79bb4e88de263/core.a(wiring_digital.c.o)
 .debug_abbrev  0x0000000000004313      0x327 /home/lolren/.cache/arduino/cores/nrf54l15clean_nrf54l15clean_xiao_nrf54l15_clean_ble_trace_on_6dbf84b1ed5f75b0beb79bb4e88de263/core.a(wiring_time.c.o)
 .debug_abbrev  0x000000000000463a      0x655 /home/lolren/.cache/arduino/cores/nrf54l15clean_nrf54l15clean_xiao_nrf54l15_clean_ble_trace_on_6dbf84b1ed5f75b0beb79bb4e88de263/core.a(idle_service.cpp.o)
 .debug_abbrev  0x0000000000004c8f      0x13d /home/lolren/.cache/arduino/cores/nrf54l15clean_nrf54l15clean_xiao_nrf54l15_clean_ble_trace_on_6dbf84b1ed5f75b0beb79bb4e88de263/core.a(system_nrf54l15.c.o)

.debug_loc      0x0000000000000000    0x16ba2
 .debug_loc     0x0000000000000000      0x262 /home/lolren/.cache/arduino/sketches/B2331C0E26E6ACE6E48102A02F83FF1E/sketch/BlePairingEncryptionStatus.ino.cpp.o
 .debug_loc     0x0000000000000262    0x1356f /home/lolren/.cache/arduino/sketches/B2331C0E26E6ACE6E48102A02F83FF1E/libraries/Nrf54L15-Clean-Implementation/nrf54l15_hal.cpp.o
 .debug_loc     0x00000000000137d1      0x13c /home/lolren/.cache/arduino/sketches/B2331C0E26E6ACE6E48102A02F83FF1E/core/variant.cpp.o
 .debug_loc     0x000000000001390d      0xf6e /home/lolren/.cache/arduino/cores/nrf54l15clean_nrf54l15clean_xiao_nrf54l15_clean_ble_trace_on_6dbf84b1ed5f75b0beb79bb4e88de263/core.a(HardwareSerial.cpp.o)
 .debug_loc     0x000000000001487b     0x1448 /home/lolren/.cache/arduino/cores/nrf54l15clean_nrf54l15clean_xiao_nrf54l15_clean_ble_trace_on_6dbf84b1ed5f75b0beb79bb4e88de263/core.a(Print.cpp.o)
 .debug_loc     0x0000000000015cc3       0xa2 /home/lolren/.cache/arduino/cores/nrf54l15clean_nrf54l15clean_xiao_nrf54l15_clean_ble_trace_on_6dbf84b1ed5f75b0beb79bb4e88de263/core.a(new.cpp.o)
 .debug_loc     0x0000000000015d65      0xc56 /home/lolren/.cache/arduino/cores/nrf54l15clean_nrf54l15clean_xiao_nrf54l15_clean_ble_trace_on_6dbf84b1ed5f75b0beb79bb4e88de263/core.a(wiring_digital.c.o)
 .debug_loc     0x00000000000169bb      0x157 /home/lolren/.cache/arduino/cores/nrf54l15clean_nrf54l15clean_xiao_nrf54l15_clean_ble_trace_on_6dbf84b1ed5f75b0beb79bb4e88de263/core.a(wiring_time.c.o)
 .debug_loc     0x0000000000016b12       0x90 /home/lolren/.cache/arduino/cores/nrf54l15clean_nrf54l15clean_xiao_nrf54l15_clean_ble_trace_on_6dbf84b1ed5f75b0beb79bb4e88de263/core.a(system_nrf54l15.c.o)

.debug_aranges  0x0000000000000000      0xa28
 .debug_aranges
                0x0000000000000000       0x38 /home/lolren/.cache/arduino/sketches/B2331C0E26E6ACE6E48102A02F83FF1E/sketch/BlePairingEncryptionStatus.ino.cpp.o
 .debug_aranges
                0x0000000000000038      0x690 /home/lolren/.cache/arduino/sketches/B2331C0E26E6ACE6E48102A02F83FF1E/libraries/Nrf54L15-Clean-Implementation/nrf54l15_hal.cpp.o
 .debug_aranges
                0x00000000000006c8       0x38 /home/lolren/.cache/arduino/sketches/B2331C0E26E6ACE6E48102A02F83FF1E/core/variant.cpp.o
 .debug_aranges
                0x0000000000000700       0x98 /home/lolren/.cache/arduino/cores/nrf54l15clean_nrf54l15clean_xiao_nrf54l15_clean_ble_trace_on_6dbf84b1ed5f75b0beb79bb4e88de263/core.a(HardwareSerial.cpp.o)
 .debug_aranges
                0x0000000000000798       0xe0 /home/lolren/.cache/arduino/cores/nrf54l15clean_nrf54l15clean_xiao_nrf54l15_clean_ble_trace_on_6dbf84b1ed5f75b0beb79bb4e88de263/core.a(Print.cpp.o)
 .debug_aranges
                0x0000000000000878       0x38 /home/lolren/.cache/arduino/cores/nrf54l15clean_nrf54l15clean_xiao_nrf54l15_clean_ble_trace_on_6dbf84b1ed5f75b0beb79bb4e88de263/core.a(main.cpp.o)
 .debug_aranges
                0x00000000000008b0       0x38 /home/lolren/.cache/arduino/cores/nrf54l15clean_nrf54l15clean_xiao_nrf54l15_clean_ble_trace_on_6dbf84b1ed5f75b0beb79bb4e88de263/core.a(new.cpp.o)
 .debug_aranges
                0x00000000000008e8       0x20 /home/lolren/.cache/arduino/cores/nrf54l15clean_nrf54l15clean_xiao_nrf54l15_clean_ble_trace_on_6dbf84b1ed5f75b0beb79bb4e88de263/core.a(startup_nrf54l15.S.o)
 .debug_aranges
                0x0000000000000908       0x90 /home/lolren/.cache/arduino/cores/nrf54l15clean_nrf54l15clean_xiao_nrf54l15_clean_ble_trace_on_6dbf84b1ed5f75b0beb79bb4e88de263/core.a(wiring_digital.c.o)
 .debug_aranges
                0x0000000000000998       0x48 /home/lolren/.cache/arduino/cores/nrf54l15clean_nrf54l15clean_xiao_nrf54l15_clean_ble_trace_on_6dbf84b1ed5f75b0beb79bb4e88de263/core.a(wiring_time.c.o)
 .debug_aranges
                0x00000000000009e0       0x20 /home/lolren/.cache/arduino/cores/nrf54l15clean_nrf54l15clean_xiao_nrf54l15_clean_ble_trace_on_6dbf84b1ed5f75b0beb79bb4e88de263/core.a(idle_service.cpp.o)
 .debug_aranges
                0x0000000000000a00       0x28 /home/lolren/.cache/arduino/cores/nrf54l15clean_nrf54l15clean_xiao_nrf54l15_clean_ble_trace_on_6dbf84b1ed5f75b0beb79bb4e88de263/core.a(system_nrf54l15.c.o)

.debug_ranges   0x0000000000000000     0x2c60
 .debug_ranges  0x0000000000000000       0xb0 /home/lolren/.cache/arduino/sketches/B2331C0E26E6ACE6E48102A02F83FF1E/sketch/BlePairingEncryptionStatus.ino.cpp.o
 .debug_ranges  0x00000000000000b0     0x2418 /home/lolren/.cache/arduino/sketches/B2331C0E26E6ACE6E48102A02F83FF1E/libraries/Nrf54L15-Clean-Implementation/nrf54l15_hal.cpp.o
 .debug_ranges  0x00000000000024c8       0x80 /home/lolren/.cache/arduino/sketches/B2331C0E26E6ACE6E48102A02F83FF1E/core/variant.cpp.o
 .debug_ranges  0x0000000000002548      0x1a8 /home/lolren/.cache/arduino/cores/nrf54l15clean_nrf54l15clean_xiao_nrf54l15_clean_ble_trace_on_6dbf84b1ed5f75b0beb79bb4e88de263/core.a(HardwareSerial.cpp.o)
 .debug_ranges  0x00000000000026f0      0x220 /home/lolren/.cache/arduino/cores/nrf54l15clean_nrf54l15clean_xiao_nrf54l15_clean_ble_trace_on_6dbf84b1ed5f75b0beb79bb4e88de263/core.a(Print.cpp.o)
 .debug_ranges  0x0000000000002910       0x28 /home/lolren/.cache/arduino/cores/nrf54l15clean_nrf54l15clean_xiao_nrf54l15_clean_ble_trace_on_6dbf84b1ed5f75b0beb79bb4e88de263/core.a(main.cpp.o)
 .debug_ranges  0x0000000000002938       0x28 /home/lolren/.cache/arduino/cores/nrf54l15clean_nrf54l15clean_xiao_nrf54l15_clean_ble_trace_on_6dbf84b1ed5f75b0beb79bb4e88de263/core.a(new.cpp.o)
 .debug_ranges  0x0000000000002960      0x288 /home/lolren/.cache/arduino/cores/nrf54l15clean_nrf54l15clean_xiao_nrf54l15_clean_ble_trace_on_6dbf84b1ed5f75b0beb79bb4e88de263/core.a(wiring_digital.c.o)
 .debug_ranges  0x0000000000002be8       0x50 /home/lolren/.cache/arduino/cores/nrf54l15clean_nrf54l15clean_xiao_nrf54l15_clean_ble_trace_on_6dbf84b1ed5f75b0beb79bb4e88de263/core.a(wiring_time.c.o)
 .debug_ranges  0x0000000000002c38       0x10 /home/lolren/.cache/arduino/cores/nrf54l15clean_nrf54l15clean_xiao_nrf54l15_clean_ble_trace_on_6dbf84b1ed5f75b0beb79bb4e88de263/core.a(idle_service.cpp.o)
 .debug_ranges  0x0000000000002c48       0x18 /home/lolren/.cache/arduino/cores/nrf54l15clean_nrf54l15clean_xiao_nrf54l15_clean_ble_trace_on_6dbf84b1ed5f75b0beb79bb4e88de263/core.a(system_nrf54l15.c.o)

.debug_macro    0x0000000000000000    0x6ece5
 .debug_macro   0x0000000000000000      0x49d /home/lolren/.cache/arduino/sketches/B2331C0E26E6ACE6E48102A02F83FF1E/sketch/BlePairingEncryptionStatus.ino.cpp.o
 .debug_macro   0x000000000000049d      0xc16 /home/lolren/.cache/arduino/sketches/B2331C0E26E6ACE6E48102A02F83FF1E/sketch/BlePairingEncryptionStatus.ino.cpp.o
 .debug_macro   0x00000000000010b3      0x17c /home/lolren/.cache/arduino/sketches/B2331C0E26E6ACE6E48102A02F83FF1E/sketch/BlePairingEncryptionStatus.ino.cpp.o
 .debug_macro   0x000000000000122f       0x10 /home/lolren/.cache/arduino/sketches/B2331C0E26E6ACE6E48102A02F83FF1E/sketch/BlePairingEncryptionStatus.ino.cpp.o
 .debug_macro   0x000000000000123f       0x9e /home/lolren/.cache/arduino/sketches/B2331C0E26E6ACE6E48102A02F83FF1E/sketch/BlePairingEncryptionStatus.ino.cpp.o
 .debug_macro   0x00000000000012dd       0xfd /home/lolren/.cache/arduino/sketches/B2331C0E26E6ACE6E48102A02F83FF1E/sketch/BlePairingEncryptionStatus.ino.cpp.o
 .debug_macro   0x00000000000013da      0x38b /home/lolren/.cache/arduino/sketches/B2331C0E26E6ACE6E48102A02F83FF1E/sketch/BlePairingEncryptionStatus.ino.cpp.o
 .debug_macro   0x0000000000001765       0x18 /home/lolren/.cache/arduino/sketches/B2331C0E26E6ACE6E48102A02F83FF1E/sketch/BlePairingEncryptionStatus.ino.cpp.o
 .debug_macro   0x000000000000177d       0x22 /home/lolren/.cache/arduino/sketches/B2331C0E26E6ACE6E48102A02F83FF1E/sketch/BlePairingEncryptionStatus.ino.cpp.o
 .debug_macro   0x000000000000179f       0x58 /home/lolren/.cache/arduino/sketches/B2331C0E26E6ACE6E48102A02F83FF1E/sketch/BlePairingEncryptionStatus.ino.cpp.o
 .debug_macro   0x00000000000017f7       0x18 /home/lolren/.cache/arduino/sketches/B2331C0E26E6ACE6E48102A02F83FF1E/sketch/BlePairingEncryptionStatus.ino.cpp.o
 .debug_macro   0x000000000000180f       0x94 /home/lolren/.cache/arduino/sketches/B2331C0E26E6ACE6E48102A02F83FF1E/sketch/BlePairingEncryptionStatus.ino.cpp.o
 .debug_macro   0x00000000000018a3       0x35 /home/lolren/.cache/arduino/sketches/B2331C0E26E6ACE6E48102A02F83FF1E/sketch/BlePairingEncryptionStatus.ino.cpp.o
 .debug_macro   0x00000000000018d8       0x34 /home/lolren/.cache/arduino/sketches/B2331C0E26E6ACE6E48102A02F83FF1E/sketch/BlePairingEncryptionStatus.ino.cpp.o
 .debug_macro   0x000000000000190c      0x17b /home/lolren/.cache/arduino/sketches/B2331C0E26E6ACE6E48102A02F83FF1E/sketch/BlePairingEncryptionStatus.ino.cpp.o
 .debug_macro   0x0000000000001a87       0x57 /home/lolren/.cache/arduino/sketches/B2331C0E26E6ACE6E48102A02F83FF1E/sketch/BlePairingEncryptionStatus.ino.cpp.o
 .debug_macro   0x0000000000001ade       0x58 /home/lolren/.cache/arduino/sketches/B2331C0E26E6ACE6E48102A02F83FF1E/sketch/BlePairingEncryptionStatus.ino.cpp.o
 .debug_macro   0x0000000000001b36       0x1f /home/lolren/.cache/arduino/sketches/B2331C0E26E6ACE6E48102A02F83FF1E/sketch/BlePairingEncryptionStatus.ino.cpp.o
 .debug_macro   0x0000000000001b55       0x43 /home/lolren/.cache/arduino/sketches/B2331C0E26E6ACE6E48102A02F83FF1E/sketch/BlePairingEncryptionStatus.ino.cpp.o
 .debug_macro   0x0000000000001b98       0x20 /home/lolren/.cache/arduino/sketches/B2331C0E26E6ACE6E48102A02F83FF1E/sketch/BlePairingEncryptionStatus.ino.cpp.o
 .debug_macro   0x0000000000001bb8      0x18e /home/lolren/.cache/arduino/sketches/B2331C0E26E6ACE6E48102A02F83FF1E/sketch/BlePairingEncryptionStatus.ino.cpp.o
 .debug_macro   0x0000000000001d46      0x35c /home/lolren/.cache/arduino/sketches/B2331C0E26E6ACE6E48102A02F83FF1E/sketch/BlePairingEncryptionStatus.ino.cpp.o
 .debug_macro   0x00000000000020a2      0x1da /home/lolren/.cache/arduino/sketches/B2331C0E26E6ACE6E48102A02F83FF1E/sketch/BlePairingEncryptionStatus.ino.cpp.o
 .debug_macro   0x000000000000227c       0x10 /home/lolren/.cache/arduino/sketches/B2331C0E26E6ACE6E48102A02F83FF1E/sketch/BlePairingEncryptionStatus.ino.cpp.o
 .debug_macro   0x000000000000228c       0x16 /home/lolren/.cache/arduino/sketches/B2331C0E26E6ACE6E48102A02F83FF1E/sketch/BlePairingEncryptionStatus.ino.cpp.o
 .debug_macro   0x00000000000022a2       0x35 /home/lolren/.cache/arduino/sketches/B2331C0E26E6ACE6E48102A02F83FF1E/sketch/BlePairingEncryptionStatus.ino.cpp.o
 .debug_macro   0x00000000000022d7       0x16 /home/lolren/.cache/arduino/sketches/B2331C0E26E6ACE6E48102A02F83FF1E/sketch/BlePairingEncryptionStatus.ino.cpp.o
 .debug_macro   0x00000000000022ed       0x29 /home/lolren/.cache/arduino/sketches/B2331C0E26E6ACE6E48102A02F83FF1E/sketch/BlePairingEncryptionStatus.ino.cpp.o
 .debug_macro   0x0000000000002316       0x10 /home/lolren/.cache/arduino/sketches/B2331C0E26E6ACE6E48102A02F83FF1E/sketch/BlePairingEncryptionStatus.ino.cpp.o
 .debug_macro   0x0000000000002326      0x3ce /home/lolren/.cache/arduino/sketches/B2331C0E26E6ACE6E48102A02F83FF1E/sketch/BlePairingEncryptionStatus.ino.cpp.o
 .debug_macro   0x00000000000026f4       0x16 /home/lolren/.cache/arduino/sketches/B2331C0E26E6ACE6E48102A02F83FF1E/sketch/BlePairingEncryptionStatus.ino.cpp.o
 .debug_macro   0x000000000000270a       0x1c /home/lolren/.cache/arduino/sketches/B2331C0E26E6ACE6E48102A02F83FF1E/sketch/BlePairingEncryptionStatus.ino.cpp.o
 .debug_macro   0x0000000000002726       0x6e /home/lolren/.cache/arduino/sketches/B2331C0E26E6ACE6E48102A02F83FF1E/sketch/BlePairingEncryptionStatus.ino.cpp.o
 .debug_macro   0x0000000000002794       0x28 /home/lolren/.cache/arduino/sketches/B2331C0E26E6ACE6E48102A02F83FF1E/sketch/BlePairingEncryptionStatus.ino.cpp.o
 .debug_macro   0x00000000000027bc       0x6a /home/lolren/.cache/arduino/sketches/B2331C0E26E6ACE6E48102A02F83FF1E/sketch/BlePairingEncryptionStatus.ino.cpp.o
 .debug_macro   0x0000000000002826       0x18 /home/lolren/.cache/arduino/sketches/B2331C0E26E6ACE6E48102A02F83FF1E/sketch/BlePairingEncryptionStatus.ino.cpp.o
 .debug_macro   0x000000000000283e       0x2e /home/lolren/.cache/arduino/sketches/B2331C0E26E6ACE6E48102A02F83FF1E/sketch/BlePairingEncryptionStatus.ino.cpp.o
 .debug_macro   0x000000000000286c       0x1f /home/lolren/.cache/arduino/sketches/B2331C0E26E6ACE6E48102A02F83FF1E/sketch/BlePairingEncryptionStatus.ino.cpp.o
 .debug_macro   0x000000000000288b       0x88 /home/lolren/.cache/arduino/sketches/B2331C0E26E6ACE6E48102A02F83FF1E/sketch/BlePairingEncryptionStatus.ino.cpp.o
 .debug_macro   0x0000000000002913       0x19 /home/lolren/.cache/arduino/sketches/B2331C0E26E6ACE6E48102A02F83FF1E/sketch/BlePairingEncryptionStatus.ino.cpp.o
 .debug_macro   0x000000000000292c      0x120 /home/lolren/.cache/arduino/sketches/B2331C0E26E6ACE6E48102A02F83FF1E/sketch/BlePairingEncryptionStatus.ino.cpp.o
 .debug_macro   0x0000000000002a4c       0x11 /home/lolren/.cache/arduino/sketches/B2331C0E26E6ACE6E48102A02F83FF1E/sketch/BlePairingEncryptionStatus.ino.cpp.o
 .debug_macro   0x0000000000002a5d       0x17 /home/lolren/.cache/arduino/sketches/B2331C0E26E6ACE6E48102A02F83FF1E/sketch/BlePairingEncryptionStatus.ino.cpp.o
 .debug_macro   0x0000000000002a74       0x17 /home/lolren/.cache/arduino/sketches/B2331C0E26E6ACE6E48102A02F83FF1E/sketch/BlePairingEncryptionStatus.ino.cpp.o